********************************************************************************
Obsolete PIO Core v6.1.19 is used (previous was 6.2.0)
Please remove multiple PIO Cores from a system:
https://docs.platformio.org/en/latest/core/installation/troubleshooting.html
********************************************************************************
Processing esp32-c3-supermini (platform: espressif32@6.9.0; board: esp32-c3-devkitm-1; framework: arduino)
--------------------------------------------------------------------------------
Platform Manager: Installing espressif32 @ 6.9.0
Unpacking 0% 10% 20% 30% 40% 50% 60% 70% 80% 90% 100%
Platform Manager: espressif32@6.9.0 has been installed!
Tool Manager: Installing platformio/tool-esptoolpy @ ~1.40501.0
Downloading 0% 10% 20% 30% 40% 50% 60% 70% 80% 90% 100%
Unpacking 0% 10% 20% 30% 40% 50% 60% 70% 80% 90% 100%
Tool Manager: tool-esptoolpy@1.40501.0 has been installed!
Verbose mode can be enabled via `-v, --verbose` option
CONFIGURATION: https://docs.platformio.org/page/boards/espressif32/esp32-c3-devkitm-1.html
PLATFORM: Espressif 32 (6.9.0) > Espressif ESP32-C3-DevKitM-1
HARDWARE: ESP32C3 160MHz, 320KB RAM, 4MB Flash
DEBUG: Current (cmsis-dap) External (cmsis-dap, esp-bridge, esp-builtin, esp-prog, iot-bus-jtag, jlink, minimodule, olimex-arm-usb-ocd, olimex-arm-usb-ocd-h, olimex-arm-usb-tiny-h, olimex-jtag-tiny, tumpa)
PACKAGES: 
 - framework-arduinoespressif32 @ 3.20017.241212+sha.dcc1105b 
 - tool-esptoolpy @ 1.40501.0 (4.5.1) 
 - toolchain-riscv32-esp @ 8.4.0+2021r2-patch5
LDF: Library Dependency Finder -> https://bit.ly/configure-pio-ldf
LDF Modes: Finder ~ chain, Compatibility ~ soft
Found 36 compatible libraries
Scanning dependencies...
Dependency Graph
|-- TFT_eSPI @ 2.5.43+sha.16e3759
|-- ArduinoJson @ 7.4.3
|-- HTTPClient @ 2.0.0
|-- WiFi @ 2.0.0
|-- WiFiClientSecure @ 2.0.0
Building in release mode
Compiling .pio\build\esp32-c3-supermini\src\main.cpp.o
*** [.pio\build\esp32-c3-supermini\bootloader.bin] Source `C:\Users\SHoene\.platformio\packages\framework-arduinoespressif32\tools\sdk\esp32c3\bin\bootloader_qio_80m.elf' not found, needed by target `.pio\build\esp32-c3-supermini\bootloader.bin'.
In file included from src/main.cpp:1:
C:/Users/SHoene/.platformio/packages/framework-arduinoespressif32/cores/esp32/Arduino.h:33:10: fatal error: freertos/FreeRTOS.h: No such file or directory
 #include "freertos/FreeRTOS.h"
          ^~~~~~~~~~~~~~~~~~~~~
compilation terminated.
*** [.pio\build\esp32-c3-supermini\src\main.cpp.o] Error 1
========================= [FAILED] Took 166.80 seconds =========================
