Processing esp32-c3-supermini (platform: espressif32; board: esp32-c3-devkitm-1; framework: arduino)
--------------------------------------------------------------------------------
Verbose mode can be enabled via `-v, --verbose` option
CONFIGURATION: https://docs.platformio.org/page/boards/espressif32/esp32-c3-devkitm-1.html
PLATFORM: Espressif 32 (55.3.39) > Espressif ESP32-C3-DevKitM-1
HARDWARE: ESP32C3 160MHz, 320KB RAM, 4MB Flash
DEBUG: Current (cmsis-dap) External (cmsis-dap, esp-bridge, esp-builtin, esp-prog, esp-prog-2, iot-bus-jtag, jlink, minimodule, olimex-arm-usb-ocd, olimex-arm-usb-ocd-h, olimex-arm-usb-tiny-h, olimex-jtag-tiny, tumpa)
PACKAGES: 
 - contrib-piohome @ 3.4.4 
 - framework-arduinoespressif32 @ 3.3.9 
 - framework-arduinoespressif32-libs @ 5.5.4+sha.735507283d 
 - tool-esptoolpy @ 5.3.0 
 - tool-riscv32-esp-elf-gdb @ 17.1.0+20260402 
 - toolchain-riscv32-esp @ 14.2.0+20260121
*** WARNING: Windows Long Path Support is disabled ***
*** Enable it for better performance: ***
*** 1. Run as Administrator: gpedit.msc ***
*** 2. Navigate to: Computer Configuration > Administrative Templates > System > Filesystem ***
*** 3. Enable 'Enable Win32 long paths' ***
*** OR run PowerShell as Admin: ***
*** New-ItemProperty -Path 'HKLM:\SYSTEM\CurrentControlSet\Control\FileSystem' -Name 'LongPathsEnabled' -Value 1 -PropertyType DWORD -Force ***
*** Restart required after enabling ***
LDF: Library Dependency Finder -> https://bit.ly/configure-pio-ldf
LDF Modes: Finder ~ chain, Compatibility ~ soft
Found 45 compatible libraries
Scanning dependencies...
Dependency Graph
|-- GFX Library for Arduino @ 1.6.7
|-- ArduinoJson @ 7.4.3
|-- HTTPClient @ 3.3.9
|-- Preferences @ 3.3.9
|-- WebServer @ 3.3.9
|-- WiFi @ 3.3.9
|-- NetworkClientSecure @ 3.3.9
Building in release mode
Compiling .pio\build\esp32-c3-supermini\src\main.cpp.o
Linking .pio\build\esp32-c3-supermini\firmware.elf
Memory Type Usage Summary
┌─────────────────────┬──────────────┬──────────┬────────────────┬───────────────┐
│ Memory Type/Section │ Used [bytes] │ Used [%] │ Remain [bytes] │ Total [bytes] │
├─────────────────────┼──────────────┼──────────┼────────────────┼───────────────┤
│ Flash Code          │       953202 │          │                │               │
│    .text            │       953202 │          │                │               │
│ Flash Data          │       230144 │          │                │               │
│    .rodata          │       186380 │          │                │               │
│    .eh_frame        │        43508 │          │                │               │
│    .appdesc         │          256 │          │                │               │
│ DRAM                │       104715 │    32.59 │         216581 │        321296 │
│    .text            │        65546 │     20.4 │                │               │
│    .bss             │        24704 │     7.69 │                │               │
│    .data            │        14465 │      4.5 │                │               │
└─────────────────────┴──────────────┴──────────┴────────────────┴───────────────┘
platformio.exe : Total image size: 1263357 bytes (.bin may be padded larger)
At line:1 char:414
+ ... ONUTF8="1"; & "$env:USERPROFILE\.platformio\penv\Scripts\platformio.e ...
+                 ~~~~~~~~~~~~~~~~~~~~~~~~~~~~~~~~~~~~~~~~~~~~~~~~~~~~~~~~~
    + CategoryInfo          : NotSpecified: (Total image siz... padded larger):String) [], RemoteException
    + FullyQualifiedErrorId : NativeCommandError
 
Note: The reported total sizes may be smaller than those in the technical reference manual due to reserved memory and 
application configuration. The total flash size available for the application is not included by default, as it cannot 
be reliably determined due to the presence of other data like the bootloader, partition table, and application 
partition size.
Retrieving maximum program size .pio\build\esp32-c3-supermini\firmware.elf
Checking size .pio\build\esp32-c3-supermini\firmware.elf
Advanced Memory Usage is available via "PlatformIO Home > Project Inspect"
RAM:   [=         ]  12.0% (used 39172 bytes from 327680 bytes)
Flash: [========= ]  93.0% (used 1219593 bytes from 1310720 bytes)
Building .pio\build\esp32-c3-supermini\firmware.bin
esptool v5.3.0
Creating ESP32-C3 image...
Merged 2 ELF sections.
Successfully created ESP32-C3 image.
Creating binary "firmware.factory.bin" with:
    Offset   | File
 -  0x0000   | bootloader.bin
 -  0x8000   | partitions.bin
 -  0xe000   | boot_app0.bin
 -  0x10000  | firmware.bin
Successfully created combined binary image.
========================= [SUCCESS] Took 23.40 seconds =========================
