Processing esp32-c3-supermini (platform: espressif32; board: esp32-c3-devkitm-1; framework: arduino)
--------------------------------------------------------------------------------
Tool Manager: Installing https://github.com/pioarduino/registry/releases/download/0.0.1/riscv32-esp-elf-14.2.0_20260121.zip
Unpacking 0% 10% 20%
Tool Manager: toolchain-riscv32-esp@14.2.0+20260121 has been installed!
Tool Manager: Installing file://C:\Users\SHoene\.platformio\tools\toolchain-riscv32-esp
Tool Manager: toolchain-riscv32-esp@14.2.0+20260121 has been installed!
Verbose mode can be enabled via `-v, --verbose` option
CONFIGURATION: https://docs.platformio.org/page/boards/espressif32/esp32-c3-devkitm-1.html
PLATFORM: Espressif 32 (55.3.39) > Espressif ESP32-C3-DevKitM-1
HARDWARE: ESP32C3 160MHz, 320KB RAM, 4MB Flash
DEBUG: Current (cmsis-dap) External (cmsis-dap, esp-bridge, esp-builtin, esp-prog, esp-prog-2, iot-bus-jtag, jlink, minimodule, olimex-arm-usb-ocd, olimex-arm-usb-ocd-h, olimex-arm-usb-tiny-h, olimex-jtag-tiny, tumpa)
PACKAGES: 
 - contrib-piohome @ 3.4.4 
 - framework-arduinoespressif32 @ 3.3.9 
 - framework-arduinoespressif32-libs @ 5.5.4+sha.735507283d 
 - tool-esptoolpy @ 5.3.0 
 - tool-riscv32-esp-elf-gdb @ 17.1.0+20260402 
 - toolchain-riscv32-esp @ 14.2.0+20260121
*** WARNING: Windows Long Path Support is disabled ***
*** Enable it for better performance: ***
*** 1. Run as Administrator: gpedit.msc ***
*** 2. Navigate to: Computer Configuration > Administrative Templates > System > Filesystem ***
*** 3. Enable 'Enable Win32 long paths' ***
*** OR run PowerShell as Admin: ***
*** New-ItemProperty -Path 'HKLM:\SYSTEM\CurrentControlSet\Control\FileSystem' -Name 'LongPathsEnabled' -Value 1 -PropertyType DWORD -Force ***
*** Restart required after enabling ***
LDF: Library Dependency Finder -> https://bit.ly/configure-pio-ldf
LDF Modes: Finder ~ chain, Compatibility ~ soft
Found 45 compatible libraries
Scanning dependencies...
Dependency Graph
|-- GFX Library for Arduino @ 1.6.7
|-- ArduinoJson @ 7.4.3
|-- HTTPClient @ 3.3.9
|-- WiFi @ 3.3.9
|-- NetworkClientSecure @ 3.3.9
Building in release mode
Compiling .pio\build\esp32-c3-supermini\lib2d5\SPI\SPI.cpp.o
Compiling .pio\build\esp32-c3-supermini\libea4\Wire\Wire.cpp.o
Compiling .pio\build\esp32-c3-supermini\lib1fc\GFX Library for Arduino\Arduino_DataBus.cpp.o
Compiling .pio\build\esp32-c3-supermini\lib1fc\GFX Library for Arduino\Arduino_G.cpp.o
Compiling .pio\build\esp32-c3-supermini\lib1fc\GFX Library for Arduino\Arduino_GFX.cpp.o
Compiling .pio\build\esp32-c3-supermini\lib1fc\GFX Library for Arduino\Arduino_GFX_Library.cpp.o
Compiling .pio\build\esp32-c3-supermini\lib1fc\GFX Library for Arduino\Arduino_OLED.cpp.o
Compiling .pio\build\esp32-c3-supermini\lib1fc\GFX Library for Arduino\Arduino_TFT.cpp.o
Compiling .pio\build\esp32-c3-supermini\lib1fc\GFX Library for Arduino\Arduino_TFT_18bit.cpp.o
Compiling .pio\build\esp32-c3-supermini\lib1fc\GFX Library for Arduino\canvas\Arduino_Canvas.cpp.o
Compiling .pio\build\esp32-c3-supermini\lib1fc\GFX Library for Arduino\canvas\Arduino_Canvas_3bit.cpp.o
Compiling .pio\build\esp32-c3-supermini\lib1fc\GFX Library for Arduino\canvas\Arduino_Canvas_Indexed.cpp.o
Compiling .pio\build\esp32-c3-supermini\lib1fc\GFX Library for Arduino\canvas\Arduino_Canvas_Mono.cpp.o
Compiling .pio\build\esp32-c3-supermini\lib1fc\GFX Library for Arduino\databus\Arduino_AVRPAR16.cpp.o
Compiling .pio\build\esp32-c3-supermini\lib1fc\GFX Library for Arduino\databus\Arduino_AVRPAR8.cpp.o
Compiling .pio\build\esp32-c3-supermini\lib1fc\GFX Library for Arduino\databus\Arduino_DUEPAR16.cpp.o
Compiling .pio\build\esp32-c3-supermini\lib1fc\GFX Library for Arduino\databus\Arduino_ESP32DSIPanel.cpp.o
Compiling .pio\build\esp32-c3-supermini\lib1fc\GFX Library for Arduino\databus\Arduino_ESP32LCD16.cpp.o
Compiling .pio\build\esp32-c3-supermini\lib1fc\GFX Library for Arduino\databus\Arduino_ESP32LCD8.cpp.o
Compiling .pio\build\esp32-c3-supermini\lib1fc\GFX Library for Arduino\databus\Arduino_ESP32PAR16.cpp.o
Compiling .pio\build\esp32-c3-supermini\lib1fc\GFX Library for Arduino\databus\Arduino_ESP32PAR16Q.cpp.o
Compiling .pio\build\esp32-c3-supermini\lib1fc\GFX Library for Arduino\databus\Arduino_ESP32PAR16QQ.cpp.o
Compiling .pio\build\esp32-c3-supermini\lib1fc\GFX Library for Arduino\databus\Arduino_ESP32PAR8.cpp.o
Compiling .pio\build\esp32-c3-supermini\lib1fc\GFX Library for Arduino\databus\Arduino_ESP32PAR8Q.cpp.o
Compiling .pio\build\esp32-c3-supermini\lib1fc\GFX Library for Arduino\databus\Arduino_ESP32PAR8QQ.cpp.o
Compiling .pio\build\esp32-c3-supermini\lib1fc\GFX Library for Arduino\databus\Arduino_ESP32PAR8QQQ.cpp.o
Compiling .pio\build\esp32-c3-supermini\lib1fc\GFX Library for Arduino\databus\Arduino_ESP32QSPI.cpp.o
Compiling .pio\build\esp32-c3-supermini\lib1fc\GFX Library for Arduino\databus\Arduino_ESP32RGBPanel.cpp.o
Compiling .pio\build\esp32-c3-supermini\lib1fc\GFX Library for Arduino\databus\Arduino_ESP32S2PAR16.cpp.o
Compiling .pio\build\esp32-c3-supermini\lib1fc\GFX Library for Arduino\databus\Arduino_ESP32S2PAR16Q.cpp.o
Compiling .pio\build\esp32-c3-supermini\lib1fc\GFX Library for Arduino\databus\Arduino_ESP32S2PAR8.cpp.o
Compiling .pio\build\esp32-c3-supermini\lib1fc\GFX Library for Arduino\databus\Arduino_ESP32S2PAR8Q.cpp.o
Compiling .pio\build\esp32-c3-supermini\lib1fc\GFX Library for Arduino\databus\Arduino_ESP32SPI.cpp.o
Compiling .pio\build\esp32-c3-supermini\lib1fc\GFX Library for Arduino\databus\Arduino_ESP32SPIDMA.cpp.o
Compiling .pio\build\esp32-c3-supermini\lib1fc\GFX Library for Arduino\databus\Arduino_ESP8266SPI.cpp.o
Compiling .pio\build\esp32-c3-supermini\lib1fc\GFX Library for Arduino\databus\Arduino_HWSPI.cpp.o
Compiling .pio\build\esp32-c3-supermini\lib1fc\GFX Library for Arduino\databus\Arduino_NRFXSPI.cpp.o
Compiling .pio\build\esp32-c3-supermini\lib1fc\GFX Library for Arduino\databus\Arduino_RPiPicoPAR16.cpp.o
Compiling .pio\build\esp32-c3-supermini\lib1fc\GFX Library for Arduino\databus\Arduino_RPiPicoPAR8.cpp.o
Compiling .pio\build\esp32-c3-supermini\lib1fc\GFX Library for Arduino\databus\Arduino_RPiPicoSPI.cpp.o
Compiling .pio\build\esp32-c3-supermini\lib1fc\GFX Library for Arduino\databus\Arduino_RTLPAR8.cpp.o
Compiling .pio\build\esp32-c3-supermini\lib1fc\GFX Library for Arduino\databus\Arduino_STM32PAR8.cpp.o
Compiling .pio\build\esp32-c3-supermini\lib1fc\GFX Library for Arduino\databus\Arduino_SWPAR16.cpp.o
Compiling .pio\build\esp32-c3-supermini\lib1fc\GFX Library for Arduino\databus\Arduino_SWPAR8.cpp.o
Compiling .pio\build\esp32-c3-supermini\lib1fc\GFX Library for Arduino\databus\Arduino_SWSPI.cpp.o
Compiling .pio\build\esp32-c3-supermini\lib1fc\GFX Library for Arduino\databus\Arduino_UNOPAR8.cpp.o
Compiling .pio\build\esp32-c3-supermini\lib1fc\GFX Library for Arduino\databus\Arduino_Wire.cpp.o
Compiling .pio\build\esp32-c3-supermini\lib1fc\GFX Library for Arduino\databus\Arduino_XCA9554SWSPI.cpp.o
Compiling .pio\build\esp32-c3-supermini\lib1fc\GFX Library for Arduino\databus\Arduino_XL9535SWSPI.cpp.o
Compiling .pio\build\esp32-c3-supermini\lib1fc\GFX Library for Arduino\databus\Arduino_mbedSPI.cpp.o
Compiling .pio\build\esp32-c3-supermini\lib1fc\GFX Library for Arduino\display\Arduino_AXS15231B.cpp.o
Compiling .pio\build\esp32-c3-supermini\lib1fc\GFX Library for Arduino\display\Arduino_CO5300.cpp.o
Compiling .pio\build\esp32-c3-supermini\lib1fc\GFX Library for Arduino\display\Arduino_DSI_Display.cpp.o
Compiling .pio\build\esp32-c3-supermini\lib1fc\GFX Library for Arduino\display\Arduino_GC9106.cpp.o
Compiling .pio\build\esp32-c3-supermini\lib1fc\GFX Library for Arduino\display\Arduino_GC9107.cpp.o
Compiling .pio\build\esp32-c3-supermini\lib1fc\GFX Library for Arduino\display\Arduino_GC9A01.cpp.o
Compiling .pio\build\esp32-c3-supermini\lib1fc\GFX Library for Arduino\display\Arduino_GC9C01.cpp.o
Compiling .pio\build\esp32-c3-supermini\lib1fc\GFX Library for Arduino\display\Arduino_GC9D01.cpp.o
Compiling .pio\build\esp32-c3-supermini\lib1fc\GFX Library for Arduino\display\Arduino_HX8347C.cpp.o
Compiling .pio\build\esp32-c3-supermini\lib1fc\GFX Library for Arduino\display\Arduino_HX8347D.cpp.o
Compiling .pio\build\esp32-c3-supermini\lib1fc\GFX Library for Arduino\display\Arduino_HX8352C.cpp.o
Compiling .pio\build\esp32-c3-supermini\lib1fc\GFX Library for Arduino\display\Arduino_HX8357A.cpp.o
Compiling .pio\build\esp32-c3-supermini\lib1fc\GFX Library for Arduino\display\Arduino_HX8357B.cpp.o
Compiling .pio\build\esp32-c3-supermini\lib1fc\GFX Library for Arduino\display\Arduino_HX8369A.cpp.o
Compiling .pio\build\esp32-c3-supermini\lib1fc\GFX Library for Arduino\display\Arduino_ILI9225.cpp.o
Compiling .pio\build\esp32-c3-supermini\lib1fc\GFX Library for Arduino\display\Arduino_ILI9331.cpp.o
Compiling .pio\build\esp32-c3-supermini\lib1fc\GFX Library for Arduino\display\Arduino_ILI9341.cpp.o
Compiling .pio\build\esp32-c3-supermini\lib1fc\GFX Library for Arduino\display\Arduino_ILI9342.cpp.o
Compiling .pio\build\esp32-c3-supermini\lib1fc\GFX Library for Arduino\display\Arduino_ILI9481_18bit.cpp.o
Compiling .pio\build\esp32-c3-supermini\lib1fc\GFX Library for Arduino\display\Arduino_ILI9486.cpp.o
Compiling .pio\build\esp32-c3-supermini\lib1fc\GFX Library for Arduino\display\Arduino_ILI9486_18bit.cpp.o
Compiling .pio\build\esp32-c3-supermini\lib1fc\GFX Library for Arduino\display\Arduino_ILI9488.cpp.o
Compiling .pio\build\esp32-c3-supermini\lib1fc\GFX Library for Arduino\display\Arduino_ILI9488_18bit.cpp.o
Compiling .pio\build\esp32-c3-supermini\lib1fc\GFX Library for Arduino\display\Arduino_ILI9488_3bit.cpp.o
Compiling .pio\build\esp32-c3-supermini\lib1fc\GFX Library for Arduino\display\Arduino_ILI9806.cpp.o
Compiling .pio\build\esp32-c3-supermini\lib1fc\GFX Library for Arduino\display\Arduino_JBT6K71.cpp.o
Compiling .pio\build\esp32-c3-supermini\lib1fc\GFX Library for Arduino\display\Arduino_JD9613.cpp.o
Compiling .pio\build\esp32-c3-supermini\lib1fc\GFX Library for Arduino\display\Arduino_NT35310.cpp.o
Compiling .pio\build\esp32-c3-supermini\lib1fc\GFX Library for Arduino\display\Arduino_NT35510.cpp.o
Compiling .pio\build\esp32-c3-supermini\lib1fc\GFX Library for Arduino\display\Arduino_NT39125.cpp.o
Compiling .pio\build\esp32-c3-supermini\lib1fc\GFX Library for Arduino\display\Arduino_NV3007.cpp.o
Compiling .pio\build\esp32-c3-supermini\lib1fc\GFX Library for Arduino\display\Arduino_NV3023.cpp.o
Compiling .pio\build\esp32-c3-supermini\lib1fc\GFX Library for Arduino\display\Arduino_NV3041A.cpp.o
Compiling .pio\build\esp32-c3-supermini\lib1fc\GFX Library for Arduino\display\Arduino_OTM8009A.cpp.o
Compiling .pio\build\esp32-c3-supermini\lib1fc\GFX Library for Arduino\display\Arduino_R61529.cpp.o
Compiling .pio\build\esp32-c3-supermini\lib1fc\GFX Library for Arduino\display\Arduino_RGB_Display.cpp.o
Compiling .pio\build\esp32-c3-supermini\lib1fc\GFX Library for Arduino\display\Arduino_RM67162.cpp.o
Compiling .pio\build\esp32-c3-supermini\lib1fc\GFX Library for Arduino\display\Arduino_RM690B0.cpp.o
Compiling .pio\build\esp32-c3-supermini\lib1fc\GFX Library for Arduino\display\Arduino_SEPS525.cpp.o
Compiling .pio\build\esp32-c3-supermini\lib1fc\GFX Library for Arduino\display\Arduino_SH1106.cpp.o
Compiling .pio\build\esp32-c3-supermini\lib1fc\GFX Library for Arduino\display\Arduino_SH8601.cpp.o
Compiling .pio\build\esp32-c3-supermini\lib1fc\GFX Library for Arduino\display\Arduino_SPD2010.cpp.o
Compiling .pio\build\esp32-c3-supermini\lib1fc\GFX Library for Arduino\display\Arduino_SSD1283A.cpp.o
Compiling .pio\build\esp32-c3-supermini\lib1fc\GFX Library for Arduino\display\Arduino_SSD1306.cpp.o
Compiling .pio\build\esp32-c3-supermini\lib1fc\GFX Library for Arduino\display\Arduino_SSD1331.cpp.o
Compiling .pio\build\esp32-c3-supermini\lib1fc\GFX Library for Arduino\display\Arduino_SSD1351.cpp.o
Compiling .pio\build\esp32-c3-supermini\lib1fc\GFX Library for Arduino\display\Arduino_SSD1357.cpp.o
Compiling .pio\build\esp32-c3-supermini\lib1fc\GFX Library for Arduino\display\Arduino_ST7735.cpp.o
Compiling .pio\build\esp32-c3-supermini\lib1fc\GFX Library for Arduino\display\Arduino_ST7789.cpp.o
Compiling .pio\build\esp32-c3-supermini\lib1fc\GFX Library for Arduino\display\Arduino_ST77916.cpp.o
Compiling .pio\build\esp32-c3-supermini\lib1fc\GFX Library for Arduino\display\Arduino_ST7796.cpp.o
Compiling .pio\build\esp32-c3-supermini\lib1fc\GFX Library for Arduino\display\Arduino_WEA2012.cpp.o
Compiling .pio\build\esp32-c3-supermini\lib65e\Network\NetworkClient.cpp.o
Compiling .pio\build\esp32-c3-supermini\lib65e\Network\NetworkEvents.cpp.o
Compiling .pio\build\esp32-c3-supermini\lib65e\Network\NetworkInterface.cpp.o
Compiling .pio\build\esp32-c3-supermini\lib65e\Network\NetworkManager.cpp.o
Compiling .pio\build\esp32-c3-supermini\lib65e\Network\NetworkServer.cpp.o
Compiling .pio\build\esp32-c3-supermini\lib65e\Network\NetworkUdp.cpp.o
Compiling .pio\build\esp32-c3-supermini\lib191\NetworkClientSecure\NetworkClientSecure.cpp.o
Compiling .pio\build\esp32-c3-supermini\lib191\NetworkClientSecure\ssl_client.cpp.o
Compiling .pio\build\esp32-c3-supermini\lib301\HTTPClient\HTTPClient.cpp.o
Compiling .pio\build\esp32-c3-supermini\lib636\WiFi\AP.cpp.o
Compiling .pio\build\esp32-c3-supermini\lib636\WiFi\STA.cpp.o
Compiling .pio\build\esp32-c3-supermini\lib636\WiFi\WiFi.cpp.o
Compiling .pio\build\esp32-c3-supermini\lib636\WiFi\WiFiAP.cpp.o
Compiling .pio\build\esp32-c3-supermini\lib636\WiFi\WiFiGeneric.cpp.o
Compiling .pio\build\esp32-c3-supermini\lib636\WiFi\WiFiMulti.cpp.o
Compiling .pio\build\esp32-c3-supermini\lib636\WiFi\WiFiSTA.cpp.o
Compiling .pio\build\esp32-c3-supermini\lib636\WiFi\WiFiScan.cpp.o
Compiling .pio\build\esp32-c3-supermini\src\main.cpp.o
Building .pio\build\esp32-c3-supermini\bootloader.bin
esptool v5.3.0
Creating ESP32-C3 image...
Merged 2 ELF sections.
Successfully created ESP32-C3 image.
Generating partitions .pio\build\esp32-c3-supermini\partitions.bin
Compiling .pio\build\esp32-c3-supermini\FrameworkArduino\ColorFormat.c.o
Compiling .pio\build\esp32-c3-supermini\FrameworkArduino\Esp.cpp.o
Compiling .pio\build\esp32-c3-supermini\FrameworkArduino\FirmwareMSC.cpp.o
Compiling .pio\build\esp32-c3-supermini\FrameworkArduino\FunctionalInterrupt.cpp.o
Compiling .pio\build\esp32-c3-supermini\FrameworkArduino\HEXBuilder.cpp.o
Compiling .pio\build\esp32-c3-supermini\FrameworkArduino\HWCDC.cpp.o
Compiling .pio\build\esp32-c3-supermini\FrameworkArduino\HardwareSerial.cpp.o
Compiling .pio\build\esp32-c3-supermini\FrameworkArduino\HashBuilder.cpp.o
Compiling .pio\build\esp32-c3-supermini\FrameworkArduino\IPAddress.cpp.o
Compiling .pio\build\esp32-c3-supermini\FrameworkArduino\MD5Builder.cpp.o
Compiling .pio\build\esp32-c3-supermini\FrameworkArduino\MacAddress.cpp.o
Compiling .pio\build\esp32-c3-supermini\FrameworkArduino\Print.cpp.o
Compiling .pio\build\esp32-c3-supermini\FrameworkArduino\Stream.cpp.o
Compiling .pio\build\esp32-c3-supermini\FrameworkArduino\StreamString.cpp.o
Compiling .pio\build\esp32-c3-supermini\FrameworkArduino\StringUtils.cpp.o
Compiling .pio\build\esp32-c3-supermini\FrameworkArduino\Tone.cpp.o
Compiling .pio\build\esp32-c3-supermini\FrameworkArduino\USB.cpp.o
Compiling .pio\build\esp32-c3-supermini\FrameworkArduino\USBCDC.cpp.o
Compiling .pio\build\esp32-c3-supermini\FrameworkArduino\USBMSC.cpp.o
Compiling .pio\build\esp32-c3-supermini\FrameworkArduino\WMath.cpp.o
Compiling .pio\build\esp32-c3-supermini\FrameworkArduino\WString.cpp.o
Compiling .pio\build\esp32-c3-supermini\FrameworkArduino\base64.cpp.o
Compiling .pio\build\esp32-c3-supermini\FrameworkArduino\cbuf.cpp.o
Compiling .pio\build\esp32-c3-supermini\FrameworkArduino\chip-debug-report.cpp.o
Compiling .pio\build\esp32-c3-supermini\FrameworkArduino\esp32-hal-adc.c.o
Compiling .pio\build\esp32-c3-supermini\FrameworkArduino\esp32-hal-bt.c.o
Compiling .pio\build\esp32-c3-supermini\FrameworkArduino\esp32-hal-cpu.c.o
Compiling .pio\build\esp32-c3-supermini\FrameworkArduino\esp32-hal-dac.c.o
Compiling .pio\build\esp32-c3-supermini\FrameworkArduino\esp32-hal-gpio.c.o
Compiling .pio\build\esp32-c3-supermini\FrameworkArduino\esp32-hal-hosted.c.o
Compiling .pio\build\esp32-c3-supermini\FrameworkArduino\esp32-hal-i2c-ng.c.o
Compiling .pio\build\esp32-c3-supermini\FrameworkArduino\esp32-hal-i2c-slave.c.o
Compiling .pio\build\esp32-c3-supermini\FrameworkArduino\esp32-hal-i2c.c.o
Compiling .pio\build\esp32-c3-supermini\FrameworkArduino\esp32-hal-ldo.c.o
Compiling .pio\build\esp32-c3-supermini\FrameworkArduino\esp32-hal-ledc.c.o
Compiling .pio\build\esp32-c3-supermini\FrameworkArduino\esp32-hal-log-wrapper.c.o
Compiling .pio\build\esp32-c3-supermini\FrameworkArduino\esp32-hal-matrix.c.o
Compiling .pio\build\esp32-c3-supermini\FrameworkArduino\esp32-hal-misc.c.o
Compiling .pio\build\esp32-c3-supermini\FrameworkArduino\esp32-hal-periman.c.o
Compiling .pio\build\esp32-c3-supermini\FrameworkArduino\esp32-hal-psram.c.o
Compiling .pio\build\esp32-c3-supermini\FrameworkArduino\esp32-hal-rgb-led.c.o
Compiling .pio\build\esp32-c3-supermini\FrameworkArduino\esp32-hal-rmt.c.o
Compiling .pio\build\esp32-c3-supermini\FrameworkArduino\esp32-hal-sigmadelta.c.o
Compiling .pio\build\esp32-c3-supermini\FrameworkArduino\esp32-hal-spi.c.o
Compiling .pio\build\esp32-c3-supermini\FrameworkArduino\esp32-hal-time.c.o
Compiling .pio\build\esp32-c3-supermini\FrameworkArduino\esp32-hal-timer.c.o
Compiling .pio\build\esp32-c3-supermini\FrameworkArduino\esp32-hal-tinyusb.c.o
platformio.exe : src/main.cpp: In function 'void renderWeather(const WeatherData&, bool)':
At line:1 char:414
+ ... ONUTF8="1"; & "$env:USERPROFILE\.platformio\penv\Scripts\platformio.e ...
+                 ~~~~~~~~~~~~~~~~~~~~~~~~~~~~~~~~~~~~~~~~~~~~~~~~~~~~~~~~~
    + CategoryInfo          : NotSpecified: (src/main.cpp: I...rData&, bool)'::String) [], RemoteException
    + FullyQualifiedErrorId : NativeCommandError
 
src/main.cpp:146:19: error: 'BLACK' was not declared in this scope
  146 |   gfx->fillScreen(BLACK);
      |                   ^~~~~
src/main.cpp:148:43: error: 'DARKGREY' was not declared in this scope
  148 |   gfx->fillRoundRect(12, 12, 216, 42, 12, DARKGREY);
      |                                           ^~~~~~~~
src/main.cpp:149:21: error: 'WHITE' was not declared in this scope; did you mean 'FWRITE'?
  149 |   gfx->setTextColor(WHITE, DARKGREY);
      |                     ^~~~~
      |                     FWRITE
src/main.cpp:152:44: error: 'NAVY' was not declared in this scope
  152 |   gfx->fillRoundRect(18, 66, 204, 120, 18, NAVY);
      |                                            ^~~~
src/main.cpp:153:21: error: 'CYAN' was not declared in this scope
  153 |   gfx->setTextColor(CYAN, NAVY);
      |                     ^~~~
src/main.cpp:171:33: error: 'DARKGREEN' was not declared in this scope
  171 |   drawInfoTile(18, 196, 90, 42, DARKGREEN, "HUM", humText, 1, 2, WHITE, GREENYELLOW);
      |                                 ^~~~~~~~~
src/main.cpp:171:73: error: 'GREENYELLOW' was not declared in this scope
  171 |   drawInfoTile(18, 196, 90, 42, DARKGREEN, "HUM", humText, 1, 2, WHITE, GREENYELLOW);
      |                                                                         ^~~~~~~~~~~
src/main.cpp:179:35: error: 'DARKCYAN' was not declared in this scope
  179 |   drawInfoTile(120, 196, 102, 42, DARKCYAN, "PRESS", pressText, 1, 2, WHITE, SKYBLUE);
      |                                   ^~~~~~~~
src/main.cpp:179:78: error: 'SKYBLUE' was not declared in this scope
  179 |   drawInfoTile(120, 196, 102, 42, DARKCYAN, "PRESS", pressText, 1, 2, WHITE, SKYBLUE);
      |                                                                              ^~~~~~~
src/main.cpp:187:75: error: 'ORANGE' was not declared in this scope; did you mean 'ERANGE'?
  187 |   drawInfoTile(18, 148, 204, 38, DARKGREY, "WIND", windText, 1, 2, WHITE, ORANGE);
      |                                                                           ^~~~~~
      |                                                                           ERANGE
src/main.cpp: In function 'void setup()':
src/main.cpp:199:19: error: 'BLACK' was not declared in this scope
  199 |   gfx->fillScreen(BLACK);
      |                   ^~~~~
src/main.cpp:202:21: error: 'WHITE' was not declared in this scope; did you mean 'FWRITE'?
  202 |   gfx->setTextColor(WHITE, BLACK);
      |                     ^~~~~
      |                     FWRITE
*** [.pio\build\esp32-c3-supermini\src\main.cpp.o] Error 1
========================= [FAILED] Took 299.67 seconds =========================
