********************************************************************************
Obsolete PIO Core v6.1.19 is used (previous was 6.2.0)
Please remove multiple PIO Cores from a system:
https://docs.platformio.org/en/latest/core/installation/troubleshooting.html
********************************************************************************
Processing esp32-c3-supermini (platform: espressif32; board: esp32-c3-devkitm-1; framework: arduino)
--------------------------------------------------------------------------------
Removing unused dependencies...
idf_tools.py installation failed (rc=1). Tail:
ERROR: MSys/Mingw is not supported. Please follow the getting started guide of the documentation to set up a supported environment
error: Distribution not found at: file:///C:/Users/SHoene/.platformio/packages/tool-esptoolpy
idf_tools.py installation failed (rc=1). Tail:
ERROR: MSys/Mingw is not supported. Please follow the getting started guide of the documentation to set up a supported environment
Warning: Failed to install esptool from C:\Users\SHoene\.platformio\packages\tool-esptoolpy (exit 2)
Verbose mode can be enabled via `-v, --verbose` option
idf_tools.py installation failed (rc=1). Tail:
ERROR: MSys/Mingw is not supported. Please follow the getting started guide of the documentation to set up a supported environment
CONFIGURATION: https://docs.platformio.org/page/boards/espressif32/esp32-c3-devkitm-1.html
PLATFORM: Espressif 32 (55.3.39) > Espressif ESP32-C3-DevKitM-1
HARDWARE: ESP32C3 160MHz, 320KB RAM, 4MB Flash
DEBUG: Current (cmsis-dap) External (cmsis-dap, esp-bridge, esp-builtin, esp-prog, esp-prog-2, iot-bus-jtag, jlink, minimodule, olimex-arm-usb-ocd, olimex-arm-usb-ocd-h, olimex-arm-usb-tiny-h, olimex-jtag-tiny, tumpa)
PACKAGES: 
 - contrib-piohome @ 3.4.4 
 - framework-arduinoespressif32 @ 3.3.9 
 - framework-arduinoespressif32-libs @ 5.5.4+sha.735507283d 
 - tool-esptoolpy @ 5.3.0 
 - tool-riscv32-esp-elf-gdb @ 17.1.0+20260402 
 - toolchain-riscv32-esp @ 14.2.0+20260121
*** WARNING: Windows Long Path Support is disabled ***
*** Enable it for better performance: ***
*** 1. Run as Administrator: gpedit.msc ***
*** 2. Navigate to: Computer Configuration > Administrative Templates > System > Filesystem ***
*** 3. Enable 'Enable Win32 long paths' ***
*** OR run PowerShell as Admin: ***
*** New-ItemProperty -Path 'HKLM:\SYSTEM\CurrentControlSet\Control\FileSystem' -Name 'LongPathsEnabled' -Value 1 -PropertyType DWORD -Force ***
*** Restart required after enabling ***
LDF: Library Dependency Finder -> https://bit.ly/configure-pio-ldf
LDF Modes: Finder ~ chain, Compatibility ~ soft
Found 45 compatible libraries
Scanning dependencies...
Dependency Graph
|-- GFX Library for Arduino @ 1.6.7
|-- ArduinoJson @ 7.4.3
|-- HTTPClient @ 3.3.9
|-- WiFi @ 3.3.9
|-- NetworkClientSecure @ 3.3.9
Building in release mode
Compiling .pio\build\esp32-c3-supermini\lib2d5\SPI\SPI.cpp.o
'riscv32-esp-elf-g++' is not recognized as an internal or external command,
operable program or batch file.
Compiling .pio\build\esp32-c3-supermini\libea4\Wire\Wire.cpp.o
*** [.pio\build\esp32-c3-supermini\lib2d5\SPI\SPI.cpp.o] Error 1
'riscv32-esp-elf-g++' is not recognized as an internal or external command,
operable program or batch file.
*** [.pio\build\esp32-c3-supermini\libea4\Wire\Wire.cpp.o] Error 1
========================= [FAILED] Took 386.14 seconds =========================
