Processing esp32-c3-supermini (platform: espressif32; board: esp32-c3-devkitm-1; framework: arduino)
--------------------------------------------------------------------------------
Verbose mode can be enabled via `-v, --verbose` option
CONFIGURATION: https://docs.platformio.org/page/boards/espressif32/esp32-c3-devkitm-1.html
PLATFORM: Espressif 32 (55.3.39) > Espressif ESP32-C3-DevKitM-1
HARDWARE: ESP32C3 160MHz, 320KB RAM, 4MB Flash
DEBUG: Current (cmsis-dap) External (cmsis-dap, esp-bridge, esp-builtin, esp-prog, esp-prog-2, iot-bus-jtag, jlink, minimodule, olimex-arm-usb-ocd, olimex-arm-usb-ocd-h, olimex-arm-usb-tiny-h, olimex-jtag-tiny, tumpa)
PACKAGES: 
 - contrib-piohome @ 3.4.4 
 - framework-arduinoespressif32 @ 3.3.9 
 - framework-arduinoespressif32-libs @ 5.5.4+sha.735507283d 
 - tool-esptoolpy @ 5.3.0 
 - tool-riscv32-esp-elf-gdb @ 17.1.0+20260402 
 - toolchain-riscv32-esp @ 14.2.0+20260121
*** WARNING: Windows Long Path Support is disabled ***
*** Enable it for better performance: ***
*** 1. Run as Administrator: gpedit.msc ***
*** 2. Navigate to: Computer Configuration > Administrative Templates > System > Filesystem ***
*** 3. Enable 'Enable Win32 long paths' ***
*** OR run PowerShell as Admin: ***
*** New-ItemProperty -Path 'HKLM:\SYSTEM\CurrentControlSet\Control\FileSystem' -Name 'LongPathsEnabled' -Value 1 -PropertyType DWORD -Force ***
*** Restart required after enabling ***
LDF: Library Dependency Finder -> https://bit.ly/configure-pio-ldf
LDF Modes: Finder ~ chain, Compatibility ~ soft
Found 45 compatible libraries
Scanning dependencies...
Dependency Graph
|-- GFX Library for Arduino @ 1.6.7
|-- ArduinoJson @ 7.4.3
|-- HTTPClient @ 3.3.9
|-- WiFi @ 3.3.9
|-- NetworkClientSecure @ 3.3.9
Building in release mode
Retrieving maximum program size .pio\build\esp32-c3-supermini\firmware.elf
Checking size .pio\build\esp32-c3-supermini\firmware.elf
Advanced Memory Usage is available via "PlatformIO Home > Project Inspect"
RAM:   [=         ]  11.8% (used 38668 bytes from 327680 bytes)
Flash: [========= ]  89.8% (used 1177143 bytes from 1310720 bytes)
Configuring upload protocol...
AVAILABLE: cmsis-dap, esp-bridge, esp-builtin, esp-prog, esp-prog-2, espota, esptool, iot-bus-jtag, jlink, minimodule, olimex-arm-usb-ocd, olimex-arm-usb-ocd-h, olimex-arm-usb-tiny-h, olimex-jtag-tiny, tumpa
CURRENT: upload_protocol = esptool
Looking for upload port...
Uploading .pio\build\esp32-c3-supermini\firmware.bin
esptool v5.3.0
Serial port COM3:
Connecting...
Connected to ESP32-C3 on COM3:
Chip type:          ESP32-C3 (QFN32) (revision v0.4)
Features:           Wi-Fi, BT 5 (LE), Single Core, 160MHz, Embedded Flash 4MB (XMC)
Crystal frequency:  40MHz
USB mode:           USB-Serial/JTAG
MAC:                9c:cc:01:7c:35:84

Uploading stub flasher...
Running stub flasher...
Stub flasher running.
Changing baud rate to 460800...
Changed.

Configuring flash size...
Auto-detected flash size: 4MB

Writing 'C:\Users\SHoene\Documents\PlatformIO\Projects\weather\.pio\build\esp32-c3-supermini\bootloader.bin' at 0x00000000...
SHA digest in image updated.
Flash will be erased from 0x00000000 to 0x00004fff...
Compressed 19520 bytes to 12705...

Writing at 0x00000000 [░░░░░░░░░░░░░░░░░░░░░░░░░░░░░░]   0.0% 0/12705 bytes... 

Writing at 0x00004c40 [██████████████████████████████] 100.0% 12705/12705 bytes... 
Wrote 19520 bytes (12705 compressed) at 0x00000000 in 0.2 seconds (1036.9 kbit/s).
Verifying written data...
Hash of data verified.

Writing 'C:\Users\SHoene\Documents\PlatformIO\Projects\weather\.pio\build\esp32-c3-supermini\partitions.bin' at 0x00008000...
Flash will be erased from 0x00008000 to 0x00008fff...
Compressed 3072 bytes to 146...

Writing at 0x00008000 [░░░░░░░░░░░░░░░░░░░░░░░░░░░░░░]   0.0% 0/146 bytes... 

Writing at 0x00008c00 [██████████████████████████████] 100.0% 146/146 bytes... 
Wrote 3072 bytes (146 compressed) at 0x00008000 in 0.0 seconds (3383.9 kbit/s).
Verifying written data...
Hash of data verified.

Writing 'C:\Users\SHoene\.platformio\packages\framework-arduinoespressif32\tools\partitions\boot_app0.bin' at 0x0000e000...
Flash will be erased from 0x0000e000 to 0x0000ffff...
Compressed 8192 bytes to 47...

Writing at 0x0000e000 [░░░░░░░░░░░░░░░░░░░░░░░░░░░░░░]   0.0% 0/47 bytes... 

Writing at 0x00010000 [██████████████████████████████] 100.0% 47/47 bytes... 
Wrote 8192 bytes (47 compressed) at 0x0000e000 in 0.0 seconds (2088.8 kbit/s).
Verifying written data...
Hash of data verified.

Writing '.pio\build\esp32-c3-supermini\firmware.bin' at 0x00010000...
Flash will be erased from 0x00010000 to 0x00138fff...
Compressed 1214224 bytes to 732525...

Writing at 0x00010000 [░░░░░░░░░░░░░░░░░░░░░░░░░░░░░░]   0.0% 0/732525 bytes... 

Writing at 0x0001d48b [░░░░░░░░░░░░░░░░░░░░░░░░░░░░░░]   2.2% 16384/732525 bytes... 

Writing at 0x0002aece [█░░░░░░░░░░░░░░░░░░░░░░░░░░░░░]   4.5% 32768/732525 bytes... 

Writing at 0x000345dd [██░░░░░░░░░░░░░░░░░░░░░░░░░░░░]   6.7% 49152/732525 bytes... 

Writing at 0x0003c516 [██░░░░░░░░░░░░░░░░░░░░░░░░░░░░]   8.9% 65536/732525 bytes... 

Writing at 0x00046db0 [███░░░░░░░░░░░░░░░░░░░░░░░░░░░]  11.2% 81920/732525 bytes... 

Writing at 0x0004cc82 [████░░░░░░░░░░░░░░░░░░░░░░░░░░]  13.4% 98304/732525 bytes... 

Writing at 0x0005333b [████░░░░░░░░░░░░░░░░░░░░░░░░░░]  15.7% 114688/732525 bytes... 

Writing at 0x00059e14 [█████░░░░░░░░░░░░░░░░░░░░░░░░░]  17.9% 131072/732525 bytes... 

Writing at 0x0006029a [██████░░░░░░░░░░░░░░░░░░░░░░░░]  20.1% 147456/732525 bytes... 

Writing at 0x000666b5 [██████░░░░░░░░░░░░░░░░░░░░░░░░]  22.4% 163840/732525 bytes... 

Writing at 0x0006dbad [███████░░░░░░░░░░░░░░░░░░░░░░░]  24.6% 180224/732525 bytes... 

Writing at 0x00073baf [████████░░░░░░░░░░░░░░░░░░░░░░]  26.8% 196608/732525 bytes... 

Writing at 0x0007a0e8 [████████░░░░░░░░░░░░░░░░░░░░░░]  29.1% 212992/732525 bytes... 

Writing at 0x00080372 [█████████░░░░░░░░░░░░░░░░░░░░░]  31.3% 229376/732525 bytes... 

Writing at 0x000863b8 [██████████░░░░░░░░░░░░░░░░░░░░]  33.5% 245760/732525 bytes... 

Writing at 0x0008c67b [██████████░░░░░░░░░░░░░░░░░░░░]  35.8% 262144/732525 bytes... 

Writing at 0x00092888 [███████████░░░░░░░░░░░░░░░░░░░]  38.0% 278528/732525 bytes... 

Writing at 0x00098770 [████████████░░░░░░░░░░░░░░░░░░]  40.3% 294912/732525 bytes... 

Writing at 0x0009e8cb [████████████░░░░░░░░░░░░░░░░░░]  42.5% 311296/732525 bytes... 

Writing at 0x000a41de [█████████████░░░░░░░░░░░░░░░░░]  44.7% 327680/732525 bytes... 

Writing at 0x000a9a1c [██████████████░░░░░░░░░░░░░░░░]  47.0% 344064/732525 bytes... 

Writing at 0x000af3e0 [██████████████░░░░░░░░░░░░░░░░]  49.2% 360448/732525 bytes... 

Writing at 0x000b4ff1 [███████████████░░░░░░░░░░░░░░░]  51.4% 376832/732525 bytes... 

Writing at 0x000bb51c [████████████████░░░░░░░░░░░░░░]  53.7% 393216/732525 bytes... 

Writing at 0x000c0c35 [████████████████░░░░░░░░░░░░░░]  55.9% 409600/732525 bytes... 

Writing at 0x000c6430 [█████████████████░░░░░░░░░░░░░]  58.2% 425984/732525 bytes... 

Writing at 0x000cbf52 [██████████████████░░░░░░░░░░░░]  60.4% 442368/732525 bytes... 

Writing at 0x000d226c [██████████████████░░░░░░░░░░░░]  62.6% 458752/732525 bytes... 

Writing at 0x000d7ced [███████████████████░░░░░░░░░░░]  64.9% 475136/732525 bytes... 

Writing at 0x000dd8e3 [████████████████████░░░░░░░░░░]  67.1% 491520/732525 bytes... 

Writing at 0x000e36b4 [████████████████████░░░░░░░░░░]  69.3% 507904/732525 bytes... 

Writing at 0x000e9078 [█████████████████████░░░░░░░░░]  71.6% 524288/732525 bytes... 

Writing at 0x000ef4a0 [██████████████████████░░░░░░░░]  73.8% 540672/732525 bytes... 

Writing at 0x000f59fe [██████████████████████░░░░░░░░]  76.0% 557056/732525 bytes... 

Writing at 0x000fbb2b [███████████████████████░░░░░░░]  78.3% 573440/732525 bytes... 

Writing at 0x00101d85 [████████████████████████░░░░░░]  80.5% 589824/732525 bytes... 

Writing at 0x00107d8a [████████████████████████░░░░░░]  82.8% 606208/732525 bytes... 

Writing at 0x0010e054 [█████████████████████████░░░░░]  85.0% 622592/732525 bytes... 

Writing at 0x00113fed [██████████████████████████░░░░]  87.2% 638976/732525 bytes... 

Writing at 0x0011a023 [██████████████████████████░░░░]  89.5% 655360/732525 bytes... 

Writing at 0x00121e26 [███████████████████████████░░░]  91.7% 671744/732525 bytes... 

Writing at 0x00127493 [████████████████████████████░░]  93.9% 688128/732525 bytes... 

Writing at 0x0012dd85 [████████████████████████████░░]  96.2% 704512/732525 bytes... 

Writing at 0x00133f07 [█████████████████████████████░]  98.4% 720896/732525 bytes... 

Writing at 0x00138710 [██████████████████████████████] 100.0% 732525/732525 bytes... 
Wrote 1214224 bytes (732525 compressed) at 0x00010000 in 4.1 seconds (2391.2 kbit/s).
Verifying written data...
Hash of data verified.

Hard resetting via RTS pin...
--- Terminal on COM3 | 115200 8-N-1
--- Available filters and text transformations: debug, default, direct, esp32_exception_decoder, hexlify, log2file, nocontrol, printable, send_on_enter, time
--- More details at https://bit.ly/pio-monitor-filters
--- Quit: Ctrl+C | Menu: Ctrl+T | Help: Ctrl+T followed by Ctrl+H
Booting...
Calling gfx->begin()...
gfx->begin() returned
fillScreen done
drawString done
Connecting to WiFi "The Guest Family"...........
WiFi connected, IP=192.168.0.19
Failed to discover observation station
Setup complete
JSON parse failed for https://api.weather.gov/gridpoints/JAX/76,62/stations: IncompleteInput
