Processing esp32-c3-supermini (platform: espressif32; board: esp32-c3-devkitm-1; framework: arduino)
--------------------------------------------------------------------------------
Verbose mode can be enabled via `-v, --verbose` option
CONFIGURATION: https://docs.platformio.org/page/boards/espressif32/esp32-c3-devkitm-1.html
PLATFORM: Espressif 32 (55.3.39) > Espressif ESP32-C3-DevKitM-1
HARDWARE: ESP32C3 160MHz, 320KB RAM, 4MB Flash
DEBUG: Current (cmsis-dap) External (cmsis-dap, esp-bridge, esp-builtin, esp-prog, esp-prog-2, iot-bus-jtag, jlink, minimodule, olimex-arm-usb-ocd, olimex-arm-usb-ocd-h, olimex-arm-usb-tiny-h, olimex-jtag-tiny, tumpa)
PACKAGES: 
 - contrib-piohome @ 3.4.4 
 - framework-arduinoespressif32 @ 3.3.9 
 - framework-arduinoespressif32-libs @ 5.5.4+sha.735507283d 
 - tool-esptoolpy @ 5.3.0 
 - tool-riscv32-esp-elf-gdb @ 17.1.0+20260402 
 - toolchain-riscv32-esp @ 14.2.0+20260121
*** WARNING: Windows Long Path Support is disabled ***
*** Enable it for better performance: ***
*** 1. Run as Administrator: gpedit.msc ***
*** 2. Navigate to: Computer Configuration > Administrative Templates > System > Filesystem ***
*** 3. Enable 'Enable Win32 long paths' ***
*** OR run PowerShell as Admin: ***
*** New-ItemProperty -Path 'HKLM:\SYSTEM\CurrentControlSet\Control\FileSystem' -Name 'LongPathsEnabled' -Value 1 -PropertyType DWORD -Force ***
*** Restart required after enabling ***
LDF: Library Dependency Finder -> https://bit.ly/configure-pio-ldf
LDF Modes: Finder ~ chain, Compatibility ~ soft
Found 45 compatible libraries
Scanning dependencies...
Dependency Graph
|-- GFX Library for Arduino @ 1.6.7
|-- ArduinoJson @ 7.4.3
|-- HTTPClient @ 3.3.9
|-- Preferences @ 3.3.9
|-- WebServer @ 3.3.9
|-- WiFi @ 3.3.9
|-- NetworkClientSecure @ 3.3.9
Building in release mode
Retrieving maximum program size .pio\build\esp32-c3-supermini\firmware.elf
Checking size .pio\build\esp32-c3-supermini\firmware.elf
Advanced Memory Usage is available via "PlatformIO Home > Project Inspect"
RAM:   [=         ]  12.0% (used 39172 bytes from 327680 bytes)
Flash: [========= ]  93.0% (used 1219593 bytes from 1310720 bytes)
Configuring upload protocol...
AVAILABLE: cmsis-dap, esp-bridge, esp-builtin, esp-prog, esp-prog-2, espota, esptool, iot-bus-jtag, jlink, minimodule, olimex-arm-usb-ocd, olimex-arm-usb-ocd-h, olimex-arm-usb-tiny-h, olimex-jtag-tiny, tumpa
CURRENT: upload_protocol = esptool
Looking for upload port...
Uploading .pio\build\esp32-c3-supermini\firmware.bin
esptool v5.3.0
Serial port COM3:
Connecting...
Connected to ESP32-C3 on COM3:
Chip type:          ESP32-C3 (QFN32) (revision v0.4)
Features:           Wi-Fi, BT 5 (LE), Single Core, 160MHz, Embedded Flash 4MB (XMC)
Crystal frequency:  40MHz
USB mode:           USB-Serial/JTAG
MAC:                9c:cc:01:7c:35:84

Uploading stub flasher...
Running stub flasher...
Stub flasher running.
Changing baud rate to 460800...
Changed.

Configuring flash size...
Auto-detected flash size: 4MB

Writing 'C:\Users\SHoene\Documents\PlatformIO\Projects\weather\.pio\build\esp32-c3-supermini\bootloader.bin' at 0x00000000...
SHA digest in image updated.
Flash will be erased from 0x00000000 to 0x00004fff...
Compressed 19520 bytes to 12705...

Writing at 0x00000000 [░░░░░░░░░░░░░░░░░░░░░░░░░░░░░░]   0.0% 0/12705 bytes... 

Writing at 0x00004c40 [██████████████████████████████] 100.0% 12705/12705 bytes... 
Wrote 19520 bytes (12705 compressed) at 0x00000000 in 0.2 seconds (1004.2 kbit/s).
Verifying written data...
Hash of data verified.

Writing 'C:\Users\SHoene\Documents\PlatformIO\Projects\weather\.pio\build\esp32-c3-supermini\partitions.bin' at 0x00008000...
Flash will be erased from 0x00008000 to 0x00008fff...
Compressed 3072 bytes to 146...

Writing at 0x00008000 [░░░░░░░░░░░░░░░░░░░░░░░░░░░░░░]   0.0% 0/146 bytes... 

Writing at 0x00008c00 [██████████████████████████████] 100.0% 146/146 bytes... 
Wrote 3072 bytes (146 compressed) at 0x00008000 in 0.0 seconds (4395.3 kbit/s).
Verifying written data...
Hash of data verified.

Writing 'C:\Users\SHoene\.platformio\packages\framework-arduinoespressif32\tools\partitions\boot_app0.bin' at 0x0000e000...
Flash will be erased from 0x0000e000 to 0x0000ffff...
Compressed 8192 bytes to 47...

Writing at 0x0000e000 [░░░░░░░░░░░░░░░░░░░░░░░░░░░░░░]   0.0% 0/47 bytes... 

Writing at 0x00010000 [██████████████████████████████] 100.0% 47/47 bytes... 
Wrote 8192 bytes (47 compressed) at 0x0000e000 in 0.0 seconds (1898.0 kbit/s).
Verifying written data...
Hash of data verified.

Writing '.pio\build\esp32-c3-supermini\firmware.bin' at 0x00010000...
Flash will be erased from 0x00010000 to 0x00144fff...
Compressed 1263504 bytes to 761122...

Writing at 0x00010000 [░░░░░░░░░░░░░░░░░░░░░░░░░░░░░░]   0.0% 0/761122 bytes... 

Writing at 0x0001d062 [░░░░░░░░░░░░░░░░░░░░░░░░░░░░░░]   2.2% 16384/761122 bytes... 

Writing at 0x0002afa2 [█░░░░░░░░░░░░░░░░░░░░░░░░░░░░░]   4.3% 32768/761122 bytes... 

Writing at 0x00034a1d [█░░░░░░░░░░░░░░░░░░░░░░░░░░░░░]   6.5% 49152/761122 bytes... 

Writing at 0x0003c851 [██░░░░░░░░░░░░░░░░░░░░░░░░░░░░]   8.6% 65536/761122 bytes... 

Writing at 0x00045f38 [███░░░░░░░░░░░░░░░░░░░░░░░░░░░]  10.8% 81920/761122 bytes... 

Writing at 0x0004e485 [███░░░░░░░░░░░░░░░░░░░░░░░░░░░]  12.9% 98304/761122 bytes... 

Writing at 0x00054763 [████░░░░░░░░░░░░░░░░░░░░░░░░░░]  15.1% 114688/761122 bytes... 

Writing at 0x0005b0bc [█████░░░░░░░░░░░░░░░░░░░░░░░░░]  17.2% 131072/761122 bytes... 

Writing at 0x00061329 [█████░░░░░░░░░░░░░░░░░░░░░░░░░]  19.4% 147456/761122 bytes... 

Writing at 0x00067619 [██████░░░░░░░░░░░░░░░░░░░░░░░░]  21.5% 163840/761122 bytes... 

Writing at 0x0006dd39 [███████░░░░░░░░░░░░░░░░░░░░░░░]  23.7% 180224/761122 bytes... 

Writing at 0x00075092 [███████░░░░░░░░░░░░░░░░░░░░░░░]  25.8% 196608/761122 bytes... 

Writing at 0x0007b28c [████████░░░░░░░░░░░░░░░░░░░░░░]  28.0% 212992/761122 bytes... 

Writing at 0x0008170c [█████████░░░░░░░░░░░░░░░░░░░░░]  30.1% 229376/761122 bytes... 

Writing at 0x000877ea [█████████░░░░░░░░░░░░░░░░░░░░░]  32.3% 245760/761122 bytes... 

Writing at 0x0008d89c [██████████░░░░░░░░░░░░░░░░░░░░]  34.4% 262144/761122 bytes... 

Writing at 0x00093d3b [██████████░░░░░░░░░░░░░░░░░░░░]  36.6% 278528/761122 bytes... 

Writing at 0x00099ef7 [███████████░░░░░░░░░░░░░░░░░░░]  38.7% 294912/761122 bytes... 

Writing at 0x0009fe64 [████████████░░░░░░░░░░░░░░░░░░]  40.9% 311296/761122 bytes... 

Writing at 0x000a5f64 [████████████░░░░░░░░░░░░░░░░░░]  43.1% 327680/761122 bytes... 

Writing at 0x000ab70e [█████████████░░░░░░░░░░░░░░░░░]  45.2% 344064/761122 bytes... 

Writing at 0x000b0f82 [██████████████░░░░░░░░░░░░░░░░]  47.4% 360448/761122 bytes... 

Writing at 0x000b68f8 [██████████████░░░░░░░░░░░░░░░░]  49.5% 376832/761122 bytes... 

Writing at 0x000bc71b [███████████████░░░░░░░░░░░░░░░]  51.7% 393216/761122 bytes... 

Writing at 0x000c2b03 [████████████████░░░░░░░░░░░░░░]  53.8% 409600/761122 bytes... 

Writing at 0x000c80fb [████████████████░░░░░░░░░░░░░░]  56.0% 425984/761122 bytes... 

Writing at 0x000cd958 [█████████████████░░░░░░░░░░░░░]  58.1% 442368/761122 bytes... 

Writing at 0x000d3482 [██████████████████░░░░░░░░░░░░]  60.3% 458752/761122 bytes... 

Writing at 0x000d9743 [██████████████████░░░░░░░░░░░░]  62.4% 475136/761122 bytes... 

Writing at 0x000df2c1 [███████████████████░░░░░░░░░░░]  64.6% 491520/761122 bytes... 

Writing at 0x000e4f5f [████████████████████░░░░░░░░░░]  66.7% 507904/761122 bytes... 

Writing at 0x000eaba6 [████████████████████░░░░░░░░░░]  68.9% 524288/761122 bytes... 

Writing at 0x000f064a [█████████████████████░░░░░░░░░]  71.0% 540672/761122 bytes... 

Writing at 0x000f69d8 [█████████████████████░░░░░░░░░]  73.2% 557056/761122 bytes... 

Writing at 0x000fcefb [██████████████████████░░░░░░░░]  75.3% 573440/761122 bytes... 

Writing at 0x001030dc [███████████████████████░░░░░░░]  77.5% 589824/761122 bytes... 

Writing at 0x00109345 [███████████████████████░░░░░░░]  79.6% 606208/761122 bytes... 

Writing at 0x0010f3fb [████████████████████████░░░░░░]  81.8% 622592/761122 bytes... 

Writing at 0x0011577b [█████████████████████████░░░░░]  84.0% 638976/761122 bytes... 

Writing at 0x0011b66b [█████████████████████████░░░░░]  86.1% 655360/761122 bytes... 

Writing at 0x0012179b [██████████████████████████░░░░]  88.3% 671744/761122 bytes... 

Writing at 0x0012967c [███████████████████████████░░░]  90.4% 688128/761122 bytes... 

Writing at 0x0012eaa8 [███████████████████████████░░░]  92.6% 704512/761122 bytes... 

Writing at 0x0013522e [████████████████████████████░░]  94.7% 720896/761122 bytes... 

Writing at 0x0013b58f [█████████████████████████████░]  96.9% 737280/761122 bytes... 

Writing at 0x00141a6c [█████████████████████████████░]  99.0% 753664/761122 bytes... 

Writing at 0x00144790 [██████████████████████████████] 100.0% 761122/761122 bytes... 
Wrote 1263504 bytes (761122 compressed) at 0x00010000 in 4.1 seconds (2437.5 kbit/s).
Verifying written data...
Hash of data verified.

Hard resetting via RTS pin...
--- Terminal on COM3 | 115200 8-N-1
--- Available filters and text transformations: debug, default, direct, esp32_exception_decoder, hexlify, log2file, nocontrol, printable, send_on_enter, time
--- More details at https://bit.ly/pio-monitor-filters
--- Quit: Ctrl+C | Menu: Ctrl+T | Help: Ctrl+T followed by Ctrl+H
Booting...
Calling gfx->begin()...
gfx->begin() returned
fillScreen done
drawString done
[  1778][E][Preferences.cpp:506] getString(): nvs_get_str len fail: list NOT_FOUND
Connecting to WiFi "The Guest Family"........
WiFi connected, IP=192.168.0.19
GET https://api.weather.gov/points/30.2419,-81.3901 -> code=200
Parsed doc: {"properties":{"observationStations":"https://api.weather.gov/gridpoints/JAX/76,62/stations"}}
GET https://api.weather.gov/gridpoints/JAX/76,62/stations -> code=200, found=1
Using station: KCRG
GET https://api.weather.gov/stations/KCRG/observations/latest -> code=200
Parsed doc: {"properties":{"textDescription":"Heavy Thunderstorms and Heavy Rain and Fog","temperature":{"value":23.3},"windSpeed":{"value":20.52},"barometricPressure":{"value":101760},"relativeHumidity":{"value":93.54760435}}}
Notes web server started at http://192.168.0.19/
Setup complete
GET https://api.weather.gov/stations/KCRG/observations/latest -> code=200
Parsed doc: {"properties":{"textDescription":"Heavy Thunderstorms and Heavy Rain and Fog","temperature":{"value":23.3},"windSpeed":{"value":20.52},"barometricPressure":{"value":101760},"relativeHumidity":{"value":93.54760435}}}
GET https://api.weather.gov/stations/KCRG/observations/latest -> code=200
Parsed doc: {"properties":{"textDescription":"Heavy Thunderstorms and Heavy Rain and Fog","temperature":{"value":23.3},"windSpeed":{"value":20.52},"barometricPressure":{"value":101760},"relativeHumidity":{"value":93.54760435}}}
