********************************************************************************
Obsolete PIO Core v6.1.19 is used (previous was 6.2.0)
Please remove multiple PIO Cores from a system:
https://docs.platformio.org/en/latest/core/installation/troubleshooting.html
********************************************************************************
--- Terminal on COM3 | 115200 8-N-1
--- Available filters and text transformations: debug, default, direct, esp32_exception_decoder, hexlify, log2file, nocontrol, printable, send_on_enter, time
--- More details at https://bit.ly/pio-monitor-filters
--- Quit: Ctrl+C | Menu: Ctrl+T | Help: Ctrl+T followed by Ctrl+H
Booting...
Guru Meditation Error: Core  0 panic'ed (Store access fault). Exception was unhandled.

Core  0 register dump:
MEPC    : 0x42005630  RA      : 0x42003268  SP      : 0x3fca3740  GP      : 0x3fc90a00  
TP      : 0x3fca3820  T0      : 0x4005890e  T1      : 0x000000ef  T2      : 0x00000000  
S0/FP   : 0x3fc9b494  S1      : 0x3fc9a000  A0      : 0x3fc9b494  A1      : 0x00000000  
A2      : 0x00000000  A3      : 0x000000f0  A4      : 0x000000f0  A5      : 0x0000f7df  
A6      : 0x00000000  A7      : 0x00000000  S2      : 0x00000000  S3      : 0x00000000  
S4      : 0x00000000  S5      : 0x3fc94000  S6      : 0x3fc94000  S7      : 0x00000000  
S8      : 0x00000000  S9      : 0x00000000  S10     : 0x00000000  S11     : 0x00000000  
T3      : 0x000000ef  T4      : 0x000000f0  T5      : 0x000000f0  T6      : 0x0000000f  
MSTATUS : 0x00001881  MTVEC   : 0x40380001  MCAUSE  : 0x00000007  MTVAL   : 0x00000000  
MHARTID : 0x00000000  

Stack memory:
3fca3740: 0x00001800 0x3fc9a000 0x0001c200 0x0000f7df 0x000000f0 0x000000f0 0x00000000 0x00000000
3fca3760: 0x00000000 0x3fc9a000 0x3fc9a000 0x4201d3aa 0x00000000 0x00000000 0x00000001 0x00000001
3fca3780: 0x3fc9a000 0x3fc9a000 0x00000001 0x600c0028 0x00000000 0x00000000 0x00000000 0x00000000
3fca37a0: 0x00000000 0x00000000 0x00000000 0x00000000 0x00000000 0x00000000 0x00000000 0xdb528466
3fca37c0: 0x00000000 0x00000000 0x00000000 0x00000000 0x00000000 0x00000000 0x00000000 0x420266ee
3fca37e0: 0x00000000 0x00000000 0x00000000 0x40388088 0x00000000 0x00000000 0x00000000 0x00000000
3fca3800: 0x00000000 0x00000000 0x00000000 0x00000000 0x00000000 0xa5a5a5a5 0xa5a5a5a5 0xa5a5a5a5
3fca3820: 0xa5a5a5a5 0xbaad5678 0x82405a21 0x9ad7badb 0x295e0966 0x6992e468 0xda67c199 0x51207081
3fca3840: 0x35035738 0xcf0be697 0xb24ae5b1 0xaabb6dff 0x22a60250 0x800e2017 0xf4bbc887 0xb8068a20
3fca3860: 0xf5ee9bfb 0xff7fd979 0x68a6f918 0xed06a5d2 0x24404261 0xa8aea207 0xfe7a91f5 0x40012230
3fca3880: 0xfc7d6aac 0x3957b539 0xd75c4420 0x4f66da1f 0x2610570f 0xb930d62a 0xffb797ab 0xdc483252
3fca38a0: 0xa1fbf3e9 0x4f268b2d 0x320024c6 0x99ffff6b 0x20088138 0xd8ca4422 0x6fb8a32f 0x2a28fa19
3fca38c0: 0xf73fcbfd 0x38f2c7de 0x064e12c5 0xbedfe35f 0x41780b88 0x81d91657 0x95ddfd0e 0x13e2a183
3fca38e0: 0xba7dffb2 0xdffdcff5 0x180c04a2 0x779ecf34 0x4012c19f 0x205c88e8 0xfada9fe7 0x0319804c
3fca3900: 0xfad1bebf 0xc7ed3d3a 0x191526d5 0x01050df7 0x48074a04 0x38590600 0xffdf84de 0x111c8106
3fca3920: 0xf7a774ef 0x73debebd 0x0a92892c 0x28d27833 0x04a05800 0x00d3d010 0xffeedd6a 0x8820a0a0
3fca3940: 0xb74fbefb 0xcf3d6aab 0x22011ae0 0xcfbdf3bb 0x0cc2c043 0x1a044448 0xeff6c9bf 0x92064414
3fca3960: 0xe5df9bb3 0xdfeee7bc 0x42406c01 0xff7b373d 0x21112466 0xe041b298 0xd3e2b3fc 0x117f1eaa
3fca3980: 0x388d63fc 0x3fca1780 0x00000170 0xabba1234 0x0000015c 0x3fca36b0 0x002e39be 0x3fc9e400
3fca39a0: 0x3fc94634 0x3fca3994 0x3fc9462c 0x00000018 0x3fca3d2c 0x3fca3d2c 0x3fca3994 0x00000000
3fca39c0: 0x00000001 0x3fca1790 0x706f6f6c 0x6b736154 0x00000000 0x00000000 0x3fca3780 0x00000005
3fca39e0: 0x00000000 0x00000001 0x00000000 0x3fca7de0 0x4202e640 0x00c96261 0x0000000b 0x3fc9aba4
3fca3a00: 0x3fc9ac0c 0x3fc9ac74 0x00000000 0x00000000 0x00000001 0x00000000 0x3fca1814 0x00000170
3fca3a20: 0xabba1234 0x0000015c 0x3fca3660 0x000006d4 0x3fc9466c 0x3fc9466c 0x3fca3a28 0x3fc94664
3fca3a40: 0x00000018 0x00000000 0x00000000 0x3fca3a28 0x00000000 0x00000001 0x3fca1824 0x706f6f6c
3fca3a60: 0x6b736154 0x00000000 0x00000000 0x3fca3820 0x00000005 0x00000000 0x00000001 0x00000000
3fca3a80: 0x00000000 0x00000000 0x0000035b 0x00000000 0x3fc9abd4 0x3fc9ac3c 0x3fc9aca4 0x00000000
3fca3aa0: 0x00000000 0x00000001 0x00000000 0x00000000 0x00000000 0x4202fe14 0x00000000 0x00000000
3fca3ac0: 0x00000000 0x00000000 0x00000000 0x00000000 0x00000000 0x00000000 0x00000000 0x00000000
3fca3ae0: 0x00000000 0x00000000 0x00000000 0x00000000 0x00000000 0x00000000 0x00000000 0x00000000
3fca3b00: 0x00000000 0x00000000 0x00000000 0x00000000 0x00000000 0x00000000 0x00000000 0x00000000
3fca3b20: 0x00000000 0x00000000 0x00000000 0x00000000 0x00000000 0x00000000 0x00000000 0x00000000



ELF file SHA256: 8f52ccaff

Rebooting...
ESP-ROM:esp32c3-api1-20210207
Build:Feb  7 2021
rst:0xc (RTC_SW_CPU_RST),boot:0xd (SPI_FAST_FLASH_BOOT)
Saved PC:0x40386cca
SPIWP:0xee
mode:DIO, clock div:1
load:0x3fcd5820,len:0x110c
load:0x403cbf10,len:0xb54
load:0x403ce710,len:0x2f8c
entry 0x403cbf10
Booting...
Guru Meditation Error: Core  0 panic'ed (Store access fault). Exception was unhandled.

Core  0 register dump:
MEPC    : 0x42005630  RA      : 0x42003268  SP      : 0x3fca3740  GP      : 0x3fc90a00  
TP      : 0x3fca3820  T0      : 0x4005890e  T1      : 0x000000ef  T2      : 0x00000000  
S0/FP   : 0x3fc9b494  S1      : 0x3fc9a000  A0      : 0x3fc9b494  A1      : 0x00000000  
A2      : 0x00000000  A3      : 0x000000f0  A4      : 0x000000f0  A5      : 0x0000f7df  
A6      : 0x00000000  A7      : 0x00000000  S2      : 0x00000000  S3      : 0x00000000  
S4      : 0x00000000  S5      : 0x3fc94000  S6      : 0x3fc94000  S7      : 0x00000000  
S8      : 0x00000000  S9      : 0x00000000  S10     : 0x00000000  S11     : 0x00000000  
T3      : 0x000000ef  T4      : 0x000000f0  T5      : 0x000000f0  T6      : 0x0000000f  
MSTATUS : 0x00001881  MTVEC   : 0x40380001  MCAUSE  : 0x00000007  MTVAL   : 0x00000000  
MHARTID : 0x00000000  

Stack memory:
3fca3740: 0x00001800 0x3fc9a000 0x0001c200 0x0000f7df 0x000000f0 0x000000f0 0x00000000 0x00000000
3fca3760: 0x00000014 0x3fc9a000 0x3fc9a000 0x4201d3aa 0x00000000 0x00000000 0x00000001 0x00000001
3fca3780: 0x3fc9a000 0x3fc9a000 0x00000001 0x600c0028 0x00000000 0x00000000 0x00000000 0x00000000
3fca37a0: 0x00000000 0x00000000 0x00000000 0x00000000 0x00000000 0x00000000 0x00000000 0x55ff3591
3fca37c0: 0x00000000 0x00000000 0x00000000 0x00000000 0x00000000 0x00000000 0x00000000 0x420266ee
3fca37e0: 0x00000000 0x00000000 0x00000000 0x40388088 0x00000000 0x00000000 0x00000000 0x00000000
3fca3800: 0x00000000 0x00000000 0x00000000 0x00000000 0x00000000 0xa5a5a5a5 0xa5a5a5a5 0xa5a5a5a5
3fca3820: 0xa5a5a5a5 0xbaad5678 0x82405a21 0x9ad7badb 0x295e0966 0x6992e468 0xda67c199 0x51207081
3fca3840: 0x35035738 0xcf0be697 0xb24ae5b1 0xaabb6dff 0x22a60250 0x800e2017 0xf4bbc887 0xb8068a20
3fca3860: 0xf5ee9bfb 0xff7fd979 0x68a6f918 0xed06a5d2 0x24404261 0xa8aea207 0xfe7a91f5 0x40012230
3fca3880: 0xfc7d6aac 0x3957b539 0xd75c4420 0x4f66da1f 0x2610570f 0xb930d62a 0xffb797ab 0xdc483252
3fca38a0: 0xa1fbf3e9 0x4f268b2d 0x320024c6 0x99ffff6b 0x20088138 0xd8ca4422 0x6fb8a32f 0x2a28fa19
3fca38c0: 0xf73fcbfd 0x38f2c7de 0x064e12c5 0xbedfe35f 0x41780b88 0x81d91657 0x95ddfd0e 0x13e2a183
3fca38e0: 0xba7dffb2 0xdffdcff5 0x180c04a2 0x779ecf34 0x4012c19f 0x205c88e8 0xfada9fe7 0x0319804c
3fca3900: 0xfad1bebf 0xc7ed3d3a 0x191526d5 0x01050df7 0x48074a04 0x38590600 0xffdf84de 0x111c8106
3fca3920: 0xf7a774ef 0x73debebd 0x0a92892c 0x28d27833 0x04a05800 0x00d3d010 0xffeedd6a 0x8820a0a0
3fca3940: 0xb74fbefb 0xcf3d6aab 0x22011ae0 0xcfbdf3bb 0x0cc2c043 0x1a044448 0xeff6c9bf 0x92064414
3fca3960: 0xe5df9bb3 0xdfeee7bc 0x42406c01 0xff7b373d 0x21112466 0xe041b298 0xd3e2b3fc 0x117f1eaa
3fca3980: 0x388d63fc 0x3fca1780 0x00000170 0xabba1234 0x0000015c 0x3fca36b0 0x002e39be 0x3fc9e400
3fca39a0: 0x3fc94634 0x3fca3994 0x3fc9462c 0x00000018 0x3fca3d2c 0x3fca3d2c 0x3fca3994 0x00000000
3fca39c0: 0x00000001 0x3fca1790 0x706f6f6c 0x6b736154 0x00000000 0x00000000 0x3fca3780 0x00000005
3fca39e0: 0x00000000 0x00000001 0x00000000 0x3fca7de0 0x4202e640 0x00c96261 0x0000000b 0x3fc9aba4
3fca3a00: 0x3fc9ac0c 0x3fc9ac74 0x00000000 0x00000000 0x00000001 0x00000000 0x3fca1814 0x00000170
3fca3a20: 0xabba1234 0x0000015c 0x3fca3660 0x000006d4 0x3fc9466c 0x3fc9466c 0x3fca3a28 0x3fc94664
3fca3a40: 0x00000018 0x00000000 0x00000000 0x3fca3a28 0x00000000 0x00000001 0x3fca1824 0x706f6f6c
3fca3a60: 0x6b736154 0x00000000 0x00000000 0x3fca3820 0x00000005 0x00000000 0x00000001 0x00000000
3fca3a80: 0x00000000 0x00000000 0x00000359 0x00000000 0x3fc9abd4 0x3fc9ac3c 0x3fc9aca4 0x00000000
3fca3aa0: 0x00000000 0x00000001 0x00000000 0x00000000 0x00000000 0x4202fe14 0x00000000 0x00000000
3fca3ac0: 0x00000000 0x00000000 0x00000000 0x00000000 0x00000000 0x00000000 0x00000000 0x00000000
3fca3ae0: 0x00000000 0x00000000 0x00000000 0x00000000 0x00000000 0x00000000 0x00000000 0x00000000
3fca3b00: 0x00000000 0x00000000 0x00000000 0x00000000 0x00000000 0x00000000 0x00000000 0x00000000
3fca3b20: 0x00000000 0x00000000 0x00000000 0x00000000 0x00000000 0x00000000 0x00000000 0x00000000



ELF file SHA256: 8f52ccaff

Rebooting...
ESP-ROM:esp32c3-api1-20210207
Build:Feb  7 2021
rst:0xc (RTC_SW_CPU_RST),boot:0xd (SPI_FAST_FLASH_BOOT)
Saved PC:0x40386cca
SPIWP:0xee
mode:DIO, clock div:1
load:0x3fcd5820,len:0x110c
load:0x403cbf10,len:0xb54
load:0x403ce710,len:0x2f8c
entry 0x403cbf10
Booting...
Guru Meditation Error: Core  0 panic'ed (Store access fault). Exception was unhandled.

Core  0 register dump:
MEPC    : 0x42005630  RA      : 0x42003268  SP      : 0x3fca3740  GP      : 0x3fc90a00  
TP      : 0x3fca3820  T0      : 0x4005890e  T1      : 0x000000ef  T2      : 0x00000000  
S0/FP   : 0x3fc9b494  S1      : 0x3fc9a000  A0      : 0x3fc9b494  A1      : 0x00000000  
A2      : 0x00000000  A3      : 0x000000f0  A4      : 0x000000f0  A5      : 0x0000f7df  
A6      : 0x00000000  A7      : 0x00000000  S2      : 0x00000000  S3      : 0x00000000  
S4      : 0x00000000  S5      : 0x3fc94000  S6      : 0x3fc94000  S7      : 0x00000000  
S8      : 0x00000000  S9      : 0x00000000  S10     : 0x00000000  S11     : 0x00000000  
T3      : 0x000000ef  T4      : 0x000000f0  T5      : 0x000000f0  T6      : 0x0000000f  
MSTATUS : 0x00001881  MTVEC   : 0x40380001  MCAUSE  : 0x00000007  MTVAL   : 0x00000000  
MHARTID : 0x00000000  

Stack memory:
3fca3740: 0x00001800 0x3fc9a000 0x0001c200 0x0000f7df 0x000000f0 0x000000f0 0x00000000 0x00000000
3fca3760: 0x00000014 0x3fc9a000 0x3fc9a000 0x4201d3aa 0x00000000 0x00000000 0x00000001 0x00000001
3fca3780: 0x3fc9a000 0x3fc9a000 0x00000001 0x600c0028 0x00000000 0x00000000 0x00000000 0x00000000
3fca37a0: 0x00000000 0x00000000 0x00000000 0x00000000 0x00000000 0x00000000 0x00000000 0x8518c17d
3fca37c0: 0x00000000 0x00000000 0x00000000 0x00000000 0x00000000 0x00000000 0x00000000 0x420266ee
3fca37e0: 0x00000000 0x00000000 0x00000000 0x40388088 0x00000000 0x00000000 0x00000000 0x00000000
3fca3800: 0x00000000 0x00000000 0x00000000 0x00000000 0x00000000 0xa5a5a5a5 0xa5a5a5a5 0xa5a5a5a5
3fca3820: 0xa5a5a5a5 0xbaad5678 0x82405a21 0x9ad7badb 0x295e0966 0x6992e468 0xda67c199 0x51207081
3fca3840: 0x35035738 0xcf0be697 0xb24ae5b1 0xaabb6dff 0x22a60250 0x800e2017 0xf4bbc887 0xb8068a20
3fca3860: 0xf5ee9bfb 0xff7fd979 0x68a6f918 0xed06a5d2 0x24404261 0xa8aea207 0xfe7a91f5 0x40012230
3fca3880: 0xfc7d6aac 0x3957b539 0xd75c4420 0x4f66da1f 0x2610570f 0xb930d62a 0xffb797ab 0xdc483252
3fca38a0: 0xa1fbf3e9 0x4f268b2d 0x320024c6 0x99ffff6b 0x20088138 0xd8ca4422 0x6fb8a32f 0x2a28fa19
3fca38c0: 0xf73fcbfd 0x38f2c7de 0x064e12c5 0xbedfe35f 0x41780b88 0x81d91657 0x95ddfd0e 0x13e2a183
3fca38e0: 0xba7dffb2 0xdffdcff5 0x180c04a2 0x779ecf34 0x4012c19f 0x205c88e8 0xfada9fe7 0x0319804c
3fca3900: 0xfad1bebf 0xc7ed3d3a 0x191526d5 0x01050df7 0x48074a04 0x38590600 0xffdf84de 0x111c8106
3fca3920: 0xf7a774ef 0x73debebd 0x0a92892c 0x28d27833 0x04a05800 0x00d3d010 0xffeedd6a 0x8820a0a0
3fca3940: 0xb74fbefb 0xcf3d6aab 0x22011ae0 0xcfbdf3bb 0x0cc2c043 0x1a044448 0xeff6c9bf 0x92064414
3fca3960: 0xe5df9bb3 0xdfeee7bc 0x42406c01 0xff7b373d 0x21112466 0xe041b298 0xd3e2b3fc 0x117f1eaa
3fca3980: 0x388d63fc 0x3fca1780 0x00000170 0xabba1234 0x0000015c 0x3fca36b0 0x002e39be 0x3fc9e400
3fca39a0: 0x3fc94634 0x3fca3994 0x3fc9462c 0x00000018 0x3fca3d2c 0x3fca3d2c 0x3fca3994 0x00000000
3fca39c0: 0x00000001 0x3fca1790 0x706f6f6c 0x6b736154 0x00000000 0x00000000 0x3fca3780 0x00000005
3fca39e0: 0x00000000 0x00000001 0x00000000 0x3fca7de0 0x4202e640 0x00c96261 0x0000000b 0x3fc9aba4
3fca3a00: 0x3fc9ac0c 0x3fc9ac74 0x00000000 0x00000000 0x00000001 0x00000000 0x3fca1814 0x00000170
3fca3a20: 0xabba1234 0x0000015c 0x3fca3660 0x000006d4 0x3fc9466c 0x3fc9466c 0x3fca3a28 0x3fc94664
3fca3a40: 0x00000018 0x00000000 0x00000000 0x3fca3a28 0x00000000 0x00000001 0x3fca1824 0x706f6f6c
3fca3a60: 0x6b736154 0x00000000 0x00000000 0x3fca3820 0x00000005 0x00000000 0x00000001 0x00000000
3fca3a80: 0x00000000 0x00000000 0x00000357 0x00000000 0x3fc9abd4 0x3fc9ac3c 0x3fc9aca4 0x00000000
3fca3aa0: 0x00000000 0x00000001 0x00000000 0x00000000 0x00000000 0x4202fe14 0x00000000 0x00000000
3fca3ac0: 0x00000000 0x00000000 0x00000000 0x00000000 0x00000000 0x00000000 0x00000000 0x00000000
3fca3ae0: 0x00000000 0x00000000 0x00000000 0x00000000 0x00000000 0x00000000 0x00000000 0x00000000
3fca3b00: 0x00000000 0x00000000 0x00000000 0x00000000 0x00000000 0x00000000 0x00000000 0x00000000
3fca3b20: 0x00000000 0x00000000 0x00000000 0x00000000 0x00000000 0x00000000 0x00000000 0x00000000



ELF file SHA256: 8f52ccaff

Rebooting...
ESP-ROM:esp32c3-api1-20210207
Build:Feb  7 2021
rst:0xc (RTC_SW_CPU_RST),boot:0xd (SPI_FAST_FLASH_BOOT)
Saved PC:0x40386cca
SPIWP:0xee
mode:DIO, clock div:1
load:0x3fcd5820,len:0x110c
load:0x403cbf10,len:0xb54
load:0x403ce710,len:0x2f8c
entry 0x403cbf10
Booting...
Guru Meditation Error: Core  0 panic'ed (Store access fault). Exception was unhandled.

Core  0 register dump:
MEPC    : 0x42005630  RA      : 0x42003268  SP      : 0x3fca3740  GP      : 0x3fc90a00  
TP      : 0x3fca3820  T0      : 0x4005890e  T1      : 0x000000ef  T2      : 0x00000000  
S0/FP   : 0x3fc9b494  S1      : 0x3fc9a000  A0      : 0x3fc9b494  A1      : 0x00000000  
A2      : 0x00000000  A3      : 0x000000f0  A4      : 0x000000f0  A5      : 0x0000f7df  
A6      : 0x00000000  A7      : 0x00000000  S2      : 0x00000000  S3      : 0x00000000  
S4      : 0x00000000  S5      : 0x3fc94000  S6      : 0x3fc94000  S7      : 0x00000000  
S8      : 0x00000000  S9      : 0x00000000  S10     : 0x00000000  S11     : 0x00000000  
T3      : 0x000000ef  T4      : 0x000000f0  T5      : 0x000000f0  T6      : 0x0000000f  
MSTATUS : 0x00001881  MTVEC   : 0x40380001  MCAUSE  : 0x00000007  MTVAL   : 0x00000000  
MHARTID : 0x00000000  

Stack memory:
3fca3740: 0x00001800 0x3fc9a000 0x0001c200 0x0000f7df 0x000000f0 0x000000f0 0x00000000 0x00000000
3fca3760: 0x00000014 0x3fc9a000 0x3fc9a000 0x4201d3aa 0x00000000 0x00000000 0x00000001 0x00000001
3fca3780: 0x3fc9a000 0x3fc9a000 0x00000001 0x600c0028 0x00000000 0x00000000 0x00000000 0x00000000
3fca37a0: 0x00000000 0x00000000 0x00000000 0x00000000 0x00000000 0x00000000 0x00000000 0x2cfccedc
3fca37c0: 0x00000000 0x00000000 0x00000000 0x00000000 0x00000000 0x00000000 0x00000000 0x420266ee
3fca37e0: 0x00000000 0x00000000 0x00000000 0x40388088 0x00000000 0x00000000 0x00000000 0x00000000
3fca3800: 0x00000000 0x00000000 0x00000000 0x00000000 0x00000000 0xa5a5a5a5 0xa5a5a5a5 0xa5a5a5a5
3fca3820: 0xa5a5a5a5 0xbaad5678 0x82405a21 0x9ad7badb 0x295e0966 0x6992e468 0xda67c199 0x51207081
3fca3840: 0x35035738 0xcf0be697 0xb24ae5b1 0xaabb6dff 0x22a60250 0x800e2017 0xf4bbc887 0xb8068a20
3fca3860: 0xf5ee9bfb 0xff7fd979 0x68a6f918 0xed06a5d2 0x24404261 0xa8aea207 0xfe7a91f5 0x40012230
3fca3880: 0xfc7d6aac 0x3957b539 0xd75c4420 0x4f66da1f 0x2610570f 0xb930d62a 0xffb797ab 0xdc483252
3fca38a0: 0xa1fbf3e9 0x4f268b2d 0x320024c6 0x99ffff6b 0x20088138 0xd8ca4422 0x6fb8a32f 0x2a28fa19
3fca38c0: 0xf73fcbfd 0x38f2c7de 0x064e12c5 0xbedfe35f 0x41780b88 0x81d91657 0x95ddfd0e 0x13e2a183
3fca38e0: 0xba7dffb2 0xdffdcff5 0x180c04a2 0x779ecf34 0x4012c19f 0x205c88e8 0xfada9fe7 0x0319804c
3fca3900: 0xfad1bebf 0xc7ed3d3a 0x191526d5 0x01050df7 0x48074a04 0x38590600 0xffdf84de 0x111c8106
3fca3920: 0xf7a774ef 0x73debebd 0x0a92892c 0x28d27833 0x04a05800 0x00d3d010 0xffeedd6a 0x8820a0a0
3fca3940: 0xb74fbefb 0xcf3d6aab 0x22011ae0 0xcfbdf3bb 0x0cc2c043 0x1a044448 0xeff6c9bf 0x92064414
3fca3960: 0xe5df9bb3 0xdfeee7bc 0x42406c01 0xff7b373d 0x21112466 0xe041b298 0xd3e2b3fc 0x117f1eaa
3fca3980: 0x388d63fc 0x3fca1780 0x00000170 0xabba1234 0x0000015c 0x3fca36b0 0x002e39be 0x3fc9e400
3fca39a0: 0x3fc94634 0x3fca3994 0x3fc9462c 0x00000018 0x3fca3d2c 0x3fca3d2c 0x3fca3994 0x00000000
3fca39c0: 0x00000001 0x3fca1790 0x706f6f6c 0x6b736154 0x00000000 0x00000000 0x3fca3780 0x00000005
3fca39e0: 0x00000000 0x00000001 0x00000000 0x3fca7de0 0x4202e640 0x00c96261 0x0000000b 0x3fc9aba4
3fca3a00: 0x3fc9ac0c 0x3fc9ac74 0x00000000 0x00000000 0x00000001 0x00000000 0x3fca1814 0x00000170
3fca3a20: 0xabba1234 0x0000015c 0x3fca3660 0x000006d4 0x3fc9466c 0x3fc9466c 0x3fca3a28 0x3fc94664
3fca3a40: 0x00000018 0x00000000 0x00000000 0x3fca3a28 0x00000000 0x00000001 0x3fca1824 0x706f6f6c
3fca3a60: 0x6b736154 0x00000000 0x00000000 0x3fca3820 0x00000005 0x00000000 0x00000001 0x00000000
3fca3a80: 0x00000000 0x00000000 0x0000035d 0x00000000 0x3fc9abd4 0x3fc9ac3c 0x3fc9aca4 0x00000000
3fca3aa0: 0x00000000 0x00000001 0x00000000 0x00000000 0x00000000 0x4202fe14 0x00000000 0x00000000
3fca3ac0: 0x00000000 0x00000000 0x00000000 0x00000000 0x00000000 0x00000000 0x00000000 0x00000000
3fca3ae0: 0x00000000 0x00000000 0x00000000 0x00000000 0x00000000 0x00000000 0x00000000 0x00000000
3fca3b00: 0x00000000 0x00000000 0x00000000 0x00000000 0x00000000 0x00000000 0x00000000 0x00000000
3fca3b20: 0x00000000 0x00000000 0x00000000 0x00000000 0x00000000 0x00000000 0x00000000 0x00000000



ELF file SHA256: 8f52ccaff

Rebooting...
ESP-ROM:esp32c3-api1-20210207
Build:Feb  7 2021
rst:0xc (RTC_SW_CPU_RST),boot:0xd (SPI_FAST_FLASH_BOOT)
Saved PC:0x40386cca
SPIWP:0xee
mode:DIO, clock div:1
load:0x3fcd5820,len:0x110c
load:0x403cbf10,len:0xb54
load:0x403ce710,len:0x2f8c
entry 0x403cbf10
Booting...
Guru Meditation Error: Core  0 panic'ed (Store access fault). Exception was unhandled.

Core  0 register dump:
MEPC    : 0x42005630  RA      : 0x42003268  SP      : 0x3fca3740  GP      : 0x3fc90a00  
TP      : 0x3fca3820  T0      : 0x4005890e  T1      : 0x000000ef  T2      : 0x00000000  
S0/FP   : 0x3fc9b494  S1      : 0x3fc9a000  A0      : 0x3fc9b494  A1      : 0x00000000  
A2      : 0x00000000  A3      : 0x000000f0  A4      : 0x000000f0  A5      : 0x0000f7df  
A6      : 0x00000000  A7      : 0x00000000  S2      : 0x00000000  S3      : 0x00000000  
S4      : 0x00000000  S5      : 0x3fc94000  S6      : 0x3fc94000  S7      : 0x00000000  
S8      : 0x00000000  S9      : 0x00000000  S10     : 0x00000000  S11     : 0x00000000  
T3      : 0x000000ef  T4      : 0x000000f0  T5      : 0x000000f0  T6      : 0x0000000f  
MSTATUS : 0x00001881  MTVEC   : 0x40380001  MCAUSE  : 0x00000007  MTVAL   : 0x00000000  
MHARTID : 0x00000000  

Stack memory:
3fca3740: 0x00001800 0x3fc9a000 0x0001c200 0x0000f7df 0x000000f0 0x000000f0 0x00000000 0x00000000
3fca3760: 0x00000000 0x3fc9a000 0x3fc9a000 0x4201d3aa 0x00000000 0x00000000 0x00000001 0x00000001
3fca3780: 0x3fc9a000 0x3fc9a000 0x00000001 0x600c0028 0x00000000 0x00000000 0x00000000 0x00000000
3fca37a0: 0x00000000 0x00000000 0x00000000 0x00000000 0x00000000 0x00000000 0x00000000 0x75e78ad5
3fca37c0: 0x00000000 0x00000000 0x00000000 0x00000000 0x00000000 0x00000000 0x00000000 0x420266ee
3fca37e0: 0x00000000 0x00000000 0x00000000 0x40388088 0x00000000 0x00000000 0x00000000 0x00000000
3fca3800: 0x00000000 0x00000000 0x00000000 0x00000000 0x00000000 0xa5a5a5a5 0xa5a5a5a5 0xa5a5a5a5
3fca3820: 0xa5a5a5a5 0xbaad5678 0x82405a21 0x9ad7badb 0x295e0966 0x6992e468 0xda67c199 0x51207081
3fca3840: 0x35035738 0xcf0be697 0xb24ae5b1 0xaabb6dff 0x22a60250 0x800e2017 0xf4bbc887 0xb8068a20
3fca3860: 0xf5ee9bfb 0xff7fd979 0x68a6f918 0xed06a5d2 0x24404261 0xa8aea207 0xfe7a91f5 0x40012230
3fca3880: 0xfc7d6aac 0x3957b539 0xd75c4420 0x4f66da1f 0x2610570f 0xb930d62a 0xffb797ab 0xdc483252
3fca38a0: 0xa1fbf3e9 0x4f268b2d 0x320024c6 0x99ffff6b 0x20088138 0xd8ca4422 0x6fb8a32f 0x2a28fa19
3fca38c0: 0xf73fcbfd 0x38f2c7de 0x064e12c5 0xbedfe35f 0x41780b88 0x81d91657 0x95ddfd0e 0x13e2a183
3fca38e0: 0xba7dffb2 0xdffdcff5 0x180c04a2 0x779ecf34 0x4012c19f 0x205c88e8 0xfada9fe7 0x0319804c
3fca3900: 0xfad1bebf 0xc7ed3d3a 0x191526d5 0x01050df7 0x48074a04 0x38590600 0xffdf84de 0x111c8106
3fca3920: 0xf7a774ef 0x73debebd 0x0a92892c 0x28d27833 0x04a05800 0x00d3d010 0xffeedd6a 0x8820a0a0
3fca3940: 0xb74fbefb 0xcf3d6aab 0x22011ae0 0xcfbdf3bb 0x0cc2c043 0x1a044448 0xeff6c9bf 0x92064414
3fca3960: 0xe5df9bb3 0xdfeee7bc 0x42406c01 0xff7b373d 0x21112466 0xe041b298 0xd3e2b3fc 0x117f1eaa
3fca3980: 0x388d63fc 0x3fca1780 0x00000170 0xabba1234 0x0000015c 0x3fca36b0 0x002e39be 0x3fc9e400
3fca39a0: 0x3fc94634 0x3fca3994 0x3fc9462c 0x00000018 0x3fca3d2c 0x3fca3d2c 0x3fca3994 0x00000000
3fca39c0: 0x00000001 0x3fca1790 0x706f6f6c 0x6b736154 0x00000000 0x00000000 0x3fca3780 0x00000005
3fca39e0: 0x00000000 0x00000001 0x00000000 0x3fca7de0 0x4202e640 0x00c96261 0x0000000b 0x3fc9aba4
3fca3a00: 0x3fc9ac0c 0x3fc9ac74 0x00000000 0x00000000 0x00000001 0x00000000 0x3fca1814 0x00000170
3fca3a20: 0xabba1234 0x0000015c 0x3fca3660 0x000006d4 0x3fc9466c 0x3fc9466c 0x3fca3a28 0x3fc94664
3fca3a40: 0x00000018 0x00000000 0x00000000 0x3fca3a28 0x00000000 0x00000001 0x3fca1824 0x706f6f6c
3fca3a60: 0x6b736154 0x00000000 0x00000000 0x3fca3820 0x00000005 0x00000000 0x00000001 0x00000000
3fca3a80: 0x00000000 0x00000000 0x0000035c 0x00000000 0x3fc9abd4 0x3fc9ac3c 0x3fc9aca4 0x00000000
3fca3aa0: 0x00000000 0x00000001 0x00000000 0x00000000 0x00000000 0x4202fe14 0x00000000 0x00000000
3fca3ac0: 0x00000000 0x00000000 0x00000000 0x00000000 0x00000000 0x00000000 0x00000000 0x00000000
3fca3ae0: 0x00000000 0x00000000 0x00000000 0x00000000 0x00000000 0x00000000 0x00000000 0x00000000
3fca3b00: 0x00000000 0x00000000 0x00000000 0x00000000 0x00000000 0x00000000 0x00000000 0x00000000
3fca3b20: 0x00000000 0x00000000 0x00000000 0x00000000 0x00000000 0x00000000 0x00000000 0x00000000



ELF file SHA256: 8f52ccaff

Rebooting...
ESP-ROM:esp32c3-api1-20210207
Build:Feb  7 2021
rst:0xc (RTC_SW_CPU_RST),boot:0xd (SPI_FAST_FLASH_BOOT)
Saved PC:0x40386cca
SPIWP:0xee
mode:DIO, clock div:1
load:0x3fcd5820,len:0x110c
load:0x403cbf10,len:0xb54
load:0x403ce710,len:0x2f8c
entry 0x403cbf10
Booting...
Guru Meditation Error: Core  0 panic'ed (Store access fault). Exception was unhandled.

Core  0 register dump:
MEPC    : 0x42005630  RA      : 0x42003268  SP      : 0x3fca3740  GP      : 0x3fc90a00  
TP      : 0x3fca3820  T0      : 0x4005890e  T1      : 0x000000ef  T2      : 0x00000000  
S0/FP   : 0x3fc9b494  S1      : 0x3fc9a000  A0      : 0x3fc9b494  A1      : 0x00000000  
A2      : 0x00000000  A3      : 0x000000f0  A4      : 0x000000f0  A5      : 0x0000f7df  
A6      : 0x00000000  A7      : 0x00000000  S2      : 0x00000000  S3      : 0x00000000  
S4      : 0x00000000  S5      : 0x3fc94000  S6      : 0x3fc94000  S7      : 0x00000000  
S8      : 0x00000000  S9      : 0x00000000  S10     : 0x00000000  S11     : 0x00000000  
T3      : 0x000000ef  T4      : 0x000000f0  T5      : 0x000000f0  T6      : 0x0000000f  
MSTATUS : 0x00001881  MTVEC   : 0x40380001  MCAUSE  : 0x00000007  MTVAL   : 0x00000000  
MHARTID : 0x00000000  

Stack memory:
3fca3740: 0x00001800 0x3fc9a000 0x0001c200 0x0000f7df 0x000000f0 0x000000f0 0x00000000 0x00000000
3fca3760: 0x00000000 0x3fc9a000 0x3fc9a000 0x4201d3aa 0x00000000 0x00000000 0x00000001 0x00000001
3fca3780: 0x3fc9a000 0x3fc9a000 0x00000001 0x600c0028 0x00000000 0x00000000 0x00000000 0x00000000
3fca37a0: 0x00000000 0x00000000 0x00000000 0x00000000 0x00000000 0x00000000 0x00000000 0x15f637cf
3fca37c0: 0x00000000 0x00000000 0x00000000 0x00000000 0x00000000 0x00000000 0x00000000 0x420266ee
3fca37e0: 0x00000000 0x00000000 0x00000000 0x40388088 0x00000000 0x00000000 0x00000000 0x00000000
3fca3800: 0x00000000 0x00000000 0x00000000 0x00000000 0x00000000 0xa5a5a5a5 0xa5a5a5a5 0xa5a5a5a5
3fca3820: 0xa5a5a5a5 0xbaad5678 0x82405a21 0x9ad7badb 0x295e0966 0x6992e468 0xda67c199 0x51207081
3fca3840: 0x35035738 0xcf0be697 0xb24ae5b1 0xaabb6dff 0x22a60250 0x800e2017 0xf4bbc887 0xb8068a20
3fca3860: 0xf5ee9bfb 0xff7fd979 0x68a6f918 0xed06a5d2 0x24404261 0xa8aea207 0xfe7a91f5 0x40012230
3fca3880: 0xfc7d6aac 0x3957b539 0xd75c4420 0x4f66da1f 0x2610570f 0xb930d62a 0xffb797ab 0xdc483252
3fca38a0: 0xa1fbf3e9 0x4f268b2d 0x320024c6 0x99ffff6b 0x20088138 0xd8ca4422 0x6fb8a32f 0x2a28fa19
3fca38c0: 0xf73fcbfd 0x38f2c7de 0x064e12c5 0xbedfe35f 0x41780b88 0x81d91657 0x95ddfd0e 0x13e2a183
3fca38e0: 0xba7dffb2 0xdffdcff5 0x180c04a2 0x779ecf34 0x4012c19f 0x205c88e8 0xfada9fe7 0x0319804c
3fca3900: 0xfad1bebf 0xc7ed3d3a 0x191526d5 0x01050df7 0x48074a04 0x38590600 0xffdf84de 0x111c8106
3fca3920: 0xf7a774ef 0x73debebd 0x0a92892c 0x28d27833 0x04a05800 0x00d3d010 0xffeedd6a 0x8820a0a0
3fca3940: 0xb74fbefb 0xcf3d6aab 0x22011ae0 0xcfbdf3bb 0x0cc2c043 0x1a044448 0xeff6c9bf 0x92064414
3fca3960: 0xe5df9bb3 0xdfeee7bc 0x42406c01 0xff7b373d 0x21112466 0xe041b298 0xd3e2b3fc 0x117f1eaa
3fca3980: 0x388d63fc 0x3fca1780 0x00000170 0xabba1234 0x0000015c 0x3fca36b0 0x002e39be 0x3fc9e400
3fca39a0: 0x3fc94634 0x3fca3994 0x3fc9462c 0x00000018 0x3fca3d2c 0x3fca3d2c 0x3fca3994 0x00000000
3fca39c0: 0x00000001 0x3fca1790 0x706f6f6c 0x6b736154 0x00000000 0x00000000 0x3fca3780 0x00000005
3fca39e0: 0x00000000 0x00000001 0x00000000 0x3fca7de0 0x4202e640 0x00c96261 0x0000000b 0x3fc9aba4
3fca3a00: 0x3fc9ac0c 0x3fc9ac74 0x00000000 0x00000000 0x00000001 0x00000000 0x3fca1814 0x00000170
3fca3a20: 0xabba1234 0x0000015c 0x3fca3660 0x000006d4 0x3fc9466c 0x3fc9466c 0x3fca3a28 0x3fc94664
3fca3a40: 0x00000018 0x00000000 0x00000000 0x3fca3a28 0x00000000 0x00000001 0x3fca1824 0x706f6f6c
3fca3a60: 0x6b736154 0x00000000 0x00000000 0x3fca3820 0x00000005 0x00000000 0x00000001 0x00000000
3fca3a80: 0x00000000 0x00000000 0x00000358 0x00000000 0x3fc9abd4 0x3fc9ac3c 0x3fc9aca4 0x00000000
3fca3aa0: 0x00000000 0x00000001 0x00000000 0x00000000 0x00000000 0x4202fe14 0x00000000 0x00000000
3fca3ac0: 0x00000000 0x00000000 0x00000000 0x00000000 0x00000000 0x00000000 0x00000000 0x00000000
3fca3ae0: 0x00000000 0x00000000 0x00000000 0x00000000 0x00000000 0x00000000 0x00000000 0x00000000
3fca3b00: 0x00000000 0x00000000 0x00000000 0x00000000 0x00000000 0x00000000 0x00000000 0x00000000
3fca3b20: 0x00000000 0x00000000 0x00000000 0x00000000 0x00000000 0x00000000 0x00000000 0x00000000



ELF file SHA256: 8f52ccaff

Rebooting...
ESP-ROM:esp32c3-api1-20210207
Build:Feb  7 2021
rst:0xc (RTC_SW_CPU_RST),boot:0xd (SPI_FAST_FLASH_BOOT)
Saved PC:0x40386cca
SPIWP:0xee
mode:DIO, clock div:1
load:0x3fcd5820,len:0x110c
load:0x403cbf10,len:0xb54
load:0x403ce710,len:0x2f8c
entry 0x403cbf10
Booting...
Guru Meditation Error: Core  0 panic'ed (Store access fault). Exception was unhandled.

Core  0 register dump:
MEPC    : 0x42005630  RA      : 0x42003268  SP      : 0x3fca3740  GP      : 0x3fc90a00  
TP      : 0x3fca3820  T0      : 0x4005890e  T1      : 0x000000ef  T2      : 0x00000000  
S0/FP   : 0x3fc9b494  S1      : 0x3fc9a000  A0      : 0x3fc9b494  A1      : 0x00000000  
A2      : 0x00000000  A3      : 0x000000f0  A4      : 0x000000f0  A5      : 0x0000f7df  
A6      : 0x00000000  A7      : 0x00000000  S2      : 0x00000000  S3      : 0x00000000  
S4      : 0x00000000  S5      : 0x3fc94000  S6      : 0x3fc94000  S7      : 0x00000000  
S8      : 0x00000000  S9      : 0x00000000  S10     : 0x00000000  S11     : 0x00000000  
T3      : 0x000000ef  T4      : 0x000000f0  T5      : 0x000000f0  T6      : 0x0000000f  
MSTATUS : 0x00001881  MTVEC   : 0x40380001  MCAUSE  : 0x00000007  MTVAL   : 0x00000000  
MHARTID : 0x00000000  

Stack memory:
3fca3740: 0x00001800 0x3fc9a000 0x0001c200 0x0000f7df 0x000000f0 0x000000f0 0x00000000 0x00000000
3fca3760: 0x00000000 0x3fc9a000 0x3fc9a000 0x4201d3aa 0x00000000 0x00000000 0x00000001 0x00000001
3fca3780: 0x3fc9a000 0x3fc9a000 0x00000001 0x600c0028 0x00000000 0x00000000 0x00000000 0x00000000
3fca37a0: 0x00000000 0x00000000 0x00000000 0x00000000 0x00000000 0x00000000 0x00000000 0xfdf1dcc9
3fca37c0: 0x00000000 0x00000000 0x00000000 0x00000000 0x00000000 0x00000000 0x00000000 0x420266ee
3fca37e0: 0x00000000 0x00000000 0x00000000 0x40388088 0x00000000 0x00000000 0x00000000 0x00000000
3fca3800: 0x00000000 0x00000000 0x00000000 0x00000000 0x00000000 0xa5a5a5a5 0xa5a5a5a5 0xa5a5a5a5
3fca3820: 0xa5a5a5a5 0xbaad5678 0x82405a21 0x9ad7badb 0x295e0966 0x6992e468 0xda67c199 0x51207081
3fca3840: 0x35035738 0xcf0be697 0xb24ae5b1 0xaabb6dff 0x22a60250 0x800e2017 0xf4bbc887 0xb8068a20
3fca3860: 0xf5ee9bfb 0xff7fd979 0x68a6f918 0xed06a5d2 0x24404261 0xa8aea207 0xfe7a91f5 0x40012230
3fca3880: 0xfc7d6aac 0x3957b539 0xd75c4420 0x4f66da1f 0x2610570f 0xb930d62a 0xffb797ab 0xdc483252
3fca38a0: 0xa1fbf3e9 0x4f268b2d 0x320024c6 0x99ffff6b 0x20088138 0xd8ca4422 0x6fb8a32f 0x2a28fa19
3fca38c0: 0xf73fcbfd 0x38f2c7de 0x064e12c5 0xbedfe35f 0x41780b88 0x81d91657 0x95ddfd0e 0x13e2a183
3fca38e0: 0xba7dffb2 0xdffdcff5 0x180c04a2 0x779ecf34 0x4012c19f 0x205c88e8 0xfada9fe7 0x0319804c
3fca3900: 0xfad1bebf 0xc7ed3d3a 0x191526d5 0x01050df7 0x48074a04 0x38590600 0xffdf84de 0x111c8106
3fca3920: 0xf7a774ef 0x73debebd 0x0a92892c 0x28d27833 0x04a05800 0x00d3d010 0xffeedd6a 0x8820a0a0
3fca3940: 0xb74fbefb 0xcf3d6aab 0x22011ae0 0xcfbdf3bb 0x0cc2c043 0x1a044448 0xeff6c9bf 0x92064414
3fca3960: 0xe5df9bb3 0xdfeee7bc 0x42406c01 0xff7b373d 0x21112466 0xe041b298 0xd3e2b3fc 0x117f1eaa
3fca3980: 0x388d63fc 0x3fca1780 0x00000170 0xabba1234 0x0000015c 0x3fca36b0 0x002e39be 0x3fc9e400
3fca39a0: 0x3fc94634 0x3fca3994 0x3fc9462c 0x00000018 0x3fca3d2c 0x3fca3d2c 0x3fca3994 0x00000000
3fca39c0: 0x00000001 0x3fca1790 0x706f6f6c 0x6b736154 0x00000000 0x00000000 0x3fca3780 0x00000005
3fca39e0: 0x00000000 0x00000001 0x00000000 0x3fca7de0 0x4202e640 0x00c96261 0x0000000b 0x3fc9aba4
3fca3a00: 0x3fc9ac0c 0x3fc9ac74 0x00000000 0x00000000 0x00000001 0x00000000 0x3fca1814 0x00000170
3fca3a20: 0xabba1234 0x0000015c 0x3fca3660 0x000006d4 0x3fc9466c 0x3fc9466c 0x3fca3a28 0x3fc94664
3fca3a40: 0x00000018 0x00000000 0x00000000 0x3fca3a28 0x00000000 0x00000001 0x3fca1824 0x706f6f6c
3fca3a60: 0x6b736154 0x00000000 0x00000000 0x3fca3820 0x00000005 0x00000000 0x00000001 0x00000000
3fca3a80: 0x00000000 0x00000000 0x0000035b 0x00000000 0x3fc9abd4 0x3fc9ac3c 0x3fc9aca4 0x00000000
3fca3aa0: 0x00000000 0x00000001 0x00000000 0x00000000 0x00000000 0x4202fe14 0x00000000 0x00000000
3fca3ac0: 0x00000000 0x00000000 0x00000000 0x00000000 0x00000000 0x00000000 0x00000000 0x00000000
3fca3ae0: 0x00000000 0x00000000 0x00000000 0x00000000 0x00000000 0x00000000 0x00000000 0x00000000
3fca3b00: 0x00000000 0x00000000 0x00000000 0x00000000 0x00000000 0x00000000 0x00000000 0x00000000
3fca3b20: 0x00000000 0x00000000 0x00000000 0x00000000 0x00000000 0x00000000 0x00000000 0x00000000



ELF file SHA256: 8f52ccaff

Rebooting...
ESP-ROM:esp32c3-api1-20210207
Build:Feb  7 2021
rst:0xc (RTC_SW_CPU_RST),boot:0xd (SPI_FAST_FLASH_BOOT)
Saved PC:0x40386cca
SPIWP:0xee
mode:DIO, clock div:1
load:0x3fcd5820,len:0x110c
load:0x403cbf10,len:0xb54
load:0x403ce710,len:0x2f8c
entry 0x403cbf10
Booting...
Guru Meditation Error: Core  0 panic'ed (Store access fault). Exception was unhandled.

Core  0 register dump:
MEPC    : 0x42005630  RA      : 0x42003268  SP      : 0x3fca3740  GP      : 0x3fc90a00  
TP      : 0x3fca3820  T0      : 0x4005890e  T1      : 0x000000ef  T2      : 0x00000000  
S0/FP   : 0x3fc9b494  S1      : 0x3fc9a000  A0      : 0x3fc9b494  A1      : 0x00000000  
A2      : 0x00000000  A3      : 0x000000f0  A4      : 0x000000f0  A5      : 0x0000f7df  
A6      : 0x00000000  A7      : 0x00000000  S2      : 0x00000000  S3      : 0x00000000  
S4      : 0x00000000  S5      : 0x3fc94000  S6      : 0x3fc94000  S7      : 0x00000000  
S8      : 0x00000000  S9      : 0x00000000  S10     : 0x00000000  S11     : 0x00000000  
T3      : 0x000000ef  T4      : 0x000000f0  T5      : 0x000000f0  T6      : 0x0000000f  
MSTATUS : 0x00001881  MTVEC   : 0x40380001  MCAUSE  : 0x00000007  MTVAL   : 0x00000000  
MHARTID : 0x00000000  

Stack memory:
3fca3740: 0x00001800 0x3fc9a000 0x0001c200 0x0000f7df 0x000000f0 0x000000f0 0x00000000 0x00000000
3fca3760: 0x00000000 0x3fc9a000 0x3fc9a000 0x4201d3aa 0x00000000 0x00000000 0x00000001 0x00000001
3fca3780: 0x3fc9a000 0x3fc9a000 0x00000001 0x600c0028 0x00000000 0x00000000 0x00000000 0x00000000
3fca37a0: 0x00000000 0x00000000 0x00000000 0x00000000 0x00000000 0x00000000 0x00000000 0x82c7ac16
3fca37c0: 0x00000000 0x00000000 0x00000000 0x00000000 0x00000000 0x00000000 0x00000000 0x420266ee
3fca37e0: 0x00000000 0x00000000 0x00000000 0x40388088 0x00000000 0x00000000 0x00000000 0x00000000
3fca3800: 0x00000000 0x00000000 0x00000000 0x00000000 0x00000000 0xa5a5a5a5 0xa5a5a5a5 0xa5a5a5a5
3fca3820: 0xa5a5a5a5 0xbaad5678 0x82405a21 0x9ad7badb 0x295e0966 0x6992e468 0xda67c199 0x51207081
3fca3840: 0x35035738 0xcf0be697 0xb24ae5b1 0xaabb6dff 0x22a60250 0x800e2017 0xf4bbc887 0xb8068a20
3fca3860: 0xf5ee9bfb 0xff7fd979 0x68a6f918 0xed06a5d2 0x24404261 0xa8aea207 0xfe7a91f5 0x40012230
3fca3880: 0xfc7d6aac 0x3957b539 0xd75c4420 0x4f66da1f 0x2610570f 0xb930d62a 0xffb797ab 0xdc483252
3fca38a0: 0xa1fbf3e9 0x4f268b2d 0x320024c6 0x99ffff6b 0x20088138 0xd8ca4422 0x6fb8a32f 0x2a28fa19
3fca38c0: 0xf73fcbfd 0x38f2c7de 0x064e12c5 0xbedfe35f 0x41780b88 0x81d91657 0x95ddfd0e 0x13e2a183
3fca38e0: 0xba7dffb2 0xdffdcff5 0x180c04a2 0x779ecf34 0x4012c19f 0x205c88e8 0xfada9fe7 0x0319804c
3fca3900: 0xfad1bebf 0xc7ed3d3a 0x191526d5 0x01050df7 0x48074a04 0x38590600 0xffdf84de 0x111c8106
3fca3920: 0xf7a774ef 0x73debebd 0x0a92892c 0x28d27833 0x04a05800 0x00d3d010 0xffeedd6a 0x8820a0a0
3fca3940: 0xb74fbefb 0xcf3d6aab 0x22011ae0 0xcfbdf3bb 0x0cc2c043 0x1a044448 0xeff6c9bf 0x92064414
3fca3960: 0xe5df9bb3 0xdfeee7bc 0x42406c01 0xff7b373d 0x21112466 0xe041b298 0xd3e2b3fc 0x117f1eaa
3fca3980: 0x388d63fc 0x3fca1780 0x00000170 0xabba1234 0x0000015c 0x3fca36b0 0x002e39be 0x3fc9e400
3fca39a0: 0x3fc94634 0x3fca3994 0x3fc9462c 0x00000018 0x3fca3d2c 0x3fca3d2c 0x3fca3994 0x00000000
3fca39c0: 0x00000001 0x3fca1790 0x706f6f6c 0x6b736154 0x00000000 0x00000000 0x3fca3780 0x00000005
3fca39e0: 0x00000000 0x00000001 0x00000000 0x3fca7de0 0x4202e640 0x00c96261 0x0000000b 0x3fc9aba4
3fca3a00: 0x3fc9ac0c 0x3fc9ac74 0x00000000 0x00000000 0x00000001 0x00000000 0x3fca1814 0x00000170
3fca3a20: 0xabba1234 0x0000015c 0x3fca3660 0x000006d4 0x3fc9466c 0x3fc9466c 0x3fca3a28 0x3fc94664
3fca3a40: 0x00000018 0x00000000 0x00000000 0x3fca3a28 0x00000000 0x00000001 0x3fca1824 0x706f6f6c
3fca3a60: 0x6b736154 0x00000000 0x00000000 0x3fca3820 0x00000005 0x00000000 0x00000001 0x00000000
3fca3a80: 0x00000000 0x00000000 0x00000358 0x00000000 0x3fc9abd4 0x3fc9ac3c 0x3fc9aca4 0x00000000
3fca3aa0: 0x00000000 0x00000001 0x00000000 0x00000000 0x00000000 0x4202fe14 0x00000000 0x00000000
3fca3ac0: 0x00000000 0x00000000 0x00000000 0x00000000 0x00000000 0x00000000 0x00000000 0x00000000
3fca3ae0: 0x00000000 0x00000000 0x00000000 0x00000000 0x00000000 0x00000000 0x00000000 0x00000000
3fca3b00: 0x00000000 0x00000000 0x00000000 0x00000000 0x00000000 0x00000000 0x00000000 0x00000000
3fca3b20: 0x00000000 0x00000000 0x00000000 0x00000000 0x00000000 0x00000000 0x00000000 0x00000000



ELF file SHA256: 8f52ccaff

Rebooting...
ESP-ROM:esp32c3-api1-20210207
Build:Feb  7 2021
rst:0xc (RTC_SW_CPU_RST),boot:0xd (SPI_FAST_FLASH_BOOT)
Saved PC:0x40386cca
SPIWP:0xee
mode:DIO, clock div:1
load:0x3fcd5820,len:0x110c
load:0x403cbf10,len:0xb54
load:0x403ce710,len:0x2f8c
entry 0x403cbf10
Booting...
Guru Meditation Error: Core  0 panic'ed (Store access fault). Exception was unhandled.

Core  0 register dump:
MEPC    : 0x42005630  RA      : 0x42003268  SP      : 0x3fca3740  GP      : 0x3fc90a00  
TP      : 0x3fca3820  T0      : 0x4005890e  T1      : 0x000000ef  T2      : 0x00000000  
S0/FP   : 0x3fc9b494  S1      : 0x3fc9a000  A0      : 0x3fc9b494  A1      : 0x00000000  
A2      : 0x00000000  A3      : 0x000000f0  A4      : 0x000000f0  A5      : 0x0000f7df  
A6      : 0x00000000  A7      : 0x00000000  S2      : 0x00000000  S3      : 0x00000000  
S4      : 0x00000000  S5      : 0x3fc94000  S6      : 0x3fc94000  S7      : 0x00000000  
S8      : 0x00000000  S9      : 0x00000000  S10     : 0x00000000  S11     : 0x00000000  
T3      : 0x000000ef  T4      : 0x000000f0  T5      : 0x000000f0  T6      : 0x0000000f  
MSTATUS : 0x00001881  MTVEC   : 0x40380001  MCAUSE  : 0x00000007  MTVAL   : 0x00000000  
MHARTID : 0x00000000  

Stack memory:
3fca3740: 0x00001800 0x3fc9a000 0x0001c200 0x0000f7df 0x000000f0 0x000000f0 0x00000000 0x00000000
3fca3760: 0x00000000 0x3fc9a000 0x3fc9a000 0x4201d3aa 0x00000000 0x00000000 0x00000001 0x00000001
3fca3780: 0x3fc9a000 0x3fc9a000 0x00000001 0x600c0028 0x00000000 0x00000000 0x00000000 0x00000000
3fca37a0: 0x00000000 0x00000000 0x00000000 0x00000000 0x00000000 0x00000000 0x00000000 0x2291ffc2
3fca37c0: 0x00000000 0x00000000 0x00000000 0x00000000 0x00000000 0x00000000 0x00000000 0x420266ee
3fca37e0: 0x00000000 0x00000000 0x00000000 0x40388088 0x00000000 0x00000000 0x00000000 0x00000000
3fca3800: 0x00000000 0x00000000 0x00000000 0x00000000 0x00000000 0xa5a5a5a5 0xa5a5a5a5 0xa5a5a5a5
3fca3820: 0xa5a5a5a5 0xbaad5678 0x82405a21 0x9ad7badb 0x295e0966 0x6992e468 0xda67c199 0x51207081
3fca3840: 0x35035738 0xcf0be697 0xb24ae5b1 0xaabb6dff 0x22a60250 0x800e2017 0xf4bbc887 0xb8068a20
3fca3860: 0xf5ee9bfb 0xff7fd979 0x68a6f918 0xed06a5d2 0x24404261 0xa8aea207 0xfe7a91f5 0x40012230
3fca3880: 0xfc7d6aac 0x3957b539 0xd75c4420 0x4f66da1f 0x2610570f 0xb930d62a 0xffb797ab 0xdc483252
3fca38a0: 0xa1fbf3e9 0x4f268b2d 0x320024c6 0x99ffff6b 0x20088138 0xd8ca4422 0x6fb8a32f 0x2a28fa19
3fca38c0: 0xf73fcbfd 0x38f2c7de 0x064e12c5 0xbedfe35f 0x41780b88 0x81d91657 0x95ddfd0e 0x13e2a183
3fca38e0: 0xba7dffb2 0xdffdcff5 0x180c04a2 0x779ecf34 0x4012c19f 0x205c88e8 0xfada9fe7 0x0319804c
3fca3900: 0xfad1bebf 0xc7ed3d3a 0x191526d5 0x01050df7 0x48074a04 0x38590600 0xffdf84de 0x111c8106
3fca3920: 0xf7a774ef 0x73debebd 0x0a92892c 0x28d27833 0x04a05800 0x00d3d010 0xffeedd6a 0x8820a0a0
3fca3940: 0xb74fbefb 0xcf3d6aab 0x22011ae0 0xcfbdf3bb 0x0cc2c043 0x1a044448 0xeff6c9bf 0x92064414
3fca3960: 0xe5df9bb3 0xdfeee7bc 0x42406c01 0xff7b373d 0x21112466 0xe041b298 0xd3e2b3fc 0x117f1eaa
3fca3980: 0x388d63fc 0x3fca1780 0x00000170 0xabba1234 0x0000015c 0x3fca36b0 0x002e39be 0x3fc9e400
3fca39a0: 0x3fc94634 0x3fca3994 0x3fc9462c 0x00000018 0x3fca3d2c 0x3fca3d2c 0x3fca3994 0x00000000
3fca39c0: 0x00000001 0x3fca1790 0x706f6f6c 0x6b736154 0x00000000 0x00000000 0x3fca3780 0x00000005
3fca39e0: 0x00000000 0x00000001 0x00000000 0x3fca7de0 0x4202e640 0x00c96261 0x0000000b 0x3fc9aba4
3fca3a00: 0x3fc9ac0c 0x3fc9ac74 0x00000000 0x00000000 0x00000001 0x00000000 0x3fca1814 0x00000170
3fca3a20: 0xabba1234 0x0000015c 0x3fca3660 0x000006d4 0x3fc9466c 0x3fc9466c 0x3fca3a28 0x3fc94664
3fca3a40: 0x00000018 0x00000000 0x00000000 0x3fca3a28 0x00000000 0x00000001 0x3fca1824 0x706f6f6c
3fca3a60: 0x6b736154 0x00000000 0x00000000 0x3fca3820 0x00000005 0x00000000 0x00000001 0x00000000
3fca3a80: 0x00000000 0x00000000 0x0000035c 0x00000000 0x3fc9abd4 0x3fc9ac3c 0x3fc9aca4 0x00000000
3fca3aa0: 0x00000000 0x00000001 0x00000000 0x00000000 0x00000000 0x4202fe14 0x00000000 0x00000000
3fca3ac0: 0x00000000 0x00000000 0x00000000 0x00000000 0x00000000 0x00000000 0x00000000 0x00000000
3fca3ae0: 0x00000000 0x00000000 0x00000000 0x00000000 0x00000000 0x00000000 0x00000000 0x00000000
3fca3b00: 0x00000000 0x00000000 0x00000000 0x00000000 0x00000000 0x00000000 0x00000000 0x00000000
3fca3b20: 0x00000000 0x00000000 0x00000000 0x00000000 0x00000000 0x00000000 0x00000000 0x00000000



ELF file SHA256: 8f52ccaff

Rebooting...
ESP-ROM:esp32c3-api1-20210207
Build:Feb  7 2021
rst:0xc (RTC_SW_CPU_RST),boot:0xd (SPI_FAST_FLASH_BOOT)
Saved PC:0x40386cca
SPIWP:0xee
mode:DIO, clock div:1
load:0x3fcd5820,len:0x110c
load:0x403cbf10,len:0xb54
load:0x403ce710,len:0x2f8c
entry 0x403cbf10
Booting...
