********************************************************************************
Obsolete PIO Core v6.1.19 is used (previous was 6.2.0)
Please remove multiple PIO Cores from a system:
https://docs.platformio.org/en/latest/core/installation/troubleshooting.html
********************************************************************************
Processing esp32-c3-supermini (platform: espressif32; board: esp32-c3-devkitm-1; framework: arduino)
--------------------------------------------------------------------------------
Verbose mode can be enabled via `-v, --verbose` option
CONFIGURATION: https://docs.platformio.org/page/boards/espressif32/esp32-c3-devkitm-1.html
PLATFORM: Espressif 32 (55.3.39) > Espressif ESP32-C3-DevKitM-1
HARDWARE: ESP32C3 160MHz, 320KB RAM, 4MB Flash
DEBUG: Current (cmsis-dap) External (cmsis-dap, esp-bridge, esp-builtin, esp-prog, esp-prog-2, iot-bus-jtag, jlink, minimodule, olimex-arm-usb-ocd, olimex-arm-usb-ocd-h, olimex-arm-usb-tiny-h, olimex-jtag-tiny, tumpa)
PACKAGES: 
 - contrib-piohome @ 3.4.4 
 - framework-arduinoespressif32 @ 3.3.9 
 - framework-arduinoespressif32-libs @ 5.5.4+sha.735507283d 
 - tool-esptoolpy @ 5.3.0 
 - tool-riscv32-esp-elf-gdb @ 17.1.0+20260402 
 - toolchain-riscv32-esp @ 14.2.0+20260121
*** WARNING: Windows Long Path Support is disabled ***
*** Enable it for better performance: ***
*** 1. Run as Administrator: gpedit.msc ***
*** 2. Navigate to: Computer Configuration > Administrative Templates > System > Filesystem ***
*** 3. Enable 'Enable Win32 long paths' ***
*** OR run PowerShell as Admin: ***
*** New-ItemProperty -Path 'HKLM:\SYSTEM\CurrentControlSet\Control\FileSystem' -Name 'LongPathsEnabled' -Value 1 -PropertyType DWORD -Force ***
*** Restart required after enabling ***
LDF: Library Dependency Finder -> https://bit.ly/configure-pio-ldf
LDF Modes: Finder ~ chain, Compatibility ~ soft
Found 47 compatible libraries
Scanning dependencies...
Dependency Graph
|-- GFX Library for Arduino @ 1.6.7
|-- ArduinoJson @ 7.4.3
|-- Adafruit GFX Library @ 1.12.6
|-- ESPmDNS @ 3.3.9
|-- HTTPClient @ 3.3.9
|-- Preferences @ 3.3.9
|-- WebServer @ 3.3.9
|-- WiFi @ 3.3.9
|-- NetworkClientSecure @ 3.3.9
Building in release mode
Retrieving maximum program size .pio\build\esp32-c3-supermini\firmware.elf
Checking size .pio\build\esp32-c3-supermini\firmware.elf
Advanced Memory Usage is available via "PlatformIO Home > Project Inspect"
RAM:   [=         ]  12.7% (used 41652 bytes from 327680 bytes)
Flash: [====      ]  42.0% (used 1320337 bytes from 3145728 bytes)
Configuring upload protocol...
AVAILABLE: cmsis-dap, esp-bridge, esp-builtin, esp-prog, esp-prog-2, espota, esptool, iot-bus-jtag, jlink, minimodule, olimex-arm-usb-ocd, olimex-arm-usb-ocd-h, olimex-arm-usb-tiny-h, olimex-jtag-tiny, tumpa
CURRENT: upload_protocol = esptool
Looking for upload port...
Uploading .pio\build\esp32-c3-supermini\firmware.bin
esptool v5.3.0
Serial port COM3:
Connecting...
Connected to ESP32-C3 on COM3:
Chip type:          ESP32-C3 (QFN32) (revision v0.4)
Features:           Wi-Fi, BT 5 (LE), Single Core, 160MHz, Embedded Flash 4MB (XMC)
Crystal frequency:  40MHz
USB mode:           USB-Serial/JTAG
MAC:                9c:cc:01:7c:35:84

Uploading stub flasher...
Running stub flasher...
Stub flasher running.
Changing baud rate to 460800...
Changed.

Configuring flash size...
Auto-detected flash size: 4MB

Writing 'C:\Users\SHoene\Documents\PlatformIO\Projects\weather\.pio\build\esp32-c3-supermini\bootloader.bin' at 0x00000000...
SHA digest in image updated.
Flash will be erased from 0x00000000 to 0x00004fff...
Compressed 19520 bytes to 12705...

Writing at 0x00000000 [░░░░░░░░░░░░░░░░░░░░░░░░░░░░░░]   0.0% 0/12705 bytes... 
Writing at 0x00004c40 [██████████████████████████████] 100.0% 12705/12705 bytes... 
Wrote 19520 bytes (12705 compressed) at 0x00000000 in 0.2 seconds (979.8 kbit/s).
Verifying written data...
Hash of data verified.

Writing 'C:\Users\SHoene\Documents\PlatformIO\Projects\weather\.pio\build\esp32-c3-supermini\partitions.bin' at 0x00008000...
Flash will be erased from 0x00008000 to 0x00008fff...
Compressed 3072 bytes to 137...

Writing at 0x00008000 [░░░░░░░░░░░░░░░░░░░░░░░░░░░░░░]   0.0% 0/137 bytes... 
Writing at 0x00008c00 [██████████████████████████████] 100.0% 137/137 bytes... 
Wrote 3072 bytes (137 compressed) at 0x00008000 in 0.0 seconds (3374.2 kbit/s).
Verifying written data...
Hash of data verified.

Writing 'C:\Users\SHoene\.platformio\packages\framework-arduinoespressif32\tools\partitions\boot_app0.bin' at 0x0000e000...
Flash will be erased from 0x0000e000 to 0x0000ffff...
Compressed 8192 bytes to 47...

Writing at 0x0000e000 [░░░░░░░░░░░░░░░░░░░░░░░░░░░░░░]   0.0% 0/47 bytes... 
Writing at 0x00010000 [██████████████████████████████] 100.0% 47/47 bytes... 
Wrote 8192 bytes (47 compressed) at 0x0000e000 in 0.0 seconds (2310.7 kbit/s).
Verifying written data...
Hash of data verified.

Writing '.pio\build\esp32-c3-supermini\firmware.bin' at 0x00010000...
Flash will be erased from 0x00010000 to 0x0015dfff...
Compressed 1367408 bytes to 811606...

Writing at 0x00010000 [░░░░░░░░░░░░░░░░░░░░░░░░░░░░░░]   0.0% 0/811606 bytes... 
Writing at 0x0001d2fa [░░░░░░░░░░░░░░░░░░░░░░░░░░░░░░]   2.0% 16384/811606 bytes... 
Writing at 0x0002b146 [█░░░░░░░░░░░░░░░░░░░░░░░░░░░░░]   4.0% 32768/811606 bytes... 
Writing at 0x00033c55 [█░░░░░░░░░░░░░░░░░░░░░░░░░░░░░]   6.1% 49152/811606 bytes... 
Writing at 0x00040550 [██░░░░░░░░░░░░░░░░░░░░░░░░░░░░]   8.1% 65536/811606 bytes... 
Writing at 0x00047d30 [███░░░░░░░░░░░░░░░░░░░░░░░░░░░]  10.1% 81920/811606 bytes... 
Writing at 0x000512f3 [███░░░░░░░░░░░░░░░░░░░░░░░░░░░]  12.1% 98304/811606 bytes... 
Writing at 0x0005af4f [████░░░░░░░░░░░░░░░░░░░░░░░░░░]  14.1% 114688/811606 bytes... 
Writing at 0x00060d5c [████░░░░░░░░░░░░░░░░░░░░░░░░░░]  16.1% 131072/811606 bytes... 
Writing at 0x00067592 [█████░░░░░░░░░░░░░░░░░░░░░░░░░]  18.2% 147456/811606 bytes... 
Writing at 0x0006d961 [██████░░░░░░░░░░░░░░░░░░░░░░░░]  20.2% 163840/811606 bytes... 
Writing at 0x00074091 [██████░░░░░░░░░░░░░░░░░░░░░░░░]  22.2% 180224/811606 bytes... 
Writing at 0x0007a146 [███████░░░░░░░░░░░░░░░░░░░░░░░]  24.2% 196608/811606 bytes... 
Writing at 0x00080a48 [███████░░░░░░░░░░░░░░░░░░░░░░░]  26.2% 212992/811606 bytes... 
Writing at 0x00087d67 [████████░░░░░░░░░░░░░░░░░░░░░░]  28.3% 229376/811606 bytes... 
Writing at 0x0008deac [█████████░░░░░░░░░░░░░░░░░░░░░]  30.3% 245760/811606 bytes... 
Writing at 0x00094346 [█████████░░░░░░░░░░░░░░░░░░░░░]  32.3% 262144/811606 bytes... 
Writing at 0x0009a51c [██████████░░░░░░░░░░░░░░░░░░░░]  34.3% 278528/811606 bytes... 
Writing at 0x000a0598 [██████████░░░░░░░░░░░░░░░░░░░░]  36.3% 294912/811606 bytes... 
Writing at 0x000a6a2c [███████████░░░░░░░░░░░░░░░░░░░]  38.4% 311296/811606 bytes... 
Writing at 0x000acabf [████████████░░░░░░░░░░░░░░░░░░]  40.4% 327680/811606 bytes... 
Writing at 0x000b2aa6 [████████████░░░░░░░░░░░░░░░░░░]  42.4% 344064/811606 bytes... 
Writing at 0x000b8b2b [█████████████░░░░░░░░░░░░░░░░░]  44.4% 360448/811606 bytes... 
Writing at 0x000be408 [█████████████░░░░░░░░░░░░░░░░░]  46.4% 376832/811606 bytes... 
Writing at 0x000c3c6c [██████████████░░░░░░░░░░░░░░░░]  48.4% 393216/811606 bytes... 
Writing at 0x000c9603 [███████████████░░░░░░░░░░░░░░░]  50.5% 409600/811606 bytes... 
Writing at 0x000cf312 [███████████████░░░░░░░░░░░░░░░]  52.5% 425984/811606 bytes... 
Writing at 0x000d571c [████████████████░░░░░░░░░░░░░░]  54.5% 442368/811606 bytes... 
Writing at 0x000db98f [████████████████░░░░░░░░░░░░░░]  56.5% 458752/811606 bytes... 
Writing at 0x000e1157 [█████████████████░░░░░░░░░░░░░]  58.5% 475136/811606 bytes... 
Writing at 0x000e69c8 [██████████████████░░░░░░░░░░░░]  60.6% 491520/811606 bytes... 
Writing at 0x000ec316 [██████████████████░░░░░░░░░░░░]  62.6% 507904/811606 bytes... 
Writing at 0x000f27c4 [███████████████████░░░░░░░░░░░]  64.6% 524288/811606 bytes... 
Writing at 0x000f8231 [███████████████████░░░░░░░░░░░]  66.6% 540672/811606 bytes... 
Writing at 0x000fdb39 [████████████████████░░░░░░░░░░]  68.6% 557056/811606 bytes... 
Writing at 0x00103a84 [█████████████████████░░░░░░░░░]  70.7% 573440/811606 bytes... 
Writing at 0x00109591 [█████████████████████░░░░░░░░░]  72.7% 589824/811606 bytes... 
Writing at 0x0010f815 [██████████████████████░░░░░░░░]  74.7% 606208/811606 bytes... 
Writing at 0x00115a26 [███████████████████████░░░░░░░]  76.7% 622592/811606 bytes... 
Writing at 0x0011bf04 [███████████████████████░░░░░░░]  78.7% 638976/811606 bytes... 
Writing at 0x0012203c [████████████████████████░░░░░░]  80.7% 655360/811606 bytes... 
Writing at 0x00128144 [████████████████████████░░░░░░]  82.8% 671744/811606 bytes... 
Writing at 0x0012e418 [█████████████████████████░░░░░]  84.8% 688128/811606 bytes... 
Writing at 0x00134624 [██████████████████████████░░░░]  86.8% 704512/811606 bytes... 
Writing at 0x0013a523 [██████████████████████████░░░░]  88.8% 720896/811606 bytes... 
Writing at 0x0014049f [███████████████████████████░░░]  90.8% 737280/811606 bytes... 
Writing at 0x00147c60 [███████████████████████████░░░]  92.9% 753664/811606 bytes... 
Writing at 0x0014d8c2 [████████████████████████████░░]  94.9% 770048/811606 bytes... 
Writing at 0x001542b3 [█████████████████████████████░]  96.9% 786432/811606 bytes... 
Writing at 0x0015a6cd [█████████████████████████████░]  98.9% 802816/811606 bytes... 
Writing at 0x0015dd70 [██████████████████████████████] 100.0% 811606/811606 bytes... 
Wrote 1367408 bytes (811606 compressed) at 0x00010000 in 4.6 seconds (2363.0 kbit/s).
Verifying written data...
Hash of data verified.

Hard resetting via RTS pin...
========================= [SUCCESS] Took 23.35 seconds =========================
