********************************************************************************
Obsolete PIO Core v6.1.19 is used (previous was 6.2.0)
Please remove multiple PIO Cores from a system:
https://docs.platformio.org/en/latest/core/installation/troubleshooting.html
********************************************************************************
Processing esp32-c3-supermini (platform: espressif32; board: esp32-c3-devkitm-1; framework: arduino)
--------------------------------------------------------------------------------
Verbose mode can be enabled via `-v, --verbose` option
CONFIGURATION: https://docs.platformio.org/page/boards/espressif32/esp32-c3-devkitm-1.html
PLATFORM: Espressif 32 (55.3.39) > Espressif ESP32-C3-DevKitM-1
HARDWARE: ESP32C3 160MHz, 320KB RAM, 4MB Flash
DEBUG: Current (cmsis-dap) External (cmsis-dap, esp-bridge, esp-builtin, esp-prog, esp-prog-2, iot-bus-jtag, jlink, minimodule, olimex-arm-usb-ocd, olimex-arm-usb-ocd-h, olimex-arm-usb-tiny-h, olimex-jtag-tiny, tumpa)
PACKAGES: 
 - contrib-piohome @ 3.4.4 
 - framework-arduinoespressif32 @ 3.3.9 
 - framework-arduinoespressif32-libs @ 5.5.4+sha.735507283d 
 - tool-esptoolpy @ 5.3.0 
 - tool-riscv32-esp-elf-gdb @ 17.1.0+20260402 
 - toolchain-riscv32-esp @ 14.2.0+20260121
*** WARNING: Windows Long Path Support is disabled ***
*** Enable it for better performance: ***
*** 1. Run as Administrator: gpedit.msc ***
*** 2. Navigate to: Computer Configuration > Administrative Templates > System > Filesystem ***
*** 3. Enable 'Enable Win32 long paths' ***
*** OR run PowerShell as Admin: ***
*** New-ItemProperty -Path 'HKLM:\SYSTEM\CurrentControlSet\Control\FileSystem' -Name 'LongPathsEnabled' -Value 1 -PropertyType DWORD -Force ***
*** Restart required after enabling ***
LDF: Library Dependency Finder -> https://bit.ly/configure-pio-ldf
LDF Modes: Finder ~ chain, Compatibility ~ soft
Found 47 compatible libraries
Scanning dependencies...
Dependency Graph
|-- GFX Library for Arduino @ 1.6.7
|-- ArduinoJson @ 7.4.3
|-- Adafruit GFX Library @ 1.12.6
|-- ESPmDNS @ 3.3.9
|-- HTTPClient @ 3.3.9
|-- Preferences @ 3.3.9
|-- WebServer @ 3.3.9
|-- WiFi @ 3.3.9
|-- NetworkClientSecure @ 3.3.9
Building in release mode
Compiling .pio\build\esp32-c3-supermini\src\main.cpp.o
Linking .pio\build\esp32-c3-supermini\firmware.elf
Firmware metrics can not be shown. Set the terminal codepage to "utf-8" or "cp65001" on Windows.
Retrieving maximum program size .pio\build\esp32-c3-supermini\firmware.elf
Checking size .pio\build\esp32-c3-supermini\firmware.elf
Advanced Memory Usage is available via "PlatformIO Home > Project Inspect"
RAM:   [=         ]  12.7% (used 41708 bytes from 327680 bytes)
Flash: [====      ]  42.0% (used 1322681 bytes from 3145728 bytes)
Building .pio\build\esp32-c3-supermini\firmware.bin
esptool v5.3.0
Creating ESP32-C3 image...
Merged 2 ELF sections.
Successfully created ESP32-C3 image.
Creating binary "firmware.factory.bin" with:
    Offset   | File
 -  0x0000   | bootloader.bin
 -  0x8000   | partitions.bin
 -  0xe000   | boot_app0.bin
 -  0x10000  | firmware.bin
Successfully created combined binary image.
Configuring upload protocol...
AVAILABLE: cmsis-dap, esp-bridge, esp-builtin, esp-prog, esp-prog-2, espota, esptool, iot-bus-jtag, jlink, minimodule, olimex-arm-usb-ocd, olimex-arm-usb-ocd-h, olimex-arm-usb-tiny-h, olimex-jtag-tiny, tumpa
CURRENT: upload_protocol = esptool
Looking for upload port...
Uploading .pio\build\esp32-c3-supermini\firmware.bin
esptool v5.3.0
Serial port COM3:
Connecting...
Connected to ESP32-C3 on COM3:
Chip type:          ESP32-C3 (QFN32) (revision v0.4)
Features:           Wi-Fi, BT 5 (LE), Single Core, 160MHz, Embedded Flash 4MB (XMC)
Crystal frequency:  40MHz
USB mode:           USB-Serial/JTAG
MAC:                9c:cc:01:7c:35:84

Uploading stub flasher...
Running stub flasher...
Stub flasher running.
Changing baud rate to 460800...
Changed.

Configuring flash size...
Auto-detected flash size: 4MB

Writing 'C:\Users\SHoene\Documents\PlatformIO\Projects\weather\.pio\build\esp32-c3-supermini\bootloader.bin' at 0x00000000...
SHA digest in image updated.
Flash will be erased from 0x00000000 to 0x00004fff...
Compressed 19520 bytes to 12705...

Writing at 0x00000000 [░░░░░░░░░░░░░░░░░░░░░░░░░░░░░░]   0.0% 0/12705 bytes... 
Writing at 0x00004c40 [██████████████████████████████] 100.0% 12705/12705 bytes... 
Wrote 19520 bytes (12705 compressed) at 0x00000000 in 0.2 seconds (993.0 kbit/s).
Verifying written data...
Hash of data verified.

Writing 'C:\Users\SHoene\Documents\PlatformIO\Projects\weather\.pio\build\esp32-c3-supermini\partitions.bin' at 0x00008000...
Flash will be erased from 0x00008000 to 0x00008fff...
Compressed 3072 bytes to 137...

Writing at 0x00008000 [░░░░░░░░░░░░░░░░░░░░░░░░░░░░░░]   0.0% 0/137 bytes... 
Writing at 0x00008c00 [██████████████████████████████] 100.0% 137/137 bytes... 
Wrote 3072 bytes (137 compressed) at 0x00008000 in 0.0 seconds (2334.9 kbit/s).
Verifying written data...
Hash of data verified.

Writing 'C:\Users\SHoene\.platformio\packages\framework-arduinoespressif32\tools\partitions\boot_app0.bin' at 0x0000e000...
Flash will be erased from 0x0000e000 to 0x0000ffff...
Compressed 8192 bytes to 47...

Writing at 0x0000e000 [░░░░░░░░░░░░░░░░░░░░░░░░░░░░░░]   0.0% 0/47 bytes... 
Writing at 0x00010000 [██████████████████████████████] 100.0% 47/47 bytes... 
Wrote 8192 bytes (47 compressed) at 0x0000e000 in 0.0 seconds (2318.7 kbit/s).
Verifying written data...
Hash of data verified.

Writing '.pio\build\esp32-c3-supermini\firmware.bin' at 0x00010000...
Flash will be erased from 0x00010000 to 0x0015efff...
Compressed 1370656 bytes to 812045...

Writing at 0x00010000 [░░░░░░░░░░░░░░░░░░░░░░░░░░░░░░]   0.0% 0/812045 bytes... 
Writing at 0x0001d2f4 [░░░░░░░░░░░░░░░░░░░░░░░░░░░░░░]   2.0% 16384/812045 bytes... 
Writing at 0x0002b106 [█░░░░░░░░░░░░░░░░░░░░░░░░░░░░░]   4.0% 32768/812045 bytes... 
Writing at 0x00033c60 [█░░░░░░░░░░░░░░░░░░░░░░░░░░░░░]   6.1% 49152/812045 bytes... 
Writing at 0x00040574 [██░░░░░░░░░░░░░░░░░░░░░░░░░░░░]   8.1% 65536/812045 bytes... 
Writing at 0x00047ce5 [███░░░░░░░░░░░░░░░░░░░░░░░░░░░]  10.1% 81920/812045 bytes... 
Writing at 0x0005132c [███░░░░░░░░░░░░░░░░░░░░░░░░░░░]  12.1% 98304/812045 bytes... 
Writing at 0x0005b246 [████░░░░░░░░░░░░░░░░░░░░░░░░░░]  14.1% 114688/812045 bytes... 
Writing at 0x00061199 [████░░░░░░░░░░░░░░░░░░░░░░░░░░]  16.1% 131072/812045 bytes... 
Writing at 0x00067918 [█████░░░░░░░░░░░░░░░░░░░░░░░░░]  18.2% 147456/812045 bytes... 
Writing at 0x0006dcdf [██████░░░░░░░░░░░░░░░░░░░░░░░░]  20.2% 163840/812045 bytes... 
Writing at 0x0007455e [██████░░░░░░░░░░░░░░░░░░░░░░░░]  22.2% 180224/812045 bytes... 
Writing at 0x0007aa36 [███████░░░░░░░░░░░░░░░░░░░░░░░]  24.2% 196608/812045 bytes... 
Writing at 0x000814c6 [███████░░░░░░░░░░░░░░░░░░░░░░░]  26.2% 212992/812045 bytes... 
Writing at 0x00088862 [████████░░░░░░░░░░░░░░░░░░░░░░]  28.2% 229376/812045 bytes... 
Writing at 0x0008e9be [█████████░░░░░░░░░░░░░░░░░░░░░]  30.3% 245760/812045 bytes... 
Writing at 0x00094e3c [█████████░░░░░░░░░░░░░░░░░░░░░]  32.3% 262144/812045 bytes... 
Writing at 0x0009afdd [██████████░░░░░░░░░░░░░░░░░░░░]  34.3% 278528/812045 bytes... 
Writing at 0x000a104b [██████████░░░░░░░░░░░░░░░░░░░░]  36.3% 294912/812045 bytes... 
Writing at 0x000a7507 [███████████░░░░░░░░░░░░░░░░░░░]  38.3% 311296/812045 bytes... 
Writing at 0x000ad5dd [████████████░░░░░░░░░░░░░░░░░░]  40.4% 327680/812045 bytes... 
Writing at 0x000b355e [████████████░░░░░░░░░░░░░░░░░░]  42.4% 344064/812045 bytes... 
Writing at 0x000b9649 [█████████████░░░░░░░░░░░░░░░░░]  44.4% 360448/812045 bytes... 
Writing at 0x000beeb3 [█████████████░░░░░░░░░░░░░░░░░]  46.4% 376832/812045 bytes... 
Writing at 0x000c471d [██████████████░░░░░░░░░░░░░░░░]  48.4% 393216/812045 bytes... 
Writing at 0x000ca07a [███████████████░░░░░░░░░░░░░░░]  50.4% 409600/812045 bytes... 
Writing at 0x000cfe15 [███████████████░░░░░░░░░░░░░░░]  52.5% 425984/812045 bytes... 
Writing at 0x000d61fc [████████████████░░░░░░░░░░░░░░]  54.5% 442368/812045 bytes... 
Writing at 0x000dc41a [████████████████░░░░░░░░░░░░░░]  56.5% 458752/812045 bytes... 
Writing at 0x000e1bb3 [█████████████████░░░░░░░░░░░░░]  58.5% 475136/812045 bytes... 
Writing at 0x000e7402 [██████████████████░░░░░░░░░░░░]  60.5% 491520/812045 bytes... 
Writing at 0x000ecd73 [██████████████████░░░░░░░░░░░░]  62.5% 507904/812045 bytes... 
Writing at 0x000f3226 [███████████████████░░░░░░░░░░░]  64.6% 524288/812045 bytes... 
Writing at 0x000f8cf2 [███████████████████░░░░░░░░░░░]  66.6% 540672/812045 bytes... 
Writing at 0x000fe59d [████████████████████░░░░░░░░░░]  68.6% 557056/812045 bytes... 
Writing at 0x00104504 [█████████████████████░░░░░░░░░]  70.6% 573440/812045 bytes... 
Writing at 0x00109ff6 [█████████████████████░░░░░░░░░]  72.6% 589824/812045 bytes... 
Writing at 0x001102a0 [██████████████████████░░░░░░░░]  74.7% 606208/812045 bytes... 
Writing at 0x0011654a [███████████████████████░░░░░░░]  76.7% 622592/812045 bytes... 
Writing at 0x0011ca30 [███████████████████████░░░░░░░]  78.7% 638976/812045 bytes... 
Writing at 0x00122b00 [████████████████████████░░░░░░]  80.7% 655360/812045 bytes... 
Writing at 0x00128c24 [████████████████████████░░░░░░]  82.7% 671744/812045 bytes... 
Writing at 0x0012eeec [█████████████████████████░░░░░]  84.7% 688128/812045 bytes... 
Writing at 0x001350bb [██████████████████████████░░░░]  86.8% 704512/812045 bytes... 
Writing at 0x0013afa7 [██████████████████████████░░░░]  88.8% 720896/812045 bytes... 
Writing at 0x00140f06 [███████████████████████████░░░]  90.8% 737280/812045 bytes... 
Writing at 0x001486ab [███████████████████████████░░░]  92.8% 753664/812045 bytes... 
Writing at 0x0014e3b9 [████████████████████████████░░]  94.8% 770048/812045 bytes... 
Writing at 0x00154cd4 [█████████████████████████████░]  96.8% 786432/812045 bytes... 
Writing at 0x0015b0bf [█████████████████████████████░]  98.9% 802816/812045 bytes... 
Writing at 0x0015ea20 [██████████████████████████████] 100.0% 812045/812045 bytes... 
Wrote 1370656 bytes (812045 compressed) at 0x00010000 in 4.6 seconds (2363.7 kbit/s).
Verifying written data...
Hash of data verified.

Hard resetting via RTS pin...
========================= [SUCCESS] Took 39.55 seconds =========================
