********************************************************************************
Obsolete PIO Core v6.1.19 is used (previous was 6.2.0)
Please remove multiple PIO Cores from a system:
https://docs.platformio.org/en/latest/core/installation/troubleshooting.html
********************************************************************************
Processing esp32-c3-supermini (platform: espressif32; board: esp32-c3-devkitm-1; framework: arduino)
--------------------------------------------------------------------------------
Verbose mode can be enabled via `-v, --verbose` option
CONFIGURATION: https://docs.platformio.org/page/boards/espressif32/esp32-c3-devkitm-1.html
PLATFORM: Espressif 32 (55.3.39) > Espressif ESP32-C3-DevKitM-1
HARDWARE: ESP32C3 160MHz, 320KB RAM, 4MB Flash
DEBUG: Current (cmsis-dap) External (cmsis-dap, esp-bridge, esp-builtin, esp-prog, esp-prog-2, iot-bus-jtag, jlink, minimodule, olimex-arm-usb-ocd, olimex-arm-usb-ocd-h, olimex-arm-usb-tiny-h, olimex-jtag-tiny, tumpa)
PACKAGES: 
 - contrib-piohome @ 3.4.4 
 - framework-arduinoespressif32 @ 3.3.9 
 - framework-arduinoespressif32-libs @ 5.5.4+sha.735507283d 
 - tool-esptoolpy @ 5.3.0 
 - tool-riscv32-esp-elf-gdb @ 17.1.0+20260402 
 - toolchain-riscv32-esp @ 14.2.0+20260121
*** WARNING: Windows Long Path Support is disabled ***
*** Enable it for better performance: ***
*** 1. Run as Administrator: gpedit.msc ***
*** 2. Navigate to: Computer Configuration > Administrative Templates > System > Filesystem ***
*** 3. Enable 'Enable Win32 long paths' ***
*** OR run PowerShell as Admin: ***
*** New-ItemProperty -Path 'HKLM:\SYSTEM\CurrentControlSet\Control\FileSystem' -Name 'LongPathsEnabled' -Value 1 -PropertyType DWORD -Force ***
*** Restart required after enabling ***
LDF: Library Dependency Finder -> https://bit.ly/configure-pio-ldf
LDF Modes: Finder ~ chain, Compatibility ~ soft
Found 47 compatible libraries
Scanning dependencies...
Dependency Graph
|-- GFX Library for Arduino @ 1.6.7
|-- ArduinoJson @ 7.4.3
|-- Adafruit GFX Library @ 1.12.6
|-- ESPmDNS @ 3.3.9
|-- HTTPClient @ 3.3.9
|-- Preferences @ 3.3.9
|-- WebServer @ 3.3.9
|-- WiFi @ 3.3.9
|-- NetworkClientSecure @ 3.3.9
Building in release mode
Compiling .pio\build\esp32-c3-supermini\src\main.cpp.o
Linking .pio\build\esp32-c3-supermini\firmware.elf
Firmware metrics can not be shown. Set the terminal codepage to "utf-8" or "cp65001" on Windows.
Retrieving maximum program size .pio\build\esp32-c3-supermini\firmware.elf
Checking size .pio\build\esp32-c3-supermini\firmware.elf
Advanced Memory Usage is available via "PlatformIO Home > Project Inspect"
RAM:   [=         ]  12.7% (used 41708 bytes from 327680 bytes)
Flash: [====      ]  42.5% (used 1336129 bytes from 3145728 bytes)
Building .pio\build\esp32-c3-supermini\firmware.bin
esptool v5.3.0
Creating ESP32-C3 image...
Merged 2 ELF sections.
Successfully created ESP32-C3 image.
Creating binary "firmware.factory.bin" with:
    Offset   | File
 -  0x0000   | bootloader.bin
 -  0x8000   | partitions.bin
 -  0xe000   | boot_app0.bin
 -  0x10000  | firmware.bin
Successfully created combined binary image.
Configuring upload protocol...
AVAILABLE: cmsis-dap, esp-bridge, esp-builtin, esp-prog, esp-prog-2, espota, esptool, iot-bus-jtag, jlink, minimodule, olimex-arm-usb-ocd, olimex-arm-usb-ocd-h, olimex-arm-usb-tiny-h, olimex-jtag-tiny, tumpa
CURRENT: upload_protocol = esptool
Looking for upload port...
Uploading .pio\build\esp32-c3-supermini\firmware.bin
esptool v5.3.0
Serial port COM3:
Connecting...
Connected to ESP32-C3 on COM3:
Chip type:          ESP32-C3 (QFN32) (revision v0.4)
Features:           Wi-Fi, BT 5 (LE), Single Core, 160MHz, Embedded Flash 4MB (XMC)
Crystal frequency:  40MHz
USB mode:           USB-Serial/JTAG
MAC:                9c:cc:01:7c:35:84

Uploading stub flasher...
Running stub flasher...
Stub flasher running.
Changing baud rate to 460800...
Changed.

Configuring flash size...
Auto-detected flash size: 4MB

Writing 'C:\Users\SHoene\Documents\PlatformIO\Projects\weather\.pio\build\esp32-c3-supermini\bootloader.bin' at 0x00000000...
SHA digest in image updated.
Flash will be erased from 0x00000000 to 0x00004fff...
Compressed 19520 bytes to 12705...

Writing at 0x00000000 [░░░░░░░░░░░░░░░░░░░░░░░░░░░░░░]   0.0% 0/12705 bytes... 
Writing at 0x00004c40 [██████████████████████████████] 100.0% 12705/12705 bytes... 
Wrote 19520 bytes (12705 compressed) at 0x00000000 in 0.2 seconds (912.0 kbit/s).
Verifying written data...
Hash of data verified.

Writing 'C:\Users\SHoene\Documents\PlatformIO\Projects\weather\.pio\build\esp32-c3-supermini\partitions.bin' at 0x00008000...
Flash will be erased from 0x00008000 to 0x00008fff...
Compressed 3072 bytes to 137...

Writing at 0x00008000 [░░░░░░░░░░░░░░░░░░░░░░░░░░░░░░]   0.0% 0/137 bytes... 
Writing at 0x00008c00 [██████████████████████████████] 100.0% 137/137 bytes... 
Wrote 3072 bytes (137 compressed) at 0x00008000 in 0.0 seconds (1566.7 kbit/s).
Verifying written data...
Hash of data verified.

Writing 'C:\Users\SHoene\.platformio\packages\framework-arduinoespressif32\tools\partitions\boot_app0.bin' at 0x0000e000...
Flash will be erased from 0x0000e000 to 0x0000ffff...
Compressed 8192 bytes to 47...

Writing at 0x0000e000 [░░░░░░░░░░░░░░░░░░░░░░░░░░░░░░]   0.0% 0/47 bytes... 
Writing at 0x00010000 [██████████████████████████████] 100.0% 47/47 bytes... 
Wrote 8192 bytes (47 compressed) at 0x0000e000 in 0.0 seconds (1876.9 kbit/s).
Verifying written data...
Hash of data verified.

Writing '.pio\build\esp32-c3-supermini\firmware.bin' at 0x00010000...
Flash will be erased from 0x00010000 to 0x00161fff...
Compressed 1384192 bytes to 819652...

Writing at 0x00010000 [░░░░░░░░░░░░░░░░░░░░░░░░░░░░░░]   0.0% 0/819652 bytes... 
Writing at 0x0001d2ca [░░░░░░░░░░░░░░░░░░░░░░░░░░░░░░]   2.0% 16384/819652 bytes... 
Writing at 0x0002b055 [█░░░░░░░░░░░░░░░░░░░░░░░░░░░░░]   4.0% 32768/819652 bytes... 
Writing at 0x00033cb8 [█░░░░░░░░░░░░░░░░░░░░░░░░░░░░░]   6.0% 49152/819652 bytes... 
Writing at 0x00041193 [██░░░░░░░░░░░░░░░░░░░░░░░░░░░░]   8.0% 65536/819652 bytes... 
Writing at 0x0004878d [██░░░░░░░░░░░░░░░░░░░░░░░░░░░░]  10.0% 81920/819652 bytes... 
Writing at 0x00051fac [███░░░░░░░░░░░░░░░░░░░░░░░░░░░]  12.0% 98304/819652 bytes... 
Writing at 0x0005c2c0 [████░░░░░░░░░░░░░░░░░░░░░░░░░░]  14.0% 114688/819652 bytes... 
Writing at 0x00062092 [████░░░░░░░░░░░░░░░░░░░░░░░░░░]  16.0% 131072/819652 bytes... 
Writing at 0x000687ff [█████░░░░░░░░░░░░░░░░░░░░░░░░░]  18.0% 147456/819652 bytes... 
Writing at 0x0006eb5b [█████░░░░░░░░░░░░░░░░░░░░░░░░░]  20.0% 163840/819652 bytes... 
Writing at 0x000752e2 [██████░░░░░░░░░░░░░░░░░░░░░░░░]  22.0% 180224/819652 bytes... 
Writing at 0x0007b3f9 [███████░░░░░░░░░░░░░░░░░░░░░░░]  24.0% 196608/819652 bytes... 
Writing at 0x00081ba6 [███████░░░░░░░░░░░░░░░░░░░░░░░]  26.0% 212992/819652 bytes... 
Writing at 0x00088fe7 [████████░░░░░░░░░░░░░░░░░░░░░░]  28.0% 229376/819652 bytes... 
Writing at 0x0008f059 [████████░░░░░░░░░░░░░░░░░░░░░░]  30.0% 245760/819652 bytes... 
Writing at 0x000954e9 [█████████░░░░░░░░░░░░░░░░░░░░░]  32.0% 262144/819652 bytes... 
Writing at 0x0009b879 [██████████░░░░░░░░░░░░░░░░░░░░]  34.0% 278528/819652 bytes... 
Writing at 0x000a196d [██████████░░░░░░░░░░░░░░░░░░░░]  36.0% 294912/819652 bytes... 
Writing at 0x000a7c17 [███████████░░░░░░░░░░░░░░░░░░░]  38.0% 311296/819652 bytes... 
Writing at 0x000adc20 [███████████░░░░░░░░░░░░░░░░░░░]  40.0% 327680/819652 bytes... 
Writing at 0x000b3d02 [████████████░░░░░░░░░░░░░░░░░░]  42.0% 344064/819652 bytes... 
Writing at 0x000b9cf0 [█████████████░░░░░░░░░░░░░░░░░]  44.0% 360448/819652 bytes... 
Writing at 0x000bf6b2 [█████████████░░░░░░░░░░░░░░░░░]  46.0% 376832/819652 bytes... 
Writing at 0x000c5084 [██████████████░░░░░░░░░░░░░░░░]  48.0% 393216/819652 bytes... 
Writing at 0x000caa42 [██████████████░░░░░░░░░░░░░░░░]  50.0% 409600/819652 bytes... 
Writing at 0x000d0480 [███████████████░░░░░░░░░░░░░░░]  52.0% 425984/819652 bytes... 
Writing at 0x000d6a13 [████████████████░░░░░░░░░░░░░░]  54.0% 442368/819652 bytes... 
Writing at 0x000dca4e [████████████████░░░░░░░░░░░░░░]  56.0% 458752/819652 bytes... 
Writing at 0x000e253f [█████████████████░░░░░░░░░░░░░]  58.0% 475136/819652 bytes... 
Writing at 0x000e7bd5 [█████████████████░░░░░░░░░░░░░]  60.0% 491520/819652 bytes... 
Writing at 0x000ed6ee [██████████████████░░░░░░░░░░░░]  62.0% 507904/819652 bytes... 
Writing at 0x000f3881 [███████████████████░░░░░░░░░░░]  64.0% 524288/819652 bytes... 
Writing at 0x000f9520 [███████████████████░░░░░░░░░░░]  66.0% 540672/819652 bytes... 
Writing at 0x000fefbd [████████████████████░░░░░░░░░░]  68.0% 557056/819652 bytes... 
Writing at 0x00104c75 [████████████████████░░░░░░░░░░]  70.0% 573440/819652 bytes... 
Writing at 0x0010a95c [█████████████████████░░░░░░░░░]  72.0% 589824/819652 bytes... 
Writing at 0x00110aa6 [██████████████████████░░░░░░░░]  74.0% 606208/819652 bytes... 
Writing at 0x00116b2b [██████████████████████░░░░░░░░]  76.0% 622592/819652 bytes... 
Writing at 0x0011cf9e [███████████████████████░░░░░░░]  78.0% 638976/819652 bytes... 
Writing at 0x001231bf [███████████████████████░░░░░░░]  80.0% 655360/819652 bytes... 
Writing at 0x00129255 [████████████████████████░░░░░░]  82.0% 671744/819652 bytes... 
Writing at 0x0012f5a8 [█████████████████████████░░░░░]  84.0% 688128/819652 bytes... 
Writing at 0x001357a1 [█████████████████████████░░░░░]  86.0% 704512/819652 bytes... 
Writing at 0x0013b7ae [██████████████████████████░░░░]  88.0% 720896/819652 bytes... 
Writing at 0x0014175b [██████████████████████████░░░░]  90.0% 737280/819652 bytes... 
Writing at 0x00149066 [███████████████████████████░░░]  91.9% 753664/819652 bytes... 
Writing at 0x0014e9c8 [████████████████████████████░░]  93.9% 770048/819652 bytes... 
Writing at 0x001555d9 [████████████████████████████░░]  95.9% 786432/819652 bytes... 
Writing at 0x0015b893 [█████████████████████████████░]  97.9% 802816/819652 bytes... 
Writing at 0x00161b14 [█████████████████████████████░]  99.9% 819200/819652 bytes... 
Writing at 0x00161f00 [██████████████████████████████] 100.0% 819652/819652 bytes... 
Wrote 1384192 bytes (819652 compressed) at 0x00010000 in 4.8 seconds (2288.0 kbit/s).
Verifying written data...
Hash of data verified.

Hard resetting via RTS pin...
========================= [SUCCESS] Took 84.08 seconds =========================
