********************************************************************************
Obsolete PIO Core v6.1.19 is used (previous was 6.2.0)
Please remove multiple PIO Cores from a system:
https://docs.platformio.org/en/latest/core/installation/troubleshooting.html
********************************************************************************
Processing esp32-c3-supermini (platform: espressif32; board: esp32-c3-devkitm-1; framework: arduino)
--------------------------------------------------------------------------------
Verbose mode can be enabled via `-v, --verbose` option
CONFIGURATION: https://docs.platformio.org/page/boards/espressif32/esp32-c3-devkitm-1.html
PLATFORM: Espressif 32 (55.3.39) > Espressif ESP32-C3-DevKitM-1
HARDWARE: ESP32C3 160MHz, 320KB RAM, 4MB Flash
DEBUG: Current (cmsis-dap) External (cmsis-dap, esp-bridge, esp-builtin, esp-prog, esp-prog-2, iot-bus-jtag, jlink, minimodule, olimex-arm-usb-ocd, olimex-arm-usb-ocd-h, olimex-arm-usb-tiny-h, olimex-jtag-tiny, tumpa)
PACKAGES: 
 - contrib-piohome @ 3.4.4 
 - framework-arduinoespressif32 @ 3.3.9 
 - framework-arduinoespressif32-libs @ 5.5.4+sha.735507283d 
 - tool-esptoolpy @ 5.3.0 
 - tool-riscv32-esp-elf-gdb @ 17.1.0+20260402 
 - toolchain-riscv32-esp @ 14.2.0+20260121
*** WARNING: Windows Long Path Support is disabled ***
*** Enable it for better performance: ***
*** 1. Run as Administrator: gpedit.msc ***
*** 2. Navigate to: Computer Configuration > Administrative Templates > System > Filesystem ***
*** 3. Enable 'Enable Win32 long paths' ***
*** OR run PowerShell as Admin: ***
*** New-ItemProperty -Path 'HKLM:\SYSTEM\CurrentControlSet\Control\FileSystem' -Name 'LongPathsEnabled' -Value 1 -PropertyType DWORD -Force ***
*** Restart required after enabling ***
LDF: Library Dependency Finder -> https://bit.ly/configure-pio-ldf
LDF Modes: Finder ~ chain, Compatibility ~ soft
Found 46 compatible libraries
Scanning dependencies...
Dependency Graph
|-- TFT_eSPI @ 2.5.43+sha.16e3759
|-- ArduinoJson @ 7.4.3
|-- HTTPClient @ 3.3.9
|-- WiFi @ 3.3.9
|-- NetworkClientSecure @ 3.3.9
Building in release mode
Retrieving maximum program size .pio\build\esp32-c3-supermini\firmware.elf
Checking size .pio\build\esp32-c3-supermini\firmware.elf
Advanced Memory Usage is available via "PlatformIO Home > Project Inspect"
RAM:   [=         ]  11.7% (used 38204 bytes from 327680 bytes)
Flash: [========= ]  86.7% (used 1136431 bytes from 1310720 bytes)
Configuring upload protocol...
AVAILABLE: cmsis-dap, esp-bridge, esp-builtin, esp-prog, esp-prog-2, espota, esptool, iot-bus-jtag, jlink, minimodule, olimex-arm-usb-ocd, olimex-arm-usb-ocd-h, olimex-arm-usb-tiny-h, olimex-jtag-tiny, tumpa
CURRENT: upload_protocol = esptool
Looking for upload port...
Uploading .pio\build\esp32-c3-supermini\firmware.bin
esptool v5.3.0
Serial port COM3:
Connecting...
Connected to ESP32-C3 on COM3:
Chip type:          ESP32-C3 (QFN32) (revision v0.4)
Features:           Wi-Fi, BT 5 (LE), Single Core, 160MHz, Embedded Flash 4MB (XMC)
Crystal frequency:  40MHz
USB mode:           USB-Serial/JTAG
MAC:                9c:cc:01:7c:35:84

Uploading stub flasher...
Running stub flasher...
Stub flasher running.
Changing baud rate to 460800...
Changed.

Configuring flash size...
Auto-detected flash size: 4MB

Writing 'C:\Users\SHoene\Documents\PlatformIO\Projects\weather\.pio\build\esp32-c3-supermini\bootloader.bin' at 0x00000000...
SHA digest in image updated.
Flash will be erased from 0x00000000 to 0x00004fff...
Compressed 19520 bytes to 12705...

Writing at 0x00000000 [░░░░░░░░░░░░░░░░░░░░░░░░░░░░░░]   0.0% 0/12705 bytes... 
Writing at 0x00004c40 [██████████████████████████████] 100.0% 12705/12705 bytes... 
Wrote 19520 bytes (12705 compressed) at 0x00000000 in 0.2 seconds (1035.0 kbit/s).
Verifying written data...
Hash of data verified.

Writing 'C:\Users\SHoene\Documents\PlatformIO\Projects\weather\.pio\build\esp32-c3-supermini\partitions.bin' at 0x00008000...
Flash will be erased from 0x00008000 to 0x00008fff...
Compressed 3072 bytes to 146...

Writing at 0x00008000 [░░░░░░░░░░░░░░░░░░░░░░░░░░░░░░]   0.0% 0/146 bytes... 
Writing at 0x00008c00 [██████████████████████████████] 100.0% 146/146 bytes... 
Wrote 3072 bytes (146 compressed) at 0x00008000 in 0.0 seconds (6091.4 kbit/s).
Verifying written data...
Hash of data verified.

Writing 'C:\Users\SHoene\.platformio\packages\framework-arduinoespressif32\tools\partitions\boot_app0.bin' at 0x0000e000...
Flash will be erased from 0x0000e000 to 0x0000ffff...
Compressed 8192 bytes to 47...

Writing at 0x0000e000 [░░░░░░░░░░░░░░░░░░░░░░░░░░░░░░]   0.0% 0/47 bytes... 
Writing at 0x00010000 [██████████████████████████████] 100.0% 47/47 bytes... 
Wrote 8192 bytes (47 compressed) at 0x0000e000 in 0.0 seconds (2009.2 kbit/s).
Verifying written data...
Hash of data verified.

Writing '.pio\build\esp32-c3-supermini\firmware.bin' at 0x00010000...
Flash will be erased from 0x00010000 to 0x0012dfff...
Compressed 1170352 bytes to 711288...

Writing at 0x00010000 [░░░░░░░░░░░░░░░░░░░░░░░░░░░░░░]   0.0% 0/711288 bytes... 
Writing at 0x0001d1c7 [░░░░░░░░░░░░░░░░░░░░░░░░░░░░░░]   2.3% 16384/711288 bytes... 
Writing at 0x0002a707 [█░░░░░░░░░░░░░░░░░░░░░░░░░░░░░]   4.6% 32768/711288 bytes... 
Writing at 0x00032686 [██░░░░░░░░░░░░░░░░░░░░░░░░░░░░]   6.9% 49152/711288 bytes... 
Writing at 0x0003b1c7 [██░░░░░░░░░░░░░░░░░░░░░░░░░░░░]   9.2% 65536/711288 bytes... 
Writing at 0x00044d33 [███░░░░░░░░░░░░░░░░░░░░░░░░░░░]  11.5% 81920/711288 bytes... 
Writing at 0x0004a999 [████░░░░░░░░░░░░░░░░░░░░░░░░░░]  13.8% 98304/711288 bytes... 
Writing at 0x00050da6 [████░░░░░░░░░░░░░░░░░░░░░░░░░░]  16.1% 114688/711288 bytes... 
Writing at 0x00057583 [█████░░░░░░░░░░░░░░░░░░░░░░░░░]  18.4% 131072/711288 bytes... 
Writing at 0x0005dbaa [██████░░░░░░░░░░░░░░░░░░░░░░░░]  20.7% 147456/711288 bytes... 
Writing at 0x00064114 [██████░░░░░░░░░░░░░░░░░░░░░░░░]  23.0% 163840/711288 bytes... 
Writing at 0x0006b0d4 [███████░░░░░░░░░░░░░░░░░░░░░░░]  25.3% 180224/711288 bytes... 
Writing at 0x0007138a [████████░░░░░░░░░░░░░░░░░░░░░░]  27.6% 196608/711288 bytes... 
Writing at 0x000776d4 [████████░░░░░░░░░░░░░░░░░░░░░░]  29.9% 212992/711288 bytes... 
Writing at 0x0007d869 [█████████░░░░░░░░░░░░░░░░░░░░░]  32.2% 229376/711288 bytes... 
Writing at 0x00083ab3 [██████████░░░░░░░░░░░░░░░░░░░░]  34.6% 245760/711288 bytes... 
Writing at 0x00089e62 [███████████░░░░░░░░░░░░░░░░░░░]  36.9% 262144/711288 bytes... 
Writing at 0x0008fdd2 [███████████░░░░░░░░░░░░░░░░░░░]  39.2% 278528/711288 bytes... 
Writing at 0x00095f0b [████████████░░░░░░░░░░░░░░░░░░]  41.5% 294912/711288 bytes... 
Writing at 0x0009bf5f [█████████████░░░░░░░░░░░░░░░░░]  43.8% 311296/711288 bytes... 
Writing at 0x000a17f1 [█████████████░░░░░░░░░░░░░░░░░]  46.1% 327680/711288 bytes... 
Writing at 0x000a6f37 [██████████████░░░░░░░░░░░░░░░░]  48.4% 344064/711288 bytes... 
Writing at 0x000ac896 [███████████████░░░░░░░░░░░░░░░]  50.7% 360448/711288 bytes... 
Writing at 0x000b29d3 [███████████████░░░░░░░░░░░░░░░]  53.0% 376832/711288 bytes... 
Writing at 0x000b87da [████████████████░░░░░░░░░░░░░░]  55.3% 393216/711288 bytes... 
Writing at 0x000bdec6 [█████████████████░░░░░░░░░░░░░]  57.6% 409600/711288 bytes... 
Writing at 0x000c393b [█████████████████░░░░░░░░░░░░░]  59.9% 425984/711288 bytes... 
Writing at 0x000c9639 [██████████████████░░░░░░░░░░░░]  62.2% 442368/711288 bytes... 
Writing at 0x000cf694 [███████████████████░░░░░░░░░░░]  64.5% 458752/711288 bytes... 
Writing at 0x000d52d6 [████████████████████░░░░░░░░░░]  66.8% 475136/711288 bytes... 
Writing at 0x000dadf2 [████████████████████░░░░░░░░░░]  69.1% 491520/711288 bytes... 
Writing at 0x000e0b44 [█████████████████████░░░░░░░░░]  71.4% 507904/711288 bytes... 
Writing at 0x000e6bac [██████████████████████░░░░░░░░]  73.7% 524288/711288 bytes... 
Writing at 0x000ecc11 [██████████████████████░░░░░░░░]  76.0% 540672/711288 bytes... 
Writing at 0x000f30eb [███████████████████████░░░░░░░]  78.3% 557056/711288 bytes... 
Writing at 0x000f92cd [████████████████████████░░░░░░]  80.6% 573440/711288 bytes... 
Writing at 0x000ff3a0 [████████████████████████░░░░░░]  82.9% 589824/711288 bytes... 
Writing at 0x0010545c [█████████████████████████░░░░░]  85.2% 606208/711288 bytes... 
Writing at 0x0010b848 [██████████████████████████░░░░]  87.5% 622592/711288 bytes... 
Writing at 0x001117b6 [██████████████████████████░░░░]  89.8% 638976/711288 bytes... 
Writing at 0x00117af2 [███████████████████████████░░░]  92.1% 655360/711288 bytes... 
Writing at 0x0011f200 [████████████████████████████░░]  94.4% 671744/711288 bytes... 
Writing at 0x00124c1f [█████████████████████████████░]  96.7% 688128/711288 bytes... 
Writing at 0x0012b34d [█████████████████████████████░]  99.0% 704512/711288 bytes... 
Writing at 0x0012dbb0 [██████████████████████████████] 100.0% 711288/711288 bytes... 
Wrote 1170352 bytes (711288 compressed) at 0x00010000 in 3.9 seconds (2373.5 kbit/s).
Verifying written data...
Hash of data verified.

Hard resetting via RTS pin...
========================= [SUCCESS] Took 15.57 seconds =========================
