Processing esp32-c3-supermini (platform: espressif32; board: esp32-c3-devkitm-1; framework: arduino)
--------------------------------------------------------------------------------
Verbose mode can be enabled via `-v, --verbose` option
CONFIGURATION: https://docs.platformio.org/page/boards/espressif32/esp32-c3-devkitm-1.html
PLATFORM: Espressif 32 (55.3.39) > Espressif ESP32-C3-DevKitM-1
HARDWARE: ESP32C3 160MHz, 320KB RAM, 4MB Flash
DEBUG: Current (cmsis-dap) External (cmsis-dap, esp-bridge, esp-builtin, esp-prog, esp-prog-2, iot-bus-jtag, jlink, minimodule, olimex-arm-usb-ocd, olimex-arm-usb-ocd-h, olimex-arm-usb-tiny-h, olimex-jtag-tiny, tumpa)
PACKAGES: 
 - contrib-piohome @ 3.4.4 
 - framework-arduinoespressif32 @ 3.3.9 
 - framework-arduinoespressif32-libs @ 5.5.4+sha.735507283d 
 - tool-esptoolpy @ 5.3.0 
 - tool-riscv32-esp-elf-gdb @ 17.1.0+20260402 
 - toolchain-riscv32-esp @ 14.2.0+20260121
*** WARNING: Windows Long Path Support is disabled ***
*** Enable it for better performance: ***
*** 1. Run as Administrator: gpedit.msc ***
*** 2. Navigate to: Computer Configuration > Administrative Templates > System > Filesystem ***
*** 3. Enable 'Enable Win32 long paths' ***
*** OR run PowerShell as Admin: ***
*** New-ItemProperty -Path 'HKLM:\SYSTEM\CurrentControlSet\Control\FileSystem' -Name 'LongPathsEnabled' -Value 1 -PropertyType DWORD -Force ***
*** Restart required after enabling ***
LDF: Library Dependency Finder -> https://bit.ly/configure-pio-ldf
LDF Modes: Finder ~ chain, Compatibility ~ soft
Found 45 compatible libraries
Scanning dependencies...
Dependency Graph
|-- GFX Library for Arduino @ 1.6.7
|-- ArduinoJson @ 7.4.3
|-- HTTPClient @ 3.3.9
|-- WiFi @ 3.3.9
|-- NetworkClientSecure @ 3.3.9
Building in release mode
Retrieving maximum program size .pio\build\esp32-c3-supermini\firmware.elf
Checking size .pio\build\esp32-c3-supermini\firmware.elf
Advanced Memory Usage is available via "PlatformIO Home > Project Inspect"
RAM:   [=         ]  11.8% (used 38628 bytes from 327680 bytes)
Flash: [========= ]  89.5% (used 1172787 bytes from 1310720 bytes)
Configuring upload protocol...
AVAILABLE: cmsis-dap, esp-bridge, esp-builtin, esp-prog, esp-prog-2, espota, esptool, iot-bus-jtag, jlink, minimodule, olimex-arm-usb-ocd, olimex-arm-usb-ocd-h, olimex-arm-usb-tiny-h, olimex-jtag-tiny, tumpa
CURRENT: upload_protocol = esptool
Looking for upload port...
Uploading .pio\build\esp32-c3-supermini\firmware.bin
esptool v5.3.0
Serial port COM3:
Connecting...
Connected to ESP32-C3 on COM3:
Chip type:          ESP32-C3 (QFN32) (revision v0.4)
Features:           Wi-Fi, BT 5 (LE), Single Core, 160MHz, Embedded Flash 4MB (XMC)
Crystal frequency:  40MHz
USB mode:           USB-Serial/JTAG
MAC:                9c:cc:01:7c:35:84

Uploading stub flasher...
Running stub flasher...
Stub flasher running.
Changing baud rate to 460800...
Changed.

Configuring flash size...
Auto-detected flash size: 4MB

Writing 'C:\Users\SHoene\Documents\PlatformIO\Projects\weather\.pio\build\esp32-c3-supermini\bootloader.bin' at 0x00000000...
SHA digest in image updated.
Flash will be erased from 0x00000000 to 0x00004fff...
Compressed 19520 bytes to 12705...

Writing at 0x00000000 [░░░░░░░░░░░░░░░░░░░░░░░░░░░░░░]   0.0% 0/12705 bytes... 

Writing at 0x00004c40 [██████████████████████████████] 100.0% 12705/12705 bytes... 
Wrote 19520 bytes (12705 compressed) at 0x00000000 in 0.2 seconds (1037.2 kbit/s).
Verifying written data...
Hash of data verified.

Writing 'C:\Users\SHoene\Documents\PlatformIO\Projects\weather\.pio\build\esp32-c3-supermini\partitions.bin' at 0x00008000...
Flash will be erased from 0x00008000 to 0x00008fff...
Compressed 3072 bytes to 146...

Writing at 0x00008000 [░░░░░░░░░░░░░░░░░░░░░░░░░░░░░░]   0.0% 0/146 bytes... 

Writing at 0x00008c00 [██████████████████████████████] 100.0% 146/146 bytes... 
Wrote 3072 bytes (146 compressed) at 0x00008000 in 0.0 seconds (3419.8 kbit/s).
Verifying written data...
Hash of data verified.

Writing 'C:\Users\SHoene\.platformio\packages\framework-arduinoespressif32\tools\partitions\boot_app0.bin' at 0x0000e000...
Flash will be erased from 0x0000e000 to 0x0000ffff...
Compressed 8192 bytes to 47...

Writing at 0x0000e000 [░░░░░░░░░░░░░░░░░░░░░░░░░░░░░░]   0.0% 0/47 bytes... 

Writing at 0x00010000 [██████████████████████████████] 100.0% 47/47 bytes... 
Wrote 8192 bytes (47 compressed) at 0x0000e000 in 0.0 seconds (2095.1 kbit/s).
Verifying written data...
Hash of data verified.

Writing '.pio\build\esp32-c3-supermini\firmware.bin' at 0x00010000...
Flash will be erased from 0x00010000 to 0x00137fff...
Compressed 1208640 bytes to 729281...

Writing at 0x00010000 [░░░░░░░░░░░░░░░░░░░░░░░░░░░░░░]   0.0% 0/729281 bytes... 

Writing at 0x0001d4a0 [░░░░░░░░░░░░░░░░░░░░░░░░░░░░░░]   2.2% 16384/729281 bytes... 

Writing at 0x0002aebf [█░░░░░░░░░░░░░░░░░░░░░░░░░░░░░]   4.5% 32768/729281 bytes... 

Writing at 0x000345ca [██░░░░░░░░░░░░░░░░░░░░░░░░░░░░]   6.7% 49152/729281 bytes... 

Writing at 0x0003c5cc [██░░░░░░░░░░░░░░░░░░░░░░░░░░░░]   9.0% 65536/729281 bytes... 

Writing at 0x00046da5 [███░░░░░░░░░░░░░░░░░░░░░░░░░░░]  11.2% 81920/729281 bytes... 

Writing at 0x0004ca16 [████░░░░░░░░░░░░░░░░░░░░░░░░░░]  13.5% 98304/729281 bytes... 

Writing at 0x000530c2 [████░░░░░░░░░░░░░░░░░░░░░░░░░░]  15.7% 114688/729281 bytes... 

Writing at 0x00059acb [█████░░░░░░░░░░░░░░░░░░░░░░░░░]  18.0% 131072/729281 bytes... 

Writing at 0x0005ffb2 [██████░░░░░░░░░░░░░░░░░░░░░░░░]  20.2% 147456/729281 bytes... 

Writing at 0x0006652a [██████░░░░░░░░░░░░░░░░░░░░░░░░]  22.5% 163840/729281 bytes... 

Writing at 0x0006d8c9 [███████░░░░░░░░░░░░░░░░░░░░░░░]  24.7% 180224/729281 bytes... 

Writing at 0x000739d2 [████████░░░░░░░░░░░░░░░░░░░░░░]  27.0% 196608/729281 bytes... 

Writing at 0x00079ec9 [████████░░░░░░░░░░░░░░░░░░░░░░]  29.2% 212992/729281 bytes... 

Writing at 0x0007ffce [█████████░░░░░░░░░░░░░░░░░░░░░]  31.5% 229376/729281 bytes... 

Writing at 0x0008601b [██████████░░░░░░░░░░░░░░░░░░░░]  33.7% 245760/729281 bytes... 

Writing at 0x0008c4c7 [██████████░░░░░░░░░░░░░░░░░░░░]  35.9% 262144/729281 bytes... 

Writing at 0x0009250b [███████████░░░░░░░░░░░░░░░░░░░]  38.2% 278528/729281 bytes... 

Writing at 0x000984d8 [████████████░░░░░░░░░░░░░░░░░░]  40.4% 294912/729281 bytes... 

Writing at 0x0009e62c [████████████░░░░░░░░░░░░░░░░░░]  42.7% 311296/729281 bytes... 

Writing at 0x000a3e57 [█████████████░░░░░░░░░░░░░░░░░]  44.9% 327680/729281 bytes... 

Writing at 0x000a9624 [██████████████░░░░░░░░░░░░░░░░]  47.2% 344064/729281 bytes... 

Writing at 0x000aef84 [██████████████░░░░░░░░░░░░░░░░]  49.4% 360448/729281 bytes... 

Writing at 0x000b4ea4 [███████████████░░░░░░░░░░░░░░░]  51.7% 376832/729281 bytes... 

Writing at 0x000bb0e1 [████████████████░░░░░░░░░░░░░░]  53.9% 393216/729281 bytes... 

Writing at 0x000c07cd [████████████████░░░░░░░░░░░░░░]  56.2% 409600/729281 bytes... 

Writing at 0x000c5f8a [█████████████████░░░░░░░░░░░░░]  58.4% 425984/729281 bytes... 

Writing at 0x000cbab4 [██████████████████░░░░░░░░░░░░]  60.7% 442368/729281 bytes... 

Writing at 0x000d1f22 [██████████████████░░░░░░░░░░░░]  62.9% 458752/729281 bytes... 

Writing at 0x000d79c1 [███████████████████░░░░░░░░░░░]  65.2% 475136/729281 bytes... 

Writing at 0x000dd584 [████████████████████░░░░░░░░░░]  67.4% 491520/729281 bytes... 

Writing at 0x000e3200 [████████████████████░░░░░░░░░░]  69.6% 507904/729281 bytes... 

Writing at 0x000e8f6c [█████████████████████░░░░░░░░░]  71.9% 524288/729281 bytes... 

Writing at 0x000ef3ef [██████████████████████░░░░░░░░]  74.1% 540672/729281 bytes... 

Writing at 0x000f56e9 [██████████████████████░░░░░░░░]  76.4% 557056/729281 bytes... 

Writing at 0x000fb83a [███████████████████████░░░░░░░]  78.6% 573440/729281 bytes... 

Writing at 0x00101c10 [████████████████████████░░░░░░]  80.9% 589824/729281 bytes... 

Writing at 0x00107b37 [████████████████████████░░░░░░]  83.1% 606208/729281 bytes... 

Writing at 0x0010dea9 [█████████████████████████░░░░░]  85.4% 622592/729281 bytes... 

Writing at 0x00113c3a [██████████████████████████░░░░]  87.6% 638976/729281 bytes... 

Writing at 0x00119c6b [██████████████████████████░░░░]  89.9% 655360/729281 bytes... 

Writing at 0x001218e5 [███████████████████████████░░░]  92.1% 671744/729281 bytes... 

Writing at 0x00127160 [████████████████████████████░░]  94.4% 688128/729281 bytes... 

Writing at 0x0012dc03 [████████████████████████████░░]  96.6% 704512/729281 bytes... 

Writing at 0x00133d1a [█████████████████████████████░]  98.9% 720896/729281 bytes... 

Writing at 0x00137140 [██████████████████████████████] 100.0% 729281/729281 bytes... 
Wrote 1208640 bytes (729281 compressed) at 0x00010000 in 3.9 seconds (2448.3 kbit/s).
Verifying written data...
Hash of data verified.

Hard resetting via RTS pin...
========================= [SUCCESS] Took 16.05 seconds =========================
