********************************************************************************
Obsolete PIO Core v6.1.19 is used (previous was 6.2.0)
Please remove multiple PIO Cores from a system:
https://docs.platformio.org/en/latest/core/installation/troubleshooting.html
********************************************************************************
Processing esp32-c3-supermini (platform: espressif32; board: esp32-c3-devkitm-1; framework: arduino)
--------------------------------------------------------------------------------
Verbose mode can be enabled via `-v, --verbose` option
CONFIGURATION: https://docs.platformio.org/page/boards/espressif32/esp32-c3-devkitm-1.html
PLATFORM: Espressif 32 (55.3.39) > Espressif ESP32-C3-DevKitM-1
HARDWARE: ESP32C3 160MHz, 320KB RAM, 4MB Flash
DEBUG: Current (cmsis-dap) External (cmsis-dap, esp-bridge, esp-builtin, esp-prog, esp-prog-2, iot-bus-jtag, jlink, minimodule, olimex-arm-usb-ocd, olimex-arm-usb-ocd-h, olimex-arm-usb-tiny-h, olimex-jtag-tiny, tumpa)
PACKAGES: 
 - contrib-piohome @ 3.4.4 
 - framework-arduinoespressif32 @ 3.3.9 
 - framework-arduinoespressif32-libs @ 5.5.4+sha.735507283d 
 - tool-esptoolpy @ 5.3.0 
 - tool-riscv32-esp-elf-gdb @ 17.1.0+20260402 
 - toolchain-riscv32-esp @ 14.2.0+20260121
*** WARNING: Windows Long Path Support is disabled ***
*** Enable it for better performance: ***
*** 1. Run as Administrator: gpedit.msc ***
*** 2. Navigate to: Computer Configuration > Administrative Templates > System > Filesystem ***
*** 3. Enable 'Enable Win32 long paths' ***
*** OR run PowerShell as Admin: ***
*** New-ItemProperty -Path 'HKLM:\SYSTEM\CurrentControlSet\Control\FileSystem' -Name 'LongPathsEnabled' -Value 1 -PropertyType DWORD -Force ***
*** Restart required after enabling ***
LDF: Library Dependency Finder -> https://bit.ly/configure-pio-ldf
LDF Modes: Finder ~ chain, Compatibility ~ soft
Found 47 compatible libraries
Scanning dependencies...
Dependency Graph
|-- GFX Library for Arduino @ 1.6.7
|-- ArduinoJson @ 7.4.3
|-- Adafruit GFX Library @ 1.12.6
|-- ESPmDNS @ 3.3.9
|-- HTTPClient @ 3.3.9
|-- Preferences @ 3.3.9
|-- WebServer @ 3.3.9
|-- WiFi @ 3.3.9
|-- NetworkClientSecure @ 3.3.9
Building in release mode
Retrieving maximum program size .pio\build\esp32-c3-supermini\firmware.elf
Checking size .pio\build\esp32-c3-supermini\firmware.elf
Advanced Memory Usage is available via "PlatformIO Home > Project Inspect"
RAM:   [=         ]  12.7% (used 41708 bytes from 327680 bytes)
Flash: [====      ]  42.4% (used 1332407 bytes from 3145728 bytes)
Configuring upload protocol...
AVAILABLE: cmsis-dap, esp-bridge, esp-builtin, esp-prog, esp-prog-2, espota, esptool, iot-bus-jtag, jlink, minimodule, olimex-arm-usb-ocd, olimex-arm-usb-ocd-h, olimex-arm-usb-tiny-h, olimex-jtag-tiny, tumpa
CURRENT: upload_protocol = esptool
Looking for upload port...
Uploading .pio\build\esp32-c3-supermini\firmware.bin
esptool v5.3.0
Serial port COM3:
Connecting...
Connected to ESP32-C3 on COM3:
Chip type:          ESP32-C3 (QFN32) (revision v0.4)
Features:           Wi-Fi, BT 5 (LE), Single Core, 160MHz, Embedded Flash 4MB (XMC)
Crystal frequency:  40MHz
USB mode:           USB-Serial/JTAG
MAC:                9c:cc:01:7c:35:84

Uploading stub flasher...
Running stub flasher...
Stub flasher running.
Changing baud rate to 460800...
Changed.

Configuring flash size...
Auto-detected flash size: 4MB

Writing 'C:\Users\SHoene\Documents\PlatformIO\Projects\weather\.pio\build\esp32-c3-supermini\bootloader.bin' at 0x00000000...
SHA digest in image updated.
Flash will be erased from 0x00000000 to 0x00004fff...
Compressed 19520 bytes to 12705...

Writing at 0x00000000 [░░░░░░░░░░░░░░░░░░░░░░░░░░░░░░]   0.0% 0/12705 bytes... 
Writing at 0x00004c40 [██████████████████████████████] 100.0% 12705/12705 bytes... 
Wrote 19520 bytes (12705 compressed) at 0x00000000 in 0.2 seconds (973.8 kbit/s).
Verifying written data...
Hash of data verified.

Writing 'C:\Users\SHoene\Documents\PlatformIO\Projects\weather\.pio\build\esp32-c3-supermini\partitions.bin' at 0x00008000...
Flash will be erased from 0x00008000 to 0x00008fff...
Compressed 3072 bytes to 137...

Writing at 0x00008000 [░░░░░░░░░░░░░░░░░░░░░░░░░░░░░░]   0.0% 0/137 bytes... 
Writing at 0x00008c00 [██████████████████████████████] 100.0% 137/137 bytes... 
Wrote 3072 bytes (137 compressed) at 0x00008000 in 0.0 seconds (5602.4 kbit/s).
Verifying written data...
Hash of data verified.

Writing 'C:\Users\SHoene\.platformio\packages\framework-arduinoespressif32\tools\partitions\boot_app0.bin' at 0x0000e000...
Flash will be erased from 0x0000e000 to 0x0000ffff...
Compressed 8192 bytes to 47...

Writing at 0x0000e000 [░░░░░░░░░░░░░░░░░░░░░░░░░░░░░░]   0.0% 0/47 bytes... 
Writing at 0x00010000 [██████████████████████████████] 100.0% 47/47 bytes... 
Wrote 8192 bytes (47 compressed) at 0x0000e000 in 0.0 seconds (2168.4 kbit/s).
Verifying written data...
Hash of data verified.

Writing '.pio\build\esp32-c3-supermini\firmware.bin' at 0x00010000...
Flash will be erased from 0x00010000 to 0x00160fff...
Compressed 1380208 bytes to 816735...

Writing at 0x00010000 [░░░░░░░░░░░░░░░░░░░░░░░░░░░░░░]   0.0% 0/816735 bytes... 
Writing at 0x0001d2c5 [░░░░░░░░░░░░░░░░░░░░░░░░░░░░░░]   2.0% 16384/816735 bytes... 
Writing at 0x0002b044 [█░░░░░░░░░░░░░░░░░░░░░░░░░░░░░]   4.0% 32768/816735 bytes... 
Writing at 0x00033cd4 [█░░░░░░░░░░░░░░░░░░░░░░░░░░░░░]   6.0% 49152/816735 bytes... 
Writing at 0x0004119a [██░░░░░░░░░░░░░░░░░░░░░░░░░░░░]   8.0% 65536/816735 bytes... 
Writing at 0x00048781 [███░░░░░░░░░░░░░░░░░░░░░░░░░░░]  10.0% 81920/816735 bytes... 
Writing at 0x00052006 [███░░░░░░░░░░░░░░░░░░░░░░░░░░░]  12.0% 98304/816735 bytes... 
Writing at 0x0005c296 [████░░░░░░░░░░░░░░░░░░░░░░░░░░]  14.0% 114688/816735 bytes... 
Writing at 0x00061fc4 [████░░░░░░░░░░░░░░░░░░░░░░░░░░]  16.0% 131072/816735 bytes... 
Writing at 0x000688fc [█████░░░░░░░░░░░░░░░░░░░░░░░░░]  18.1% 147456/816735 bytes... 
Writing at 0x0006ecc2 [██████░░░░░░░░░░░░░░░░░░░░░░░░]  20.1% 163840/816735 bytes... 
Writing at 0x0007536e [██████░░░░░░░░░░░░░░░░░░░░░░░░]  22.1% 180224/816735 bytes... 
Writing at 0x0007b542 [███████░░░░░░░░░░░░░░░░░░░░░░░]  24.1% 196608/816735 bytes... 
Writing at 0x00081e00 [███████░░░░░░░░░░░░░░░░░░░░░░░]  26.1% 212992/816735 bytes... 
Writing at 0x00089076 [████████░░░░░░░░░░░░░░░░░░░░░░]  28.1% 229376/816735 bytes... 
Writing at 0x0008f18f [█████████░░░░░░░░░░░░░░░░░░░░░]  30.1% 245760/816735 bytes... 
Writing at 0x00095612 [█████████░░░░░░░░░░░░░░░░░░░░░]  32.1% 262144/816735 bytes... 
Writing at 0x0009b820 [██████████░░░░░░░░░░░░░░░░░░░░]  34.1% 278528/816735 bytes... 
Writing at 0x000a194c [██████████░░░░░░░░░░░░░░░░░░░░]  36.1% 294912/816735 bytes... 
Writing at 0x000a7d7a [███████████░░░░░░░░░░░░░░░░░░░]  38.1% 311296/816735 bytes... 
Writing at 0x000ade64 [████████████░░░░░░░░░░░░░░░░░░]  40.1% 327680/816735 bytes... 
Writing at 0x000b3db1 [████████████░░░░░░░░░░░░░░░░░░]  42.1% 344064/816735 bytes... 
Writing at 0x000b9dd7 [█████████████░░░░░░░░░░░░░░░░░]  44.1% 360448/816735 bytes... 
Writing at 0x000bf7a9 [█████████████░░░░░░░░░░░░░░░░░]  46.1% 376832/816735 bytes... 
Writing at 0x000c4ffe [██████████████░░░░░░░░░░░░░░░░]  48.1% 393216/816735 bytes... 
Writing at 0x000ca9d0 [███████████████░░░░░░░░░░░░░░░]  50.2% 409600/816735 bytes... 
Writing at 0x000d05bf [███████████████░░░░░░░░░░░░░░░]  52.2% 425984/816735 bytes... 
Writing at 0x000d6a3e [████████████████░░░░░░░░░░░░░░]  54.2% 442368/816735 bytes... 
Writing at 0x000dcc3a [████████████████░░░░░░░░░░░░░░]  56.2% 458752/816735 bytes... 
Writing at 0x000e2484 [█████████████████░░░░░░░░░░░░░]  58.2% 475136/816735 bytes... 
Writing at 0x000e7d26 [██████████████████░░░░░░░░░░░░]  60.2% 491520/816735 bytes... 
Writing at 0x000ed651 [██████████████████░░░░░░░░░░░░]  62.2% 507904/816735 bytes... 
Writing at 0x000f3b65 [███████████████████░░░░░░░░░░░]  64.2% 524288/816735 bytes... 
Writing at 0x000f95b3 [███████████████████░░░░░░░░░░░]  66.2% 540672/816735 bytes... 
Writing at 0x000fef07 [████████████████████░░░░░░░░░░]  68.2% 557056/816735 bytes... 
Writing at 0x00104e1c [█████████████████████░░░░░░░░░]  70.2% 573440/816735 bytes... 
Writing at 0x0010a931 [█████████████████████░░░░░░░░░]  72.2% 589824/816735 bytes... 
Writing at 0x00110bc5 [██████████████████████░░░░░░░░]  74.2% 606208/816735 bytes... 
Writing at 0x00116dac [██████████████████████░░░░░░░░]  76.2% 622592/816735 bytes... 
Writing at 0x0011d1dc [███████████████████████░░░░░░░]  78.2% 638976/816735 bytes... 
Writing at 0x001233dd [████████████████████████░░░░░░]  80.2% 655360/816735 bytes... 
Writing at 0x001294ca [████████████████████████░░░░░░]  82.2% 671744/816735 bytes... 
Writing at 0x0012f7b2 [█████████████████████████░░░░░]  84.3% 688128/816735 bytes... 
Writing at 0x00135950 [█████████████████████████░░░░░]  86.3% 704512/816735 bytes... 
Writing at 0x0013b893 [██████████████████████████░░░░]  88.3% 720896/816735 bytes... 
Writing at 0x001417ca [███████████████████████████░░░]  90.3% 737280/816735 bytes... 
Writing at 0x0014909f [███████████████████████████░░░]  92.3% 753664/816735 bytes... 
Writing at 0x0014ec53 [████████████████████████████░░]  94.3% 770048/816735 bytes... 
Writing at 0x00155691 [████████████████████████████░░]  96.3% 786432/816735 bytes... 
Writing at 0x0015ba95 [█████████████████████████████░]  98.3% 802816/816735 bytes... 
Writing at 0x00160f70 [██████████████████████████████] 100.0% 816735/816735 bytes... 
Wrote 1380208 bytes (816735 compressed) at 0x00010000 in 4.7 seconds (2368.1 kbit/s).
Verifying written data...
Hash of data verified.

Hard resetting via RTS pin...
========================= [SUCCESS] Took 26.11 seconds =========================
