********************************************************************************
Obsolete PIO Core v6.1.19 is used (previous was 6.2.0)
Please remove multiple PIO Cores from a system:
https://docs.platformio.org/en/latest/core/installation/troubleshooting.html
********************************************************************************
Processing esp32-c3-supermini (platform: espressif32; board: esp32-c3-devkitm-1; framework: arduino)
--------------------------------------------------------------------------------
Verbose mode can be enabled via `-v, --verbose` option
CONFIGURATION: https://docs.platformio.org/page/boards/espressif32/esp32-c3-devkitm-1.html
PLATFORM: Espressif 32 (55.3.39) > Espressif ESP32-C3-DevKitM-1
HARDWARE: ESP32C3 160MHz, 320KB RAM, 4MB Flash
DEBUG: Current (cmsis-dap) External (cmsis-dap, esp-bridge, esp-builtin, esp-prog, esp-prog-2, iot-bus-jtag, jlink, minimodule, olimex-arm-usb-ocd, olimex-arm-usb-ocd-h, olimex-arm-usb-tiny-h, olimex-jtag-tiny, tumpa)
PACKAGES: 
 - contrib-piohome @ 3.4.4 
 - framework-arduinoespressif32 @ 3.3.9 
 - framework-arduinoespressif32-libs @ 5.5.4+sha.735507283d 
 - tool-esptoolpy @ 5.3.0 
 - tool-riscv32-esp-elf-gdb @ 17.1.0+20260402 
 - toolchain-riscv32-esp @ 14.2.0+20260121
*** WARNING: Windows Long Path Support is disabled ***
*** Enable it for better performance: ***
*** 1. Run as Administrator: gpedit.msc ***
*** 2. Navigate to: Computer Configuration > Administrative Templates > System > Filesystem ***
*** 3. Enable 'Enable Win32 long paths' ***
*** OR run PowerShell as Admin: ***
*** New-ItemProperty -Path 'HKLM:\SYSTEM\CurrentControlSet\Control\FileSystem' -Name 'LongPathsEnabled' -Value 1 -PropertyType DWORD -Force ***
*** Restart required after enabling ***
LDF: Library Dependency Finder -> https://bit.ly/configure-pio-ldf
LDF Modes: Finder ~ chain, Compatibility ~ soft
Found 47 compatible libraries
Scanning dependencies...
Dependency Graph
|-- GFX Library for Arduino @ 1.6.7
|-- ArduinoJson @ 7.4.3
|-- Adafruit GFX Library @ 1.12.6
|-- ESPmDNS @ 3.3.9
|-- HTTPClient @ 3.3.9
|-- Preferences @ 3.3.9
|-- WebServer @ 3.3.9
|-- WiFi @ 3.3.9
|-- NetworkClientSecure @ 3.3.9
Building in release mode
Compiling .pio\build\esp32-c3-supermini\src\main.cpp.o
Linking .pio\build\esp32-c3-supermini\firmware.elf
Firmware metrics can not be shown. Set the terminal codepage to "utf-8" or "cp65001" on Windows.
Retrieving maximum program size .pio\build\esp32-c3-supermini\firmware.elf
Checking size .pio\build\esp32-c3-supermini\firmware.elf
Advanced Memory Usage is available via "PlatformIO Home > Project Inspect"
RAM:   [=         ]  12.7% (used 41708 bytes from 327680 bytes)
Flash: [====      ]  42.0% (used 1321045 bytes from 3145728 bytes)
Building .pio\build\esp32-c3-supermini\firmware.bin
esptool v5.3.0
Creating ESP32-C3 image...
Merged 2 ELF sections.
Successfully created ESP32-C3 image.
Creating binary "firmware.factory.bin" with:
    Offset   | File
 -  0x0000   | bootloader.bin
 -  0x8000   | partitions.bin
 -  0xe000   | boot_app0.bin
 -  0x10000  | firmware.bin
Successfully created combined binary image.
Configuring upload protocol...
AVAILABLE: cmsis-dap, esp-bridge, esp-builtin, esp-prog, esp-prog-2, espota, esptool, iot-bus-jtag, jlink, minimodule, olimex-arm-usb-ocd, olimex-arm-usb-ocd-h, olimex-arm-usb-tiny-h, olimex-jtag-tiny, tumpa
CURRENT: upload_protocol = esptool
Looking for upload port...
Uploading .pio\build\esp32-c3-supermini\firmware.bin
esptool v5.3.0
Serial port COM3:
Connecting...
Connected to ESP32-C3 on COM3:
Chip type:          ESP32-C3 (QFN32) (revision v0.4)
Features:           Wi-Fi, BT 5 (LE), Single Core, 160MHz, Embedded Flash 4MB (XMC)
Crystal frequency:  40MHz
USB mode:           USB-Serial/JTAG
MAC:                9c:cc:01:7c:35:84

Uploading stub flasher...
Running stub flasher...
Stub flasher running.
Changing baud rate to 460800...
Changed.

Configuring flash size...
Auto-detected flash size: 4MB

Writing 'C:\Users\SHoene\Documents\PlatformIO\Projects\weather\.pio\build\esp32-c3-supermini\bootloader.bin' at 0x00000000...
SHA digest in image updated.
Flash will be erased from 0x00000000 to 0x00004fff...
Compressed 19520 bytes to 12705...

Writing at 0x00000000 [░░░░░░░░░░░░░░░░░░░░░░░░░░░░░░]   0.0% 0/12705 bytes... 
Writing at 0x00004c40 [██████████████████████████████] 100.0% 12705/12705 bytes... 
Wrote 19520 bytes (12705 compressed) at 0x00000000 in 0.1 seconds (1056.9 kbit/s).
Verifying written data...
Hash of data verified.

Writing 'C:\Users\SHoene\Documents\PlatformIO\Projects\weather\.pio\build\esp32-c3-supermini\partitions.bin' at 0x00008000...
Flash will be erased from 0x00008000 to 0x00008fff...
Compressed 3072 bytes to 137...

Writing at 0x00008000 [░░░░░░░░░░░░░░░░░░░░░░░░░░░░░░]   0.0% 0/137 bytes... 
Writing at 0x00008c00 [██████████████████████████████] 100.0% 137/137 bytes... 
Wrote 3072 bytes (137 compressed) at 0x00008000 in 0.0 seconds (3555.2 kbit/s).
Verifying written data...
Hash of data verified.

Writing 'C:\Users\SHoene\.platformio\packages\framework-arduinoespressif32\tools\partitions\boot_app0.bin' at 0x0000e000...
Flash will be erased from 0x0000e000 to 0x0000ffff...
Compressed 8192 bytes to 47...

Writing at 0x0000e000 [░░░░░░░░░░░░░░░░░░░░░░░░░░░░░░]   0.0% 0/47 bytes... 
Writing at 0x00010000 [██████████████████████████████] 100.0% 47/47 bytes... 
Wrote 8192 bytes (47 compressed) at 0x0000e000 in 0.0 seconds (2010.0 kbit/s).
Verifying written data...
Hash of data verified.

Writing '.pio\build\esp32-c3-supermini\firmware.bin' at 0x00010000...
Flash will be erased from 0x00010000 to 0x0015efff...
Compressed 1368448 bytes to 811531...

Writing at 0x00010000 [░░░░░░░░░░░░░░░░░░░░░░░░░░░░░░]   0.0% 0/811531 bytes... 
Writing at 0x0001d2e8 [░░░░░░░░░░░░░░░░░░░░░░░░░░░░░░]   2.0% 16384/811531 bytes... 
Writing at 0x0002b125 [█░░░░░░░░░░░░░░░░░░░░░░░░░░░░░]   4.0% 32768/811531 bytes... 
Writing at 0x00033c4d [█░░░░░░░░░░░░░░░░░░░░░░░░░░░░░]   6.1% 49152/811531 bytes... 
Writing at 0x0004055e [██░░░░░░░░░░░░░░░░░░░░░░░░░░░░]   8.1% 65536/811531 bytes... 
Writing at 0x00047cf8 [███░░░░░░░░░░░░░░░░░░░░░░░░░░░]  10.1% 81920/811531 bytes... 
Writing at 0x0005130d [███░░░░░░░░░░░░░░░░░░░░░░░░░░░]  12.1% 98304/811531 bytes... 
Writing at 0x0005b06d [████░░░░░░░░░░░░░░░░░░░░░░░░░░]  14.1% 114688/811531 bytes... 
Writing at 0x00060ee3 [████░░░░░░░░░░░░░░░░░░░░░░░░░░]  16.2% 131072/811531 bytes... 
Writing at 0x000676fd [█████░░░░░░░░░░░░░░░░░░░░░░░░░]  18.2% 147456/811531 bytes... 
Writing at 0x0006dac6 [██████░░░░░░░░░░░░░░░░░░░░░░░░]  20.2% 163840/811531 bytes... 
Writing at 0x00074341 [██████░░░░░░░░░░░░░░░░░░░░░░░░]  22.2% 180224/811531 bytes... 
Writing at 0x0007a4f0 [███████░░░░░░░░░░░░░░░░░░░░░░░]  24.2% 196608/811531 bytes... 
Writing at 0x00080ea3 [███████░░░░░░░░░░░░░░░░░░░░░░░]  26.2% 212992/811531 bytes... 
Writing at 0x00088255 [████████░░░░░░░░░░░░░░░░░░░░░░]  28.3% 229376/811531 bytes... 
Writing at 0x0008e3a7 [█████████░░░░░░░░░░░░░░░░░░░░░]  30.3% 245760/811531 bytes... 
Writing at 0x00094810 [█████████░░░░░░░░░░░░░░░░░░░░░]  32.3% 262144/811531 bytes... 
Writing at 0x0009a9c5 [██████████░░░░░░░░░░░░░░░░░░░░]  34.3% 278528/811531 bytes... 
Writing at 0x000a0a26 [██████████░░░░░░░░░░░░░░░░░░░░]  36.3% 294912/811531 bytes... 
Writing at 0x000a6ee2 [███████████░░░░░░░░░░░░░░░░░░░]  38.4% 311296/811531 bytes... 
Writing at 0x000acfb4 [████████████░░░░░░░░░░░░░░░░░░]  40.4% 327680/811531 bytes... 
Writing at 0x000b2f37 [████████████░░░░░░░░░░░░░░░░░░]  42.4% 344064/811531 bytes... 
Writing at 0x000b901c [█████████████░░░░░░░░░░░░░░░░░]  44.4% 360448/811531 bytes... 
Writing at 0x000be89e [█████████████░░░░░░░░░░░░░░░░░]  46.4% 376832/811531 bytes... 
Writing at 0x000c40fe [██████████████░░░░░░░░░░░░░░░░]  48.5% 393216/811531 bytes... 
Writing at 0x000c9a6c [███████████████░░░░░░░░░░░░░░░]  50.5% 409600/811531 bytes... 
Writing at 0x000cf863 [███████████████░░░░░░░░░░░░░░░]  52.5% 425984/811531 bytes... 
Writing at 0x000d5c57 [████████████████░░░░░░░░░░░░░░]  54.5% 442368/811531 bytes... 
Writing at 0x000dbe3a [████████████████░░░░░░░░░░░░░░]  56.5% 458752/811531 bytes... 
Writing at 0x000e15dc [█████████████████░░░░░░░░░░░░░]  58.5% 475136/811531 bytes... 
Writing at 0x000e6e16 [██████████████████░░░░░░░░░░░░]  60.6% 491520/811531 bytes... 
Writing at 0x000ec796 [██████████████████░░░░░░░░░░░░]  62.6% 507904/811531 bytes... 
Writing at 0x000f2c4d [███████████████████░░░░░░░░░░░]  64.6% 524288/811531 bytes... 
Writing at 0x000f8726 [███████████████████░░░░░░░░░░░]  66.6% 540672/811531 bytes... 
Writing at 0x000fdfb6 [████████████████████░░░░░░░░░░]  68.6% 557056/811531 bytes... 
Writing at 0x00103f26 [█████████████████████░░░░░░░░░]  70.7% 573440/811531 bytes... 
Writing at 0x00109a24 [█████████████████████░░░░░░░░░]  72.7% 589824/811531 bytes... 
Writing at 0x0010fcd4 [██████████████████████░░░░░░░░]  74.7% 606208/811531 bytes... 
Writing at 0x00115f63 [███████████████████████░░░░░░░]  76.7% 622592/811531 bytes... 
Writing at 0x0011c422 [███████████████████████░░░░░░░]  78.7% 638976/811531 bytes... 
Writing at 0x001224e4 [████████████████████████░░░░░░]  80.8% 655360/811531 bytes... 
Writing at 0x001285fc [████████████████████████░░░░░░]  82.8% 671744/811531 bytes... 
Writing at 0x0012e8d3 [█████████████████████████░░░░░]  84.8% 688128/811531 bytes... 
Writing at 0x00134ab2 [██████████████████████████░░░░]  86.8% 704512/811531 bytes... 
Writing at 0x0013a98a [██████████████████████████░░░░]  88.8% 720896/811531 bytes... 
Writing at 0x00140900 [███████████████████████████░░░]  90.9% 737280/811531 bytes... 
Writing at 0x001480bb [███████████████████████████░░░]  92.9% 753664/811531 bytes... 
Writing at 0x0014ddd8 [████████████████████████████░░]  94.9% 770048/811531 bytes... 
Writing at 0x0015474c [█████████████████████████████░]  96.9% 786432/811531 bytes... 
Writing at 0x0015ab45 [█████████████████████████████░]  98.9% 802816/811531 bytes... 
Writing at 0x0015e180 [██████████████████████████████] 100.0% 811531/811531 bytes... 
Wrote 1368448 bytes (811531 compressed) at 0x00010000 in 3.6 seconds (3032.8 kbit/s).
Verifying written data...
Hash of data verified.

Hard resetting via RTS pin...
========================= [SUCCESS] Took 40.20 seconds =========================
